================================================================================ 
Commit: 2060ffbbfe7f54c4abbc04592ebc2e8a07d5f607 
Author: ClientSysFWGit <clientsysfwgit@intel.com> 
Date: Wed Feb 18 16:11:13 2026 +0530 
-------------------------------------------------------------------------------- 
Added Doxygen folder and License.txt file for the PTL label 4063_02.

-------------------------------------------------------------------------------- 
[Changed Files]
Doxygen/BoardApi.chm
Doxygen/FspApi.chm
Doxygen/PantherLake_FSP_Integration_Guide.chm
Doxygen/PantherLake_FSP_Integration_Guide.pdf
Doxygen/PlatApi.chm
Doxygen/SiPkgApi.chm
LICENSE.txt
OneSiliconPkg/Fsp/FspDebugInit/Pei/Ia32/FspDebugServicePei.nasm
OneSiliconPkg/Fsp/FspDebugInit/Pei/X64/FspDebugServicePei.nasm
OneSiliconPkg/Product/PantherLake/SiPkgPcdInit.dsc
OneSiliconPkg/SiPkg.dec

================================================================================ 
Commit: eb623068003109a41e0b53eb7b3ba824f32bab08 
Author: ClientSysFWGit <clientsysfwgit@intel.com> 
Date: Wed Feb 18 15:23:22 2026 +0530 
-------------------------------------------------------------------------------- 
"PTL PantherLake_pantherlake_program_platform_Daily Daily Updating Version/ID: PantherLake_4063_02

Hsd-es-id: N/A"
Original commit date: Thu Feb 12 14:24:08 2026 +0000
Original commit hash: 8c45e464c1a2d0bb2448c5a33f0b992d95589b93

-------------------------------------------------------------------------------- 
[Changed Files]
OneSiliconPkg/Product/PantherLake/SiPkgPcdInit.dsc
PantherLakeBoardPkg/BiosId.env

================================================================================ 
Commit: a8014cf80c68c74f9dbb4a6549845d489c4d9af9 
Author: ClientSysFWGit <clientsysfwgit@intel.com> 
Date: Wed Feb 18 15:23:19 2026 +0530 
-------------------------------------------------------------------------------- 
Update MRC Release Notes and increment MRC build revision to 0.0.130.2

[Feature Description]
Updating MrcVersion.h and ReleaseNotes.

Package/Module:OneSiliconPkg/MemoryInit

[Impacted Platform]
All

Registers impacted: None

Hsd-es-id: 22018552565
Original commit date: Thu Feb 12 11:40:06 2026 +0000
Change-Id: I268f31163139e9a454cf9d991d9f51c522d67071
Original commit hash: a80b428f94cf8484965ef9dcb4f105b965c3228b

-------------------------------------------------------------------------------- 
[Changed Files]
OneSiliconPkg/IpBlock/MemoryInit/src/IncludePrivate/Ptl/MrcVersion.h

================================================================================ 
Commit: fdf0fbf8c8cca40e8136279604fcf727ab2a6771 
Author: ClientSysFWGit <clientsysfwgit@intel.com> 
Date: Wed Feb 18 15:23:15 2026 +0530 
-------------------------------------------------------------------------------- 
Force MC WAKE_ON_ZQCAL = 0

[Feature Description]
Set PM_SREF_CONTROL.WAKE_ON_ZQCAL = 0 in MC Init in case of LP5.

Package/Module: OneSiliconPkg/IpBlock/MemoryInit

[Impacted Platform]
ALL

Hsd-es-id: 14027049226
Original commit date: Thu Feb 12 10:41:13 2026 +0100
Change-Id: I6a0d56931f0e22731ad72a116666e612e0da2848
Original commit hash: 5e5e65e7efce1ac66f6aeb5e7c03c97284af4b11

-------------------------------------------------------------------------------- 
[Changed Files]
OneSiliconPkg/IpBlock/MemoryInit/src/ApiLib/IncludePublic/CBlueMrcCommonTypes.h
OneSiliconPkg/IpBlock/MemoryInit/src/HalLib/Ptl/BlueMrcHalRegisterAccess.c
OneSiliconPkg/IpBlock/MemoryInit/src/McLib/MrcSchedulerParameters.c
OneSiliconPkg/IpBlock/MemoryInit/src/McLib/Ptl/MrcMcHalHashes.c
OneSiliconPkg/IpBlock/MemoryInit/src/McLib/Ptl/MrcMcHalLimits.c
OneSiliconPkg/IpBlock/MemoryInit/src/McLib/Ptl/MrcMcHalOffsets.c

================================================================================ 
Commit: 2f4ea66d4cb0c43dc915dd7732767ce75d5cfac0 
Author: ClientSysFWGit <clientsysfwgit@intel.com> 
Date: Wed Feb 18 15:23:11 2026 +0530 
-------------------------------------------------------------------------------- 
SCT Fails HIITest\HIIConfigAccessProtocolTest

[Issue Description]
The failure in the SCT HIIConfigAccess test indicates a missing check
in the configuration flow.

[Resolution]
Call HiiIsConfigHdrMatch to validate the configuration protocol.

Package/Module:
Features

[Impacted Platform]
ALL

Hsd-es-id: 16029829544
Original commit date: Wed Feb 11 16:39:05 2026 -0800
Change-Id: I408aacccd6bae65f36f3a296e5d927257b58e498
Original commit hash: 565c08f66ad89eceb5959282217a59d5dcb693b9

-------------------------------------------------------------------------------- 
[Changed Files]
Features/Connectivity/CnvFeaturePkg/CnvVfrSetupMenu/CnvVfrSetupMenuHiiConfigAccess.c
Features/Manageability/MebxFeaturePkg/MebxSetup/MebxSetup.c

================================================================================ 
Commit: 79b72349958e0f12f0487bb8792c1e6c45c2fb95 
Author: ClientSysFWGit <clientsysfwgit@intel.com> 
Date: Wed Feb 18 15:23:07 2026 +0530 
-------------------------------------------------------------------------------- 
HSTI failure with dTPM

[Issue Description]
HSTI TPM locality and establishment fail with
InterfaceType 0xF (TIS)

[Resolution]
Expand FIFO test branch condition with TIS InterfaceType

Package/Module: PlatSamplePkg/HstiIhvDxe

[Impacted Platform]
ALL

Hsd-es-id: 18044190926
Original commit date: Wed Feb 4 08:13:19 2026 -0800
Change-Id: I238b032df5074c7913521ed3a39491a7fe2a4674
Original commit hash: c21da335dd5ae40448608221175134f260b592dd

-------------------------------------------------------------------------------- 
[Changed Files]
PantherLakePlatSamplePkg/Features/Hsti/HstiIhvDxe/MeasuredBootEnforcement.c

================================================================================ 
Commit: 97faf4b41d51b407ea2e2fbd50cef0199183d75f 
Author: ClientSysFWGit <clientsysfwgit@intel.com> 
Date: Wed Feb 18 15:23:04 2026 +0530 
-------------------------------------------------------------------------------- 
"PTL PantherLake_pantherlake_program_platform_Daily Daily Updating Version/ID: PantherLake_4063_01

Hsd-es-id: N/A"
Original commit date: Tue Feb 10 14:21:48 2026 +0000
Original commit hash: 0154d17fea00b9621c1d4248e5653d8e8ee64985

-------------------------------------------------------------------------------- 
[Changed Files]
OneSiliconPkg/Product/PantherLake/SiPkgPcdInit.dsc
PantherLakeBoardPkg/BiosId.env

================================================================================ 
Commit: b1e189353e9da135aba0b4df87099a4f040db469 
Author: ClientSysFWGit <clientsysfwgit@intel.com> 
Date: Wed Feb 18 15:23:00 2026 +0530 
-------------------------------------------------------------------------------- 
Update MRC Release Notes and increment MRC build revision to 0.0.130.1

[Feature Description]
Updating MrcVersion.h and ReleaseNotes.

Package/Module:OneSiliconPkg/MemoryInit

[Impacted Platform]
All

Registers impacted: None

Hsd-es-id: 22018552565
Original commit date: Tue Feb 10 13:09:42 2026 +0000
Original commit hash: 8c2d3bcf2894b7209b1abda420c05bf7d9b14b58

-------------------------------------------------------------------------------- 
[Changed Files]
OneSiliconPkg/IpBlock/MemoryInit/src/IncludePrivate/Ptl/MrcVersion.h

================================================================================ 
Commit: 1d1ae535fb8e301d6a588840cb9b59264549cdae 
Author: ClientSysFWGit <clientsysfwgit@intel.com> 
Date: Wed Feb 18 15:22:56 2026 +0530 
-------------------------------------------------------------------------------- 
Add MRC error message display support - MRC changes

[Feature Description]
Add ShowProgressBarMessage API calls to display MRC error messages on
VGA display during memory initialization

Package/Module: OneSiliconPkg/IpBlock/MemoryInit

[Impacted Platform]
ALL

Hsd-es-id: 18044196514
Original commit date: Mon Feb 9 10:23:07 2026 +0100
Change-Id: I4a43df07609740481e3b917cf81024524386c7ec
Original commit hash: 8c5ef180f9bb6b8a1ab120cac36caf59e086f67b

-------------------------------------------------------------------------------- 
[Changed Files]
OneSiliconPkg/IpBlock/DomainIGpu/LibraryPrivate/IGpuInit/IGpuInit.c
OneSiliconPkg/IpBlock/MemoryInit/IncludePrivate/CMemoryInitPtl.h
OneSiliconPkg/IpBlock/MemoryInit/LibraryPrivate/MemoryInitPtl.c

================================================================================ 
Commit: 07a22f239861da70acaa643b3cc0b1fff80e6d87 
Author: ClientSysFWGit <clientsysfwgit@intel.com> 
Date: Wed Feb 18 15:22:52 2026 +0530 
-------------------------------------------------------------------------------- 
Bluetooth UEFI Code Quality Issues in Stack Code

[Issue Description]
New Code Quality Issues in Stack Code like Integer Overflow

[Resolution]
Fix the Integer Overflow Issue reported in code quality

Package/Module:
Features/BluetoothPkg/BluetoothBusDxe

[Impacted Platform]
Default All

Hsd-es-id: 16029783336
Original commit date: Thu Feb 5 10:05:14 2026 +0530
Change-Id: Ib2bc469b0266016a543158433214a69f6409ff9c
Original commit hash: cf9c367fcdfd87ffd396ab65094edb1e4b54a08d

-------------------------------------------------------------------------------- 
[Changed Files]
Features/BluetoothPkg/BluetoothBusDxe/iLE/apps/src/uefi_app.c
Features/BluetoothPkg/BluetoothBusDxe/iLE/core/src/gap.c
Features/BluetoothPkg/BluetoothBusDxe/iLE/core/src/gatt_client.c
Features/BluetoothPkg/BluetoothBusDxe/iLE/mgr/src/profile_mgr.c
Features/BluetoothPkg/BluetoothBusDxe/iLE/mgr/src/service_mgr.c

================================================================================ 
Commit: 6ce88cbafbffec7a4a80e79807d235a3f961836b 
Author: ClientSysFWGit <clientsysfwgit@intel.com> 
Date: Wed Feb 18 15:22:48 2026 +0530 
-------------------------------------------------------------------------------- 
Update IGPU_PEI_PREMEM_CONFIG revision number

[Feature Description]
Structure of IGPU_PEI_PREMEM_CONFIG has been changed
So update IGPU_PEI_PREMEM_CONFIG_REVISION

Package/Module: Graphics

[Impacted Platform]
ALL

Hsd-es-id: 16029807913
Original commit date: Mon Feb 9 12:04:30 2026 +0530
Change-Id: Ie058d5c50ca14366245291fb9a2d6dc21287fa29
Original commit hash: a8292891794d70308dc78825137b63365e46a263

-------------------------------------------------------------------------------- 
[Changed Files]
OneSiliconPkg/Include/ConfigBlock/Graphics/Gen13/IGpuConfig.h

================================================================================ 
Commit: 6256585e3a23dcea8acb50b4bb9ba560f736d81c 
Author: ClientSysFWGit <clientsysfwgit@intel.com> 
Date: Wed Feb 18 15:22:44 2026 +0530 
-------------------------------------------------------------------------------- 
Rename GigUndi to uefi-ethernet-lan-i219

[Feature Description]
internal name gig undi is different wrt external name
Intel Ethernet Connection I219 PXE Software (UEFI Only)

Package/Module: BoardPkg

[Impacted Platform]
ALL

Hsd-es-id: 16029803595
Original commit date: Mon Feb 9 09:10:41 2026 +0530
Change-Id: I19717eb2fbddc628df80fa606eca8876022620d6
Original commit hash: 3e9a64261f4bbafe7ba81194bf0fcaf3870a104e

-------------------------------------------------------------------------------- 
[Changed Files]
PantherLakeBoardPkg/BoardPkgPcdUpdate.dsc

================================================================================ 
Commit: e967cbbb3116031f7fb03420643bce0c3a802d52 
Author: ClientSysFWGit <clientsysfwgit@intel.com> 
Date: Wed Feb 18 15:22:40 2026 +0530 
-------------------------------------------------------------------------------- 
BIOS is not loading GLAI method for CNVd device

[Issue Description]
BIOS is not loading GLAI method for CNVd device

[Resolution]
need to map correct rootport

Package/Module: BoardPkg

[Impacted Platform]
Default ALL

Hsd-es-id: 13014597861
Original commit date: Mon Feb 9 10:37:29 2026 +0530
Change-Id: I5c0415f6229027faa683c4a72858b8c06ce4e679
Original commit hash: 58848c7f9cdb12afaf18ff9f29bd3f07b55886d8

-------------------------------------------------------------------------------- 
[Changed Files]
PantherLakeBoardPkg/PantherLakeBoards/PantherLakeMobileBoards/BoardVpdPcdsInit/PtlUH/SkuIdPtlUHCammDTbTRvp2.dsc
PantherLakeBoardPkg/PantherLakeBoards/PantherLakeMobileBoards/BoardVpdPcdsInit/PtlUH/SkuIdPtlUHLp5Rvp1.dsc

================================================================================ 
Commit: a079127822d535c2065eeaee4bb075ac4d200572 
Author: ClientSysFWGit <clientsysfwgit@intel.com> 
Date: Wed Feb 18 15:22:36 2026 +0530 
-------------------------------------------------------------------------------- 
Remove HighMmio overlapcheck

[Feature Description]
Remove HighMmioBaseAddress overlapcheck
due to size constraints

Package/Module:MemorySubSystem

[Impacted Platform]
ALL

Hsd-es-id: 16029794276
Original commit date: Fri Feb 6 12:59:27 2026 +0530
Change-Id: Ida2b0aec460e4a14c11e5b96f7221d8aff93c407
Original commit hash: f88038c712cfd92505f373bffa98345138391add

-------------------------------------------------------------------------------- 
[Changed Files]
OneSiliconPkg/Fru/PtlCDie/LibraryPrivate/MemorySubSystemFruLib/PeiMemorySubSystemFruLib.c
OneSiliconPkg/Fru/PtlCDie/LibraryPrivate/MemorySubSystemFruLib/PeiMemorySubSystemFruLib.inf
OneSiliconPkg/IpBlock/MemorySubSystem/IncludePrivate/Library/MemorySubSystemInfoLib.h

================================================================================ 
Commit: 7b74f58e571d8c60fec00d360bb94f5f455cd8c0 
Author: ClientSysFWGit <clientsysfwgit@intel.com> 
Date: Wed Feb 18 15:22:32 2026 +0530 
-------------------------------------------------------------------------------- 
"PTL PantherLake_pantherlake_program_platform_Daily Daily Updating Version/ID: PantherLake_4063_00

Hsd-es-id: N/A"
Original commit date: Thu Feb 5 06:26:00 2026 +0000
Original commit hash: a873072f19c6ea55757ae8931c3909283c1855a0

-------------------------------------------------------------------------------- 
[Changed Files]
OneSiliconPkg/Product/PantherLake/SiPkgPcdInit.dsc
PantherLakeBoardPkg/BiosId.env

================================================================================ 
Commit: 43c25c61f41764dc4e6c04bf1c50106eebc839ee 
Author: ClientSysFWGit <clientsysfwgit@intel.com> 
Date: Wed Feb 18 15:22:28 2026 +0530 
-------------------------------------------------------------------------------- 
Add MRC error message display support for VGA Text and Graphics modes

[Feature Description]
Implement ShowProgressBarMessage API to display MRC error messages on
VGA display during memory initialization.
The feature supports both VGA Text Mode 3 (80x25) and Graphics Mode 12
(640x480), providing visual feedback for memory training errors.

Key changes:
- Added ShowProgressBarMessage() API in BaseIGpuInfoLib for displaying
  error messages from MRC Error Key Value Table
- Extended IGPU_DATA_HOB to store MrcErrorKeyValueTablePtr and
  GraphicsMode12FontPtr for message display support
- Implemented VgaGraphicsMode12WriteString() for rendering text strings
  in VGA Graphics Mode 12h with bounds checking
- Added MRC_ERROR_KEY enum in MemoryConfig.h with symbolic error codes
- Created static MRC error table with user-friendly error messages.
- Messages display 2 lines above progress bar with automatic clearing
support

This feature enhances early boot diagnostics by providing clear visual
feedback for memory initialization errors.

Package/Module:
DomainIGpu
MemoryInit

[Impacted Platform]
ALL

Hsd-es-id: 16029772249
Original commit date: Thu Jan 22 22:51:24 2026 +0530
Change-Id: I188639f1d7b6b9eeff094085a358a17beb29cfb3
Original commit hash: 96561190340f3bb9d79d7abdde355bd7a56c33f3

-------------------------------------------------------------------------------- 
[Changed Files]
OneSiliconPkg/Fsp/Include/BootLoaderPlatformData.h
OneSiliconPkg/Include/ConfigBlock/Graphics/Gen13/IGpuConfig.h
OneSiliconPkg/IpBlock/DomainIGpu/IncludePrivate/IGpuDataHob.h
OneSiliconPkg/IpBlock/DomainIGpu/IncludePrivate/Library/DomainIGpuInit.h
OneSiliconPkg/IpBlock/DomainIGpu/Library/BaseIGpuInfoLib/BaseIGpuInfoLib.c
OneSiliconPkg/IpBlock/DomainIGpu/LibraryPrivate/IGpuInit/PeiDisplayInitLib/PeiDisplayInitLib.c
PantherLakeFspPkg/Library/PeiPolicyUpdatePreMemLib/PeiSaPolicyUpdatePreMem.c
PantherLakeFspPkg/Upd/FspmUpd.dsc
PantherLakePlatSamplePkg/Library/PeiPolicyUpdateLib/PeiSaPolicyUpdate.h
PantherLakePlatSamplePkg/Library/PeiPolicyUpdateLib/PeiSaPolicyUpdatePreMem.c
PantherLakePlatSamplePkg/Library/PeiPolicyUpdateLib/PeiSaPolicyVgaInfo.c

================================================================================ 
Commit: 22d78a626190dd75546e0759e763ed69b03aa12d 
Author: ClientSysFWGit <clientsysfwgit@intel.com> 
Date: Wed Feb 18 15:22:24 2026 +0530 
-------------------------------------------------------------------------------- 
HIGH MMIO BASE from 1TB to 512 GB

[Feature Description]
HIGH MMIO BASE from 1TB to 512 GB
due to ACM limitation of upper limit

Package/Module:OneSiliconPkg

[Impacted Platform]
ALL

Hsd-es-id: 15018984043
Original commit date: Mon Feb 2 10:15:55 2026 +0530
Change-Id: I7dbc8513ebe774129db50684195a6efd4a1a4170
Original commit hash: 38185b7f855dc918126cb0d55806eb6984abf233

-------------------------------------------------------------------------------- 
[Changed Files]
OneSiliconPkg/Fru/PtlCDie/LibraryPrivate/MemorySubSystemFruLib/PeiMemorySubSystemFruLib.c
OneSiliconPkg/Fru/PtlCDie/LibraryPrivate/MemorySubSystemFruLib/PeiMemorySubSystemFruLib.inf
OneSiliconPkg/IpBlock/MemorySubSystem/IncludePrivate/Library/MemorySubSystemInfoLib.h

================================================================================ 
Commit: c611635d7df3ea98161af117bb67003975c1ebe5 
Author: ClientSysFWGit <clientsysfwgit@intel.com> 
Date: Wed Feb 18 15:22:20 2026 +0530 
-------------------------------------------------------------------------------- 
Remove interrupt configuration within the RTD3 methods

[Issue Description]
The touchpad is unable to enter the low power state.

[Resolution]
Remove the RTD3 code that configures the interrupt (INT) GPIO in IOAPIC mode.

Package/Module:
Features/I2cFeaturePkg

[Impacted Platform]
All

Hsd-es-id: 16029735016
Original commit date: Fri Jan 23 18:36:48 2026 +0530
Change-Id: Iffa145b0819f3f7c3a3d1552101332689760630a
Original commit hash: 8bf359024ad124c3edd0752c2f327d35b89146c1

-------------------------------------------------------------------------------- 
[Changed Files]
Features/I2cFeaturePkg/I2cTouchAcpiDxe/I2cTouchCommon/I2cRtd3MethodInclusion.asl

================================================================================ 
Commit: c1ccb3a9deaff3c4a68a1c1c103db0367be1f92f 
Author: ClientSysFWGit <clientsysfwgit@intel.com> 
Date: Wed Feb 18 15:22:16 2026 +0530 
-------------------------------------------------------------------------------- 
Halt TCO at early boot

[Issue Description]
TCO timeout occurs and system is restarted.

[Resolution]
Halt TCO in SEC.

Package/Module: OneSiliconPkg/PtlPcdSecLib

[Impacted Platform]
PTL

Hsd-es-id: 15018970769
Original commit date: Fri Jan 30 09:40:25 2026 +0100
Change-Id: I6f15e20ac726156a4d59a8cf5c867ff827fc0ea9
Original commit hash: b36c4121e5063897be5d3a079ecdd5a06da6d99a

-------------------------------------------------------------------------------- 
[Changed Files]
OneSiliconPkg/Fru/PtlPcd/Library/PtlPcdSecLib/PtlPcdSecLib.inf
OneSiliconPkg/Fru/PtlPcd/Library/PtlPcdSecLib/SecSocLib.c

================================================================================ 
Commit: edb88a8bea121b8dc2dd369ef91e64841a1296df 
Author: ClientSysFWGit <clientsysfwgit@intel.com> 
Date: Wed Feb 18 15:22:12 2026 +0530 
-------------------------------------------------------------------------------- 
HID override abnormal on current I2C TouchPad code.

[Issue Description]
The HID override behavior is not functioning as
expected. This may lead to incorrect handling o
f HID devices and impact user experience.

[Resolution]
Updated the HID override logic to ensure proper

Package/Module: I2cFeaturePkg

[Impacted Platform]
All

Hsd-es-id: 15018986154
Original commit date: Fri Jan 30 10:56:02 2026 +0530
Change-Id: I4c15060add72ef03f8c3d98b35d76c1788ff3eb0
Original commit hash: ce2e4b2373732a90f444abdb658fd3229d5749e0

-------------------------------------------------------------------------------- 
[Changed Files]
Features/I2cFeaturePkg/I2cTouchAcpiDxe/I2cTouchCommon/I2cTouchPad.asl
Features/I2cFeaturePkg/I2cTouchAcpiDxe/I2cTouchCommonV2/I2cTouchPad.asl

================================================================================ 
Commit: d175372f2ca245d5851822a5fbaae40de306a7f2 
Author: ClientSysFWGit <clientsysfwgit@intel.com> 
Date: Wed Feb 18 15:22:07 2026 +0530 
-------------------------------------------------------------------------------- 
update PEI_IGPU_PLATFORM_POLICY_PPI interface

[Feature Description]
Updated Max Active Display data member as per the
new design.
0 - Vbt Default
1 - 1 Active Display
2 - 2 Active Displays
other values are reserved.

Package/Module: IGPU

[Impacted Platform]
Default ALL

Hsd-es-id: 16029739326
Original commit date: Tue Jan 27 19:15:04 2026 +0530
Change-Id: Iced00ce47a045a0c1cb886cffd3e84d8a9bf9d64
Original commit hash: f77ce082950424ce6d657fd99e8773d13f154388

-------------------------------------------------------------------------------- 
[Changed Files]
OneSiliconPkg/Fsp/FspInit/Pei/FspInit.c
OneSiliconPkg/IpBlock/DomainIGpu/Include/Ppi/IGpuPlatformPolicyPpi.h
PantherLakeBoardPkg/BoardSupport/Library/PeiBoardConfigLib/PeiBoardConfigLib.c
PantherLakeOpenBoardPkg/BoardSupport/Library/PeiPolicyBoardConfigLib/PeiSaPolicyBoardConfig.c
PantherLakePlatSamplePkg/Library/PeiPolicyUpdateLib/PeiSaPolicyUpdate.c

================================================================================ 
Commit: 3864bd6b7028334ddd1789803b7a404fb9175911 
Author: ClientSysFWGit <clientsysfwgit@intel.com> 
Date: Wed Feb 18 15:21:58 2026 +0530 
-------------------------------------------------------------------------------- 
Removing DXE GOP Config driver

[Feature Description]
Removing DXE GOP Config driver as it is no
longer used.

Package/Module: GOP

[Impacted Platform]
Default ALL.

Hsd-es-id: 16029653762
Original commit date: Wed Jan 21 17:09:49 2026 +0530
Change-Id: I8416f63e11a18e592ba63d7430469991f62820ee
Original commit hash: f75d06fddd934eb95997e28ad9d35d6e21ccacb5

-------------------------------------------------------------------------------- 
[Changed Files]
PantherLakeBoardPkg/BoardPkg.fdf

================================================================================ 
Commit: 8e63f1f5791c65eee9fbbd9fcddd102ef3cf4baf 
Author: ClientSysFWGit <clientsysfwgit@intel.com> 
Date: Wed Feb 18 15:21:52 2026 +0530 
-------------------------------------------------------------------------------- 
Update the flow of GOP dispatching

[Issue Description]
When GraphicsPeimInFspDisable is set to true, Post
Mem GOP is dispatched after the end of PEI,
causing display issues in Post mem phase .

[Resolution]
Updated dispatch flow for PEI GOP Binary.

Package/Module: BoardPkg

[Impacted Platform]
Default ALL.

Hsd-es-id: 16029651984
Original commit date: Wed Jan 21 14:59:21 2026 +0530
Change-Id: I027dcdc304464721123c98541e85869de198f638
Original commit hash: 261c01e70e3f83b062b4756bbd265551c51de50b

-------------------------------------------------------------------------------- 
[Changed Files]
PantherLakeBoardPkg/BoardPkg.fdf

================================================================================ 
Commit: ef7c6071db472d567a20475dc559804ed284d31f 
Author: ClientSysFWGit <clientsysfwgit@intel.com> 
Date: Wed Feb 18 15:21:47 2026 +0530 
-------------------------------------------------------------------------------- 
Fix infinite LPE process with extended BIOS

[Issue Description]
After enable LPE in BIOS with extended BIOS enable,
infinite LPE process observed.

[Resolution]
When clear all NV variable action is selected,
PsLpeDisabled shall be invoked when erasing is failed.

Package/Module:
PlatformSanitizeFeaturePkg/PlatformSanitizeDxe

[Impacted Platform]
ALL

Hsd-es-id: 16029567946
Original commit date: Tue Jan 20 15:14:34 2026 +0800
Change-Id: Iac917752b541fc9f64d4b338fe68a115c7ad59f4
Original commit hash: 0bb8ffd503a4889b62d2b2f03e05e4c55e9bcd24

-------------------------------------------------------------------------------- 
[Changed Files]
Features/Manageability/PlatformSanitizeFeaturePkg/PlatformSanitizeDxe/PlatformSanitizeService.c

================================================================================ 
Commit: 8b813e073e8a3e1afdab5e95a1bbf7f6ed747419 
Author: ClientSysFWGit <clientsysfwgit@intel.com> 
Date: Wed Feb 18 15:21:39 2026 +0530 
-------------------------------------------------------------------------------- 
BIOS should keep reading retimer when PD is already in TBT mode

[Issue Description]
BIOS will skip the whole reading flow when PD is already in TBT mode

[Resolution]
if the function return error as EFI_ALREADY_STARTED, it means that
PD is already in TBT mode. BIOS should keep executing following steps.

Package/Module:
DxeFirmwareVersionInfoLib

[Impacted Platform]
PTL.

Hsd-es-id: 15018907922
Original commit date: Tue Jan 13 15:03:23 2026 +0800
Change-Id: Iec7d864d054bf2bfc41e598cabe677903423de73
Original commit hash: 3a8153915b5b699b39a42ca14d487826a8a82348

-------------------------------------------------------------------------------- 
[Changed Files]
PantherLakePlatSamplePkg/Library/DxeFirmwareVersionInfoLib/DxeFirmwareVersionInfoLib.c

================================================================================ 
Commit: a66b697263daaf6509c18d122774de3113d0659c 
Author: ClientSysFWGit <clientsysfwgit@intel.com> 
Date: Wed Feb 18 15:21:32 2026 +0530 
-------------------------------------------------------------------------------- 
Update MRC Green Payload for MRC build revision 0.0.130.0

[Feature Description]
Updating MrcVersion.h and ReleaseNotes.

Package/Module:OneSiliconPkg/MemoryInit

[Impacted Platform]
All

Registers impacted: None

Hsd-es-id: 22018552565
Original commit date: Tue Feb 3 04:52:39 2026 -0800
Original commit hash: 2de4ceeff1dffb78bf92d59ad9c0cb51faaf2ab9

-------------------------------------------------------------------------------- 
[Changed Files]
OneSiliconPkg/IpBlock/MemoryInit/src/UcManagement/Ptl/MrcUcPayloadData.c

================================================================================ 
Commit: 7cfff3794089ab7494d44165a78e879636d70d8f 
Author: ClientSysFWGit <clientsysfwgit@intel.com> 
Date: Wed Feb 18 15:21:27 2026 +0530 
-------------------------------------------------------------------------------- 
PTL MRC increment 0.0.130.0

[Feature Description]
Update Program-P Platform BIOS with Program-P MRC drop 0.0.130.0.

Package/Module: OneSiliconPkg/IpBlock/MemoryInit

[Impacted Platform]
All

Hsd-es-id: 18044187826
Original commit date: Fri Jan 30 11:46:40 2026 +0100
Change-Id: I48e39632fd666cf2162aa0f39fc5ba721ece2270
Original commit hash: 2ef91f18ce82b41da42bd9eceaf21c5021827995

-------------------------------------------------------------------------------- 
[Changed Files]
OneSiliconPkg/IpBlock/MemoryInit/LibraryPrivate/MemoryInitPtl.c
OneSiliconPkg/IpBlock/MemoryInit/src/IncludePrivate/Ptl/MrcVersion.h
OneSiliconPkg/IpBlock/MemoryInit/src/McLib/MrcPowerMetering.c
OneSiliconPkg/IpBlock/MemoryInit/src/MemoryTypes/MrcDdr5Settings.h
OneSiliconPkg/IpBlock/MemoryInit/src/MemoryTypes/Ptl/MrcDdr5Settings.c

================================================================================ 
Commit: 7041f5a4aeb3d0ec24e0315c4e73b37ee42cc16c 
Author: ClientSysFWGit <clientsysfwgit@intel.com> 
Date: Wed Feb 18 15:21:22 2026 +0530 
-------------------------------------------------------------------------------- 
Update MRC Release Notes and increment MRC build revision to 0.0.128.1

[Feature Description]
Updating MrcVersion.h and ReleaseNotes.

Package/Module:OneSiliconPkg/MemoryInit

[Impacted Platform]
All

Registers impacted: None

Hsd-es-id: 22018552565
Original commit date: Tue Feb 3 10:12:13 2026 +0000
Original commit hash: 17356743101180af85662963b882209258b086f4

-------------------------------------------------------------------------------- 
[Changed Files]
OneSiliconPkg/IpBlock/MemoryInit/src/IncludePrivate/Ptl/MrcVersion.h
OneSiliconPkg/IpBlock/MemoryInit/src/UcManagement/Ptl/MrcUcPayloadData.c

================================================================================ 
Commit: 716eb6678c098ea4870d8e14ff6a8854060cedb0 
Author: ClientSysFWGit <clientsysfwgit@intel.com> 
Date: Wed Feb 18 15:21:17 2026 +0530 
-------------------------------------------------------------------------------- 
[PTL] Add External Input parameters for NN Flex Initial Analog Settings

[Feature Description]
Support ability to adjust NN flex feature settings.
Allow overriding NN flex settings when FlexibleAnalogSettings is on.
Override knobs are organized in 3 groups - PHY / LP5 / DDR5.
Each group has a bitmask of override enables (LP5/DDR5 share the same
bitmask): NnFlexPhyOvrdMask and NnFlexDramOvrdMask.

Package/Module: OneSiliconPkg/IpBlock/MemoryInit

[Impacted Platform]
All

Hsd-es-id: 13014518924
Original commit date: Mon Jan 26 15:22:59 2026 +0200
Change-Id: I24a5637ecb978978392b47c88b659cb1ddcf59d2
Original commit hash: 894e4251a0c191cd883e1eaec40dff15d07995a2

-------------------------------------------------------------------------------- 
[Changed Files]
OneSiliconPkg/IpBlock/MemoryInit/Library/PeiMemPolicyLib/InputBlock/Ptl/MrcInputBlock.c
OneSiliconPkg/IpBlock/MemoryInit/LibraryPrivate/MemoryInitPtl.c
OneSiliconPkg/IpBlock/MemoryInit/src/ApiLib/BlueMrcGeneral.c
OneSiliconPkg/IpBlock/MemoryInit/src/IncludePublic/Ptl/CMrcExtInputs.h
OneSiliconPkg/IpBlock/MemoryInit/src/IncludePublic/Ptl/CMrcExtTypes.h
OneSiliconPkg/IpBlock/MemoryInit/src/MemoryTypes/MrcDdr5.c
OneSiliconPkg/IpBlock/MemoryInit/src/MemoryTypes/MrcDdr5.h
OneSiliconPkg/IpBlock/MemoryInit/src/MemoryTypes/MrcDdr5Private.h
OneSiliconPkg/IpBlock/MemoryInit/src/MemoryTypes/MrcLpddr5.c
OneSiliconPkg/IpBlock/MemoryInit/src/MemoryTypes/Ptl/MrcDdr5Settings.c
OneSiliconPkg/IpBlock/MemoryInit/src/MemoryTypes/Ptl/MrcLpddr5Settings.c
PantherLakeBoardPkg/Include/Dsc/HiiStructurePcd.dsc
PantherLakeFspPkg/Library/PeiPolicyUpdatePreMemLib/PeiSaPolicyUpdatePreMem.c
PantherLakeFspPkg/Upd/FspmUpd.dsc
PantherLakeFspPkg/Upd/UpdList/FSPM.txt
PantherLakePlatSamplePkg/Include/SetupVariable.h
PantherLakePlatSamplePkg/Library/PeiPolicyUpdateLib/PeiSaPolicyUpdatePreMem.c
PantherLakePlatSamplePkg/Setup/SaSetup.hfr
PantherLakePlatSamplePkg/Setup/SaSetup.uni

================================================================================ 
Commit: 51316339b3635b6cb2ac56a3a8460ef71394bb1b 
Author: ClientSysFWGit <clientsysfwgit@intel.com> 
Date: Wed Feb 18 15:21:09 2026 +0530 
-------------------------------------------------------------------------------- 
Update MRC Green Payload for MRC build revision 0.0.128.0

[Feature Description]
Updating MrcVersion.h and ReleaseNotes.

Package/Module:OneSiliconPkg/MemoryInit

[Impacted Platform]
All

Registers impacted: None

Hsd-es-id: 22018552565
Original commit date: Thu Jan 29 07:49:44 2026 -0800
Original commit hash: 310635aea0659ee444f69825f2f346c3f8a49646

-------------------------------------------------------------------------------- 
[Changed Files]
OneSiliconPkg/IpBlock/MemoryInit/src/UcManagement/Ptl/MrcUcPayloadData.c

================================================================================ 
Commit: 2dc2742cc188e890a955beeaa3f673d92eb9fa0e 
Author: ClientSysFWGit <clientsysfwgit@intel.com> 
Date: Wed Feb 18 15:21:04 2026 +0530 
-------------------------------------------------------------------------------- 
PTL MRC increment 0.0.128.0

[Feature Description]
Update Program-P Platform BIOS with Program-P MRC drop 0.0.128.0.

Package/Module: OneSiliconPkg/IpBlock/MemoryInit

[Impacted Platform]
All

Hsd-es-id: 18044162276
Original commit date: Wed Jan 21 15:26:17 2026 +0100
Change-Id: I3fdc6f70d0586f9d9badd2887b6361bc09fef5d7
Original commit hash: dd29708708d99a877c10892f0f5a2e4b32b34c33

-------------------------------------------------------------------------------- 
[Changed Files]
OneSiliconPkg/IpBlock/MemoryInit/Include/CMrcInterface.h
OneSiliconPkg/IpBlock/MemoryInit/src/IncludePrivate/Ptl/MrcVersion.h
OneSiliconPkg/IpBlock/MemoryInit/src/MemoryTypes/Ptl/MrcDdr5Settings.c
OneSiliconPkg/IpBlock/MemoryInit/src/ServicesLib/MrcCommon.c
OneSiliconPkg/IpBlock/MemoryInit/src/ServicesLib/MrcCrosser.h

================================================================================ 
Commit: eff9745a48674ab38b9aa79b876c28e676664cc9 
Author: ClientSysFWGit <clientsysfwgit@intel.com> 
Date: Wed Feb 18 15:20:59 2026 +0530 
-------------------------------------------------------------------------------- 
Update MRC Release Notes and increment MRC build revision to 0.0.126.3

[Feature Description]
Updating MrcVersion.h and ReleaseNotes.

Package/Module:OneSiliconPkg/MemoryInit

[Impacted Platform]
All

Registers impacted: None

Hsd-es-id: 22018552565
Original commit date: Wed Jan 21 13:15:31 2026 +0000
Original commit hash: f4517ce6357e91aae322ab4e1b036d4f344247a4

-------------------------------------------------------------------------------- 
[Changed Files]
OneSiliconPkg/IpBlock/MemoryInit/src/IncludePrivate/Ptl/MrcVersion.h

================================================================================ 
Commit: c82febfa5dbadaf0897c98cdacdf954972646f42 
Author: ClientSysFWGit <clientsysfwgit@intel.com> 
Date: Wed Feb 18 15:20:54 2026 +0530 
-------------------------------------------------------------------------------- 
Fix maximum frequency for PTL-U LPCAMM

[Feature Description]
PTL-U LPCAMM maximum frequency should be limited to 6800.

Package/Module: OneSiliconPkg/IpBlock/MemoryInit

[Impacted Platform]
All

Hsd-es-id: 18044155359
Original commit date: Mon Jan 19 19:39:53 2026 +0100
Change-Id: Id71c5774d1f2067764b38d0b52cd8d4744086a11
Original commit hash: 95a4eebac717f6d43053e285c5510c9cb8afb95b

-------------------------------------------------------------------------------- 
[Changed Files]
OneSiliconPkg/IpBlock/MemoryInit/src/PmaLib/Ptl/MrcPmaApiPtl.c

================================================================================ 
Commit: 6fe04f3fb5ee4e0569a487976bf13cbca5dcd266 
Author: ClientSysFWGit <clientsysfwgit@intel.com> 
Date: Wed Feb 18 15:20:49 2026 +0530 
-------------------------------------------------------------------------------- 
Update MRC Release Notes and increment MRC build revision to 0.0.126.2

[Feature Description]
Updating MrcVersion.h and ReleaseNotes.

Package/Module:OneSiliconPkg/MemoryInit

[Impacted Platform]
All

Registers impacted: None

Hsd-es-id: 22018552565
Original commit date: Wed Jan 21 12:17:33 2026 +0000
Original commit hash: a65c926c2d738755b76bc1a644e054bafae7a64f

-------------------------------------------------------------------------------- 
[Changed Files]
OneSiliconPkg/IpBlock/MemoryInit/src/IncludePrivate/Ptl/MrcVersion.h
OneSiliconPkg/IpBlock/MemoryInit/src/UcManagement/Ptl/MrcUcPayloadData.c

================================================================================ 
Commit: b1a5c19fae7842246867ee5d49cafb7da2e6e982 
Author: ClientSysFWGit <clientsysfwgit@intel.com> 
Date: Wed Feb 18 15:20:43 2026 +0530 
-------------------------------------------------------------------------------- 
Add BIOS knob to enable Write Drive Strength Training at 2400

[Feature Description]
Add a new external input policy (ForceWRDSEQT2400) to allow OEMs
to force enable the Write Drive Strength training at 2400.

Package/Module: OneSiliconPkg/IpBlock/MemoryInit

[Impacted Platform]
All

Hsd-es-id: 18044106022
Original commit date: Thu Jan 15 13:36:41 2026 +0100
Change-Id: I7b067e818be6dc4f622eb2bf04954a286babffc2
Original commit hash: 388d764cb6dae214ce99154c1ef6bc2952207bc7

-------------------------------------------------------------------------------- 
[Changed Files]
OneSiliconPkg/IpBlock/MemoryInit/Library/PeiMemPolicyLib/InputBlock/Ptl/MrcInputBlock.c
OneSiliconPkg/IpBlock/MemoryInit/src/ApiLib/BlueMrcGeneral.c
OneSiliconPkg/IpBlock/MemoryInit/src/IncludePublic/Ptl/CMrcExtInputs.h
PantherLakeBoardPkg/Include/Dsc/HiiStructurePcd.dsc
PantherLakeFspPkg/Library/PeiPolicyUpdatePreMemLib/PeiSaPolicyUpdatePreMem.c
PantherLakeFspPkg/Upd/FspmUpd.dsc
PantherLakeFspPkg/Upd/UpdList/FSPM.txt
PantherLakePlatSamplePkg/Include/SetupVariable.h
PantherLakePlatSamplePkg/Library/PeiPolicyUpdateLib/PeiSaPolicyUpdatePreMem.c
PantherLakePlatSamplePkg/Setup/SaSetup.hfr
PantherLakePlatSamplePkg/Setup/SaSetup.uni

================================================================================ 
Commit: ff5a6c319400173e4ff75e29e771fa4286d2cb9f 
Author: ClientSysFWGit <clientsysfwgit@intel.com> 
Date: Wed Feb 18 15:20:28 2026 +0530 
-------------------------------------------------------------------------------- 
"PTL PantherLake_pantherlake_program_platform_Daily Daily Updating Version/ID: PantherLake_4015_03

Hsd-es-id: N/A"
Original commit date: Mon Jan 19 12:25:12 2026 +0000
Original commit hash: 1efc48c68649187c9efc1208ec54e0029b0b2ab9

-------------------------------------------------------------------------------- 
[Changed Files]
Doxygen/BoardApi.chm
Doxygen/FspApi.chm
Doxygen/PantherLake_FSP_Integration_Guide.chm
Doxygen/PantherLake_FSP_Integration_Guide.pdf
Doxygen/PlatApi.chm
Doxygen/SiPkgApi.chm
LICENSE.txt
OneSiliconPkg/Product/PantherLake/SiPkgPcdInit.dsc
