================================================================================ 
Commit: a092da96a0fc813f6d16d74d4c3560d8614842b5 
Author: Kuppa Omkar <omkar.kuppa@intel.com> 
Date: Tue Apr 21 14:40:31 2026 +0530 
-------------------------------------------------------------------------------- 
Added Doxygen and License file for PTL 4103_01 label.

-------------------------------------------------------------------------------- 
[Changed Files]
Doxygen/BoardApi.chm
Doxygen/FspApi.chm
Doxygen/PantherLake_FSP_Integration_Guide.chm
Doxygen/PantherLake_FSP_Integration_Guide.pdf
Doxygen/PlatApi.chm
Doxygen/SiPkgApi.chm
Features/HestFeaturePkg/HestDxe/HestDxe.c
Features/HestFeaturePkg/HestDxe/HestDxe.inf
Features/HestFeaturePkg/HestFeaturePkg.dec
Features/HestFeaturePkg/HestFeaturePkg.dsc
Features/HestFeaturePkg/Include/HestFeature.dsc
Features/HestFeaturePkg/Readme.md
LICENSE.txt
OneSiliconPkg/Product/PantherLake/SiPkgPcdInit.dsc
OneSiliconPkg/SiPkg.dec

================================================================================ 
Commit: 480826891c87418ff867e2e37749a6d2162d6f77 
Author: ClientSysFWGit <clientsysfwgit@intel.com> 
Date: Wed Mar 18 15:23:11 2026 +0530 
-------------------------------------------------------------------------------- 
"PTL PantherLake_pantherlake_program_platform_Daily Daily Updating Version/ID: PantherLake_4103_01

Hsd-es-id: N/A"
Original commit date: Tue Mar 10 06:55:50 2026 +0000
Original commit hash: faeeca93966bfaa66fe808a880647805df0dace9



-------------------------------------------------------------------------------- 
[Changed Files]
OneSiliconPkg/Product/PantherLake/SiPkgPcdInit.dsc
PantherLakeBoardPkg/BiosId.env

================================================================================ 
Commit: 2c378f94b3c50ce7b345f873c618cbd895133047 
Author: ClientSysFWGit <clientsysfwgit@intel.com> 
Date: Wed Mar 18 15:23:06 2026 +0530 
-------------------------------------------------------------------------------- 
[SOC I/O] Update the Gbe Write region Lock flow.

[Feature Description]
Bios should update the condition to check if MAC is valid

Package/Module:
OneSiliconPkg/Fru
OneSiliconPkg/IpBlock

[Impacted Platform]
All

Hsd-es-id: 15019133750
Original commit date: Mon Mar 9 12:21:14 2026 +0530
Change-Id: Icbeab82537af99cc56880519944801918f8be27c
Original commit hash: ef2ff28e53179594032b5ae3ec6957b6eda4c1a1



-------------------------------------------------------------------------------- 
[Changed Files]
OneSiliconPkg/Fru/PtlPcd/LibraryPrivate/PtlPcdPeiInitLib/PtlPcdEndOfPei.c
OneSiliconPkg/IpBlock/Gbe/IncludePrivate/Library/PeiGbeInitLib.h
OneSiliconPkg/IpBlock/Gbe/IncludePrivate/Register/GbeRegs.h
OneSiliconPkg/IpBlock/Gbe/LibraryPrivate/PeiGbeInitLib/PeiGbeInitLib.c

================================================================================ 
Commit: 3cbe9cac000f2b67c9fa4ccb93adbfb7d3bf90ba 
Author: ClientSysFWGit <clientsysfwgit@intel.com> 
Date: Wed Mar 18 15:22:59 2026 +0530 
-------------------------------------------------------------------------------- 
[SOC I/O] Updating the SLP_A flow

[Issue Description]
The register was being programmed with a hardcoded value, conflicting with policy-driven configuration.

[Resolution]
Remove the hardcoding and program the register as per policy.

Package/Module: OneSiliconPkg/Fru

[Impacted Platform]
ALL

Hsd-es-id: 15019133126
Original commit date: Mon Mar 9 14:36:39 2026 +0530
Change-Id: I72f1ef1695e8dc09c030f1c7b6a277debb9275d9
Original commit hash: 4ed9cb1736f0d21a1e8761d5ebd0852efb320747



-------------------------------------------------------------------------------- 
[Changed Files]
OneSiliconPkg/Fru/PtlPcd/LibraryPrivate/PtlPcdPeiInitLib/PtlPcdPmc.c

================================================================================ 
Commit: 932f02194eeb18f6de41e20f3c184015c11e0557 
Author: ClientSysFWGit <clientsysfwgit@intel.com> 
Date: Wed Mar 18 15:22:54 2026 +0530 
-------------------------------------------------------------------------------- 
Update WifiProfileSync bit from AMT_BOOT_CONTROL to Reserved

[Feature Description]
WifiProfileSync (Bit 5) is unused by CSME so should be updated
to Reserved

Package/Module: OneSiliconPkg

[Impacted Platform]
All

Hsd-es-id: 14027287920
Original commit date: Fri Mar 6 20:35:07 2026 -0800
Change-Id: Ie817f5dcb97ac853536f2a426e72bda3362a89f9
Original commit hash: b01cd7557af5d98301695714cfa98f158bb710b3



-------------------------------------------------------------------------------- 
[Changed Files]
OneSiliconPkg/Include/AsfMsgs.h

================================================================================ 
Commit: 8540441510d375389076afccf6804db817ecfdcc 
Author: ClientSysFWGit <clientsysfwgit@intel.com> 
Date: Wed Mar 18 15:22:49 2026 +0530 
-------------------------------------------------------------------------------- 
"PTL PantherLake_pantherlake_program_platform_Daily Daily Updating Version/ID: PantherLake_4103_00

Hsd-es-id: N/A"
Original commit date: Wed Mar 4 11:13:44 2026 +0000
Original commit hash: edf6fb13199e3752d28ac169c5b29b9f1feaf04a



-------------------------------------------------------------------------------- 
[Changed Files]
OneSiliconPkg/Product/PantherLake/SiPkgPcdInit.dsc
PantherLakeBoardPkg/BiosId.env

================================================================================ 
Commit: 480541f95dabc5c725387c68bd60c8cea56d1e1d 
Author: ClientSysFWGit <clientsysfwgit@intel.com> 
Date: Wed Mar 18 15:22:44 2026 +0530 
-------------------------------------------------------------------------------- 
Revert ""PTL PantherLake_pantherlake_program_platform_Daily Daily Updating Version/ID: PantherLake_4063_03"


Wed Mar 4 16:30:41 2026 +0530
Original commit date: Wed Mar 4 16:30:41 2026 +0530
Original commit hash: 65fb09da64bc578ac4201c0f8c38a0f19b5cd80f



-------------------------------------------------------------------------------- 
[Changed Files]
OneSiliconPkg/Product/PantherLake/SiPkgPcdInit.dsc
PantherLakeBoardPkg/BiosId.env

================================================================================ 
Commit: d08977bb7128e06e195be4b4fc8d6e062eb4e76c 
Author: ClientSysFWGit <clientsysfwgit@intel.com> 
Date: Wed Mar 18 15:22:39 2026 +0530 
-------------------------------------------------------------------------------- 
"PTL PantherLake_pantherlake_program_platform_Daily Daily Updating Version/ID: PantherLake_4063_03

Hsd-es-id: N/A"
Original commit date: Wed Mar 4 10:18:37 2026 +0000
Original commit hash: bde552b456e84a8efe4cf066b040cabf0ef14db3



-------------------------------------------------------------------------------- 
[Changed Files]
OneSiliconPkg/Product/PantherLake/SiPkgPcdInit.dsc
PantherLakeBoardPkg/BiosId.env

================================================================================ 
Commit: 114dfe4e5a436df93300970765e3cdcaf2680ce3 
Author: ClientSysFWGit <clientsysfwgit@intel.com> 
Date: Wed Mar 18 15:22:29 2026 +0530 
-------------------------------------------------------------------------------- 
IGpuInit: Add Pre-Memory Graphics Framebuffer Ready PPI support

[Feature Description]
Add support for publishing gIGpuPreMemFramebufferReadyPpiGuid to
signal when the pre-memory graphics framebuffer initialization is
complete. This PPI allows other modules to know when the VGA/Graphics
display is initialized and ready during the pre-memory phase.

Package/Module: DomainIGpu

[Impacted Platform]
ALL

Hsd-es-id: 16029976198
Original commit date: Wed Feb 25 10:21:20 2026 +0530
Change-Id: Idc9cb94d5631f8a7bd0615734a1ebe835042400e
Original commit hash: be4a12da22e4415a5d9275d3309107f35b26a581



-------------------------------------------------------------------------------- 
[Changed Files]
OneSiliconPkg/IpBlock/DomainIGpu/LibraryPrivate/IGpuInit/IGpuInit.inf
OneSiliconPkg/IpBlock/DomainIGpu/LibraryPrivate/IGpuInit/PeiDisplayInitLib/PeiDisplayInitLib.c

================================================================================ 
Commit: 339bcf14e8a7d1fe8e21f14205d462b9434fceb5 
Author: ClientSysFWGit <clientsysfwgit@intel.com> 
Date: Wed Mar 18 15:22:14 2026 +0530 
-------------------------------------------------------------------------------- 
Update MRC Green Payload for MRC build revision 0.0.132.0

[Feature Description]
Updating MrcVersion.h and ReleaseNotes.

Package/Module:OneSiliconPkg/MemoryInit

[Impacted Platform]
All

Registers impacted: None

Hsd-es-id: 22018552565
Original commit date: Mon Mar 2 03:47:15 2026 -0800
Original commit hash: 7222ab23aece43beef56e377f8ff9be4daeecef1



-------------------------------------------------------------------------------- 
[Changed Files]
OneSiliconPkg/IpBlock/MemoryInit/src/UcManagement/Ptl/MrcUcPayloadData.c

================================================================================ 
Commit: 059ba15d9e37359a3be7e39f3d7c15832fb54b51 
Author: ClientSysFWGit <clientsysfwgit@intel.com> 
Date: Wed Mar 18 15:22:09 2026 +0530 
-------------------------------------------------------------------------------- 
PTL MRC increment 0.0.132.0

[Feature Description]
Update Program-P Platform BIOS with Program-P MRC drop 0.0.132.0.

Package/Module: OneSiliconPkg/IpBlock/MemoryInit

[Impacted Platform]
All

Hsd-es-id: 18044248653
Original commit date: Wed Feb 25 12:06:44 2026 +0100
Change-Id: I16e1f78e68673ea68f744adae5576648e4193ab3
Original commit hash: 29bd74421172b61fb0b6b055fe9fcf1c08e29b0c



-------------------------------------------------------------------------------- 
[Changed Files]
OneSiliconPkg/IpBlock/MemoryInit/LibraryPrivate/MemoryInitPtl.c
OneSiliconPkg/IpBlock/MemoryInit/src/IncludePrivate/Ptl/MrcVersion.h
OneSiliconPkg/IpBlock/MemoryInit/src/McLib/MrcPowerMetering.c
OneSiliconPkg/IpBlock/MemoryInit/src/MemoryTypes/MrcLpddr5.c
OneSiliconPkg/IpBlock/MemoryInit/src/MemoryTypes/MrcLpddr5.h
OneSiliconPkg/IpBlock/MemoryInit/src/MemoryTypes/Ptl/MrcLpddr5Settings.c
OneSiliconPkg/IpBlock/MemoryInit/src/SpdProcessing/MrcSpdProcessing.c

================================================================================ 
Commit: fcf59ce0b2d88f1c6cb3b0eae7e0a638e49d98f9 
Author: ClientSysFWGit <clientsysfwgit@intel.com> 
Date: Wed Mar 18 15:22:03 2026 +0530 
-------------------------------------------------------------------------------- 
Add BIOS knob to enable DRAM Rx Offset Calibration at 6800 and above

[Feature Description]
Add a new external input policy (ForceDIMMRXOFFSET) to allow OEMs
to force enable the DRAM Rx Offset Calibration at 6800 and above
for all memory vendors.

Package/Module: OneSiliconPkg/IpBlock/MemoryInit

[Impacted Platform]
All

Hsd-es-id: 18044211783
Original commit date: Wed Feb 11 23:17:35 2026 +0100
Change-Id: I503c2e22b9f434df84829e6d12c9839c3c2c862f
Original commit hash: d7b403ab4daeb8b7d5145ca25af30133e83a50a3



-------------------------------------------------------------------------------- 
[Changed Files]
OneSiliconPkg/IpBlock/MemoryInit/Library/PeiMemPolicyLib/InputBlock/Ptl/MrcInputBlock.c
OneSiliconPkg/IpBlock/MemoryInit/src/ApiLib/BlueMrcGeneral.c
OneSiliconPkg/IpBlock/MemoryInit/src/IncludePublic/Ptl/CMrcExtInputs.h
OneSiliconPkg/IpBlock/MemoryInit/src/MemoryTypes/MrcLpddr5.c
PantherLakeBoardPkg/Include/Dsc/HiiStructurePcd.dsc
PantherLakeFspPkg/Library/PeiPolicyUpdatePreMemLib/PeiSaPolicyUpdatePreMem.c
PantherLakeFspPkg/Upd/FspmUpd.dsc
PantherLakeFspPkg/Upd/UpdList/FSPM.txt
PantherLakePlatSamplePkg/Include/SetupVariable.h
PantherLakePlatSamplePkg/Library/PeiPolicyUpdateLib/PeiSaPolicyUpdatePreMem.c
PantherLakePlatSamplePkg/Setup/SaSetup.hfr
PantherLakePlatSamplePkg/Setup/SaSetup.uni

================================================================================ 
Commit: a8209a604c7acb6e9c42a827614eef26dda81249 
Author: ClientSysFWGit <clientsysfwgit@intel.com> 
Date: Wed Mar 18 15:21:57 2026 +0530 
-------------------------------------------------------------------------------- 
WifiProfileSync: Add check for AMT boot option before running WPS flow

[Feature Description]
Add check for AMT boot option before running WPS flow, to avoid
unsupported scenarios where WPS is attempted without AMT
boot option present. Checking the AMT boot option is done by checking
the FWSTS1 bit 24 (MeBootOptionsPresent).

Package/Module: OneClickRecoveryFeaturePkg/WifiProfileSync

[Impacted Platform]
ALL

Hsd-es-id: 14027101081
Original commit date: Wed Feb 18 17:25:07 2026 -0800
Change-Id: Ia62e4e60e3ae8692eb61a12ef4f220253d33e8b3
Original commit hash: 7a62dc19942241b27f061829d8acb7e4b2551849



-------------------------------------------------------------------------------- 
[Changed Files]
Features/Manageability/OneClickRecoveryFeaturePkg/UnitTest/Library/DxeAsfLibMock/DxeAsfLibMock.c
Features/Manageability/OneClickRecoveryFeaturePkg/UnitTest/Library/DxeAsfLibMock/DxeAsfLibMock.inf
Features/Manageability/OneClickRecoveryFeaturePkg/UnitTest/Library/MeUtilsLibMock/MeUtilsLibMock.c
Features/Manageability/OneClickRecoveryFeaturePkg/UnitTest/Library/MeUtilsLibMock/MeUtilsLibMock.inf
Features/Manageability/OneClickRecoveryFeaturePkg/UnitTest/OneClickRecoveryFeaturePkgHostTest.dsc
Features/Manageability/OneClickRecoveryFeaturePkg/UnitTest/OneClickRecoveryUnitTest.inf
Features/Manageability/OneClickRecoveryFeaturePkg/UnitTest/TestCase/IsProfileSyncSupported/IsProfileSyncSupported.c
Features/Manageability/OneClickRecoveryFeaturePkg/UnitTest/TestCase/IsProfileSyncSupported/IsProfileSyncSupported.h
Features/Manageability/OneClickRecoveryFeaturePkg/UnitTest/TestCase/WpsGetProfile/WpsGetProfile.c
Features/Manageability/OneClickRecoveryFeaturePkg/UnitTest/UnitTestMain.c
Features/Manageability/OneClickRecoveryFeaturePkg/UnitTest/UnitTestMain.h
Features/Manageability/OneClickRecoveryFeaturePkg/WifiProfileSync/WifiProfileSync.c

================================================================================ 
Commit: ce520c8335c82a3bf3b44122be7b603e4e7fd5df 
Author: ClientSysFWGit <clientsysfwgit@intel.com> 
Date: Wed Mar 18 15:21:42 2026 +0530 
-------------------------------------------------------------------------------- 
Variable size check in Capability programming.

[Issue Description]
Variable size checking tool reports an error of overflow
possible on NextCap variable.

[Resolution]
Change of variable size.

Package/Module:
OneSiliconPkg

[Impacted Platform]
ALL.

Hsd-es-id: 18044220894
Original commit date: Thu Feb 19 16:51:47 2026 +0100
Change-Id: I0ad2b88473200072378525b80dd1332f4eb3bf45
Original commit hash: 3082116515d6e7491fb0a8389dae9ba8fe7a1205



-------------------------------------------------------------------------------- 
[Changed Files]
OneSiliconPkg/IpBlock/PcieRp/LibraryPrivate/PeiPcieSipInitLib/PeiDmiSipInitLib.c
OneSiliconPkg/IpBlock/TcPcieRp/IpTcPcieRpLib/IpTcPcieRpLib.c

================================================================================ 
Commit: 71b9196787ff2983e86a6f69702c66a5a9c7595e 
Author: ClientSysFWGit <clientsysfwgit@intel.com> 
Date: Wed Mar 18 15:21:23 2026 +0530 
-------------------------------------------------------------------------------- 
[SOC I/O] Fix cast warning in LpssI2cDriverStart

[Feature Description]
Replace a (UINT32)-1 with MAX_UINT32 to avoid cast.

Package/Module:
OneSiliconPkg/IpBlock

[Impacted Platform]
ALL

Hsd-es-id: 16029810876
Original commit date: Tue Feb 10 09:51:34 2026 +0530
Change-Id: I7fbc6aecf1c1f73abbdf9e964b0fa2540817ab28
Original commit hash: 3df869489e89568fadd544775da30fc253b79a59



-------------------------------------------------------------------------------- 
[Changed Files]
OneSiliconPkg/IpBlock/LpssI2c/I2cDriver/LpssI2cDriver.c

================================================================================ 
Commit: 189c0a7dbf18823913d1999c8bfc67d99e1f7bca 
Author: ClientSysFWGit <clientsysfwgit@intel.com> 
Date: Wed Mar 18 15:21:07 2026 +0530 
-------------------------------------------------------------------------------- 
INTEGER_OVERFLOW in CollectCpuCacheInfo

[Issue Description]
INTEGER_OVERFLOW in CollectCpuCacheInfo

[Resolution]
The issue is fixed by adding check for overflow before multiplying the cache size with 1024.

Package/Module: 1SPkg

[Impacted Platform]
ALL

Hsd-es-id: 16029831486
Original commit date: Thu Feb 12 10:34:12 2026 +0530
Change-Id: I685f8f5c1862e36345a3fc2922bdd330a6443c15
Original commit hash: 759f97486260d67c833c69c1a67362c863bbef48



-------------------------------------------------------------------------------- 
[Changed Files]
OneSiliconPkg/IpBlock/CpuInit/Dxe/CpuInitDxe.c

================================================================================ 
Commit: c358a07d8a0559a295e385bce6a68946898c7b6f 
Author: ClientSysFWGit <clientsysfwgit@intel.com> 
Date: Wed Mar 18 15:20:54 2026 +0530 
-------------------------------------------------------------------------------- 
Bluetooth UEFI Code Quality Issues in Stack Code

[Issue Description]
New Code Quality Issues in Stack Code like Out of bounds

[Resolution]
Fix the OOB Issue reported in code quality

Package/Module:
Features/BluetoothPkg/BluetoothBusDxe

[Impacted Platform]
Default All

Hsd-es-id: 16029829622
Original commit date: Thu Feb 12 08:07:50 2026 +0530
Change-Id: I935eaf57f77e22b5f2a38b78bf945313d9b66f58
Original commit hash: 771f72c9f0e1f8c9a4a9316a1f0e1ccf8ddf0843



-------------------------------------------------------------------------------- 
[Changed Files]
Features/BluetoothPkg/BluetoothBusDxe/iLE/core/src/gap.c

================================================================================ 
Commit: b269121c415f48e904e831d3ff63c13b85da22c5 
Author: ClientSysFWGit <clientsysfwgit@intel.com> 
Date: Wed Mar 18 15:20:44 2026 +0530 
-------------------------------------------------------------------------------- 
Resolve the Integrate Overflow Reported from SAST - MicrocodeUpdate

[Feature Description]
- SAST reported the integrate overflow presented in codebase.

- This patch is intended to resolve the issue.

[Changes]
- Change the "(UINTN)-1" with "UINTN_MAX" to avoid the type casting
- Change the "(UINT32)-1" with "UINT32_MAX" to avoid the type casting

Package/Module:
CapsulePkg/**

[Impacted Platform]
ALL

Hsd-es-id: 15019043302
Original commit date: Wed Feb 11 14:13:54 2026 +0800
Change-Id: I2b0043b2e7a6dd7b5ec3b7dcd56b2fd051b17b28
Original commit hash: 0d22e56c6ebceb17f715134e700b5ee463b41aa4



-------------------------------------------------------------------------------- 
[Changed Files]
Features/FirmwareGuard/CapsuleFeaturePkg/Library/FmpDeviceLibuCode/MicrocodeUpdate.c
Features/FirmwareGuard/CapsuleFeaturePkg/Library/FmpDeviceLibuCode/MicrocodeUpdate.h

================================================================================ 
Commit: 88496e07d97dcd1504576be1c853b0438b2b7f33 
Author: ClientSysFWGit <clientsysfwgit@intel.com> 
Date: Wed Mar 18 15:20:34 2026 +0530 
-------------------------------------------------------------------------------- 
Use MAX_UINT32 definition in AmtPetInitFeaturePkg

[Feature Description]
Fix static code analysis warning.

Package/Module:
Features/Manageability/AmtPetInitFeaturePkg/

[Impacted Platform]
ALL

Hsd-es-id: 18044203785
Original commit date: Mon Feb 9 11:19:03 2026 +0100
Change-Id: Iad69a144951c7fdaadc95dae580ee3b67ed6258f
Original commit hash: 5b3b3e6f3c1c50928daea897f06a6acc2bbffec2



-------------------------------------------------------------------------------- 
[Changed Files]
Features/Manageability/AmtPetInitFeaturePkg/AmtPetInitDxe/AmtPetInitDxe.c

================================================================================ 
Commit: 28e6393aeea913ad18fc0aaa7475a8d49fe92f7d 
Author: ClientSysFWGit <clientsysfwgit@intel.com> 
Date: Wed Mar 18 15:20:19 2026 +0530 
-------------------------------------------------------------------------------- 
"PTL PantherLake_pantherlake_program_platform_Daily Daily Updating Version/ID: PantherLake_4063_02

Hsd-es-id: N/A"
Original commit date: Thu Feb 12 14:24:08 2026 +0000
Original commit hash: 8c45e464c1a2d0bb2448c5a33f0b992d95589b93



-------------------------------------------------------------------------------- 
[Changed Files]
Doxygen/BoardApi.chm
Doxygen/FspApi.chm
Doxygen/PantherLake_FSP_Integration_Guide.chm
Doxygen/PantherLake_FSP_Integration_Guide.pdf
Doxygen/PlatApi.chm
Doxygen/SiPkgApi.chm
Features/HestFeaturePkg/HestDxe/HestDxe.c
Features/HestFeaturePkg/HestDxe/HestDxe.inf
Features/HestFeaturePkg/HestFeaturePkg.dec
Features/HestFeaturePkg/HestFeaturePkg.dsc
Features/HestFeaturePkg/Include/HestFeature.dsc
Features/HestFeaturePkg/Readme.md
LICENSE.txt
OneSiliconPkg/Product/PantherLake/SiPkgPcdInit.dsc
