================================================================================ 
Commit: ec7500c4ca8196237b3e6de861f997586dd3e30a 
Author: ClientSysFWGit <clientsysfwgit@intel.com> 
Date: Thu Jan 15 17:25:21 2026 +0800 
-------------------------------------------------------------------------------- 
git commit: Added build files for LNL.4504.80

-------------------------------------------------------------------------------- 
[Changed Files]
Doxygen/BoardApi.chm
Doxygen/FspApi.chm
Doxygen/LunarLake_FSP_Integration_Guide.chm
Doxygen/PlatApi.chm
Doxygen/SiPkgApi.chm
LunarLakeBoardPkg/CapsuleUpdateConfig/Readme.md
LunarLakeBoardPkg/Library/FreeSpaceSkipFvCopyLib/Readme.md
OneSiliconPkg/SiPkg.dec

================================================================================ 
Commit: e9339a263191f26ed5ad72aff8b384838a221565 
Author: ClientSysFWGit <clientsysfwgit@intel.com> 
Date: Thu Jan 15 17:16:05 2026 +0800 
-------------------------------------------------------------------------------- 
Add LICENSE.txt

-------------------------------------------------------------------------------- 
[Changed Files]
LICENSE.txt

================================================================================ 
Commit: 6dfab188104bd7a6e0f620eb59ccde71705a5900 
Author: ClientSysFWGit <clientsysfwgit@intel.com> 
Date: Thu Jan 15 17:11:01 2026 +0800 
-------------------------------------------------------------------------------- 
"LNL LunarLake_lunarlake_program_platform_Daily Daily Updating Version/ID: LunarLake_4504_80

Hsd-es-id: N/A"
Original commit date: Thu Dec 11 09:34:55 2025 +0000
Original commit hash: f1ff7d1a303591502d05068d5d39e8deb2942ffd

-------------------------------------------------------------------------------- 
[Changed Files]
LunarLakeBoardPkg/BiosId.env
OneSiliconPkg/Product/LunarLake/SiPkgPcdInit.dsc

================================================================================ 
Commit: b101329c630e7c8c5c134c35273a930a6b09142e 
Author: ClientSysFWGit <clientsysfwgit@intel.com> 
Date: Thu Jan 15 15:47:01 2026 +0800 
-------------------------------------------------------------------------------- 
"LNL LunarLake_lunarlake_program_platform_Daily Daily Updating Version/ID: LunarLake_3224_83

Hsd-es-id: N/A"
Original commit date: Thu Dec 11 05:22:09 2025 +0000
Original commit hash: 005172f74347ee3e7b6b1c2cfb3e26ee611ba46a

-------------------------------------------------------------------------------- 
[Changed Files]
LunarLakeBoardPkg/BiosId.env
OneSiliconPkg/Product/LunarLake/SiPkgPcdInit.dsc

================================================================================ 
Commit: 9920e72bf8f44887157588f0b60da36ea57a0f54 
Author: ClientSysFWGit <clientsysfwgit@intel.com> 
Date: Thu Jan 15 15:46:58 2026 +0800 
-------------------------------------------------------------------------------- 
Support Gale Peak on LNL

[Feature Description]
Support Gale Peak on LNL

Package/Module:
OneSiliconPkg, PlatSamplePkg, BoardPkg, FspPkg, CnvFeaturePkg

[Impacted Platform]
All

Hsd-es-id: 13013993147
Original commit date: Fri Dec 5 19:09:12 2025 +0800
Change-Id: Ib49836d74435215cea5106091fa7ac6b34b337b8
Original commit hash: e8bd24fd1589f042453dddfef698ada74d25fa4d

-------------------------------------------------------------------------------- 
[Changed Files]
Features/Connectivity/CnvFeaturePkg/AcpiTables/Library/EpOpRegion.asl
Features/Connectivity/CnvFeaturePkg/AcpiTables/Ssdt/BtAudioOffload.asl
Features/Connectivity/CnvFeaturePkg/AcpiTables/Ssdt/BtReset.asl
Features/Connectivity/CnvFeaturePkg/AcpiTables/Ssdt/CnvPkgNvs.asl
Features/Connectivity/CnvFeaturePkg/AcpiTables/Ssdt/DiscreteWifiReset.asl
Features/Connectivity/CnvFeaturePkg/AcpiTables/Ssdt/IntelWiFiDsmFunc2.asl
Features/Connectivity/CnvFeaturePkg/AcpiTables/Ssdt/IntelWiFiDsmFunc4.asl
Features/Connectivity/CnvFeaturePkg/AcpiTables/Ssdt/WifiRpPxsxWrapper.asl
Features/Connectivity/CnvFeaturePkg/CnvDxe/CnvDxe.c
Features/Connectivity/CnvFeaturePkg/CnvDxe/CnvDxe.inf
Features/Connectivity/CnvFeaturePkg/CnvVfrSetupMenu/CnvVfrSetupMenu.uni
Features/Connectivity/CnvFeaturePkg/CnvVfrSetupMenu/CnvVfrSetupMenuVfr.vfr
Features/Connectivity/CnvFeaturePkg/Include/CnvPkgNvsAreaDef.h
Features/Connectivity/CnvFeaturePkg/Include/CnvRegisters.h
Features/Connectivity/CnvFeaturePkg/Include/CnvSetupId.h
LunarLakeBoardPkg/BoardPkgPcdUpdate.dsc
LunarLakeBoardPkg/LunarLakeBoards/BoardVpdPcdsInit/LnlM/SkuIdLnlMLp5Gcs1.dsc
LunarLakeBoardPkg/LunarLakeBoards/BoardVpdPcdsInit/LnlM/SkuIdLnlMLp5Gcs2.dsc
LunarLakeBoardPkg/LunarLakeBoards/BoardVpdPcdsInit/LnlM/SkuIdLnlMLp5PpvRvp1.dsc
LunarLakeBoardPkg/LunarLakeBoards/BoardVpdPcdsInit/LnlM/SkuIdLnlMLp5PpvRvp2.dsc
LunarLakeBoardPkg/LunarLakeBoards/BoardVpdPcdsInit/LnlM/SkuIdLnlMLp5Rvp1.dsc
LunarLakeBoardPkg/LunarLakeBoards/BoardVpdPcdsInit/LnlM/SkuIdLnlMLp5Rvp2.dsc
LunarLakeBoardPkg/LunarLakeBoards/BoardVpdPcdsInit/LnlM/SkuIdLnlMLp5Rvp4.dsc
LunarLakeBoardPkg/LunarLakeBoards/BoardVpdPcdsInit/LnlM/SkuIdLnlMxAiDevKit.dsc
LunarLakeFspPkg/Upd/FspmUpd.dsc
LunarLakePlatSamplePkg/Include/SetupVariable.h
LunarLakePlatSamplePkg/Library/DxePolicyUpdateLib/DxePchPolicyUpdate.c
LunarLakePlatSamplePkg/Library/PeiPolicyUpdateLib/PeiPchPolicyUpdatePreMem.c
LunarLakePlatSamplePkg/Setup/ConnectivitySetup.c
LunarLakePlatSamplePkg/Setup/PchSetup.c
LunarLakePlatSamplePkg/Setup/PchSetup.hfr
LunarLakePlatSamplePkg/Setup/PchSetup.uni
LunarLakePlatSamplePkg/Setup/SetupId.h
OneSiliconPkg/Fru/LnlSoc/LibraryPrivate/HdaSocLib/LnlSocAceLib.c
OneSiliconPkg/Include/ConfigBlock/Hda/HdAudioConfig.h
OneSiliconPkg/IpBlock/Hda/IncludePrivate/Library/PeiHdaLib.h
OneSiliconPkg/IpBlock/Hda/LibraryPrivate/PeiAceInitLib/PeiAceInitLib.c

================================================================================ 
Commit: 3820538e6e540b2e57442738cdd11786ca27c68f 
Author: ClientSysFWGit <clientsysfwgit@intel.com> 
Date: Thu Jan 15 15:46:55 2026 +0800 
-------------------------------------------------------------------------------- 
Revert ""LNL LunarLake_lunarlake_program_platform_Daily Daily Updating Version/ID: LunarLake_3224_83"

Original commit date: Wed Dec 10 13:08:37 2025 +0530
Change-Id: I2ad16a0b35270b73fb659ec95e94574b729dd950
Original commit hash: f0c4c6f984ec00326c57f7efdf0a6a28c428c003

-------------------------------------------------------------------------------- 
[Changed Files]
LunarLakeBoardPkg/BiosId.env
OneSiliconPkg/Product/LunarLake/SiPkgPcdInit.dsc

================================================================================ 
Commit: 26baeb9eead8ca7032801c908ce0c16ec5b45cae 
Author: ClientSysFWGit <clientsysfwgit@intel.com> 
Date: Thu Jan 15 15:46:53 2026 +0800 
-------------------------------------------------------------------------------- 
Revert "Support Gale Peak on LNL"

Original commit date: Wed Dec 10 13:07:36 2025 +0530
Change-Id: I7acd31f0813ac440c9609e9cf3f01ca9ddbbb145
Original commit hash: 9b20d04d3da880384dbe99101e17c7b093576568

-------------------------------------------------------------------------------- 
[Changed Files]
Features/Connectivity/CnvFeaturePkg/AcpiTables/Library/EpOpRegion.asl
Features/Connectivity/CnvFeaturePkg/AcpiTables/Ssdt/BtAudioOffload.asl
Features/Connectivity/CnvFeaturePkg/AcpiTables/Ssdt/BtReset.asl
Features/Connectivity/CnvFeaturePkg/AcpiTables/Ssdt/CnvPkgNvs.asl
Features/Connectivity/CnvFeaturePkg/AcpiTables/Ssdt/DiscreteWifiReset.asl
Features/Connectivity/CnvFeaturePkg/AcpiTables/Ssdt/IntelWiFiDsmFunc2.asl
Features/Connectivity/CnvFeaturePkg/AcpiTables/Ssdt/IntelWiFiDsmFunc4.asl
Features/Connectivity/CnvFeaturePkg/AcpiTables/Ssdt/WifiRpPxsxWrapper.asl
Features/Connectivity/CnvFeaturePkg/CnvDxe/CnvDxe.c
Features/Connectivity/CnvFeaturePkg/CnvDxe/CnvDxe.inf
Features/Connectivity/CnvFeaturePkg/CnvVfrSetupMenu/CnvVfrSetupMenu.uni
Features/Connectivity/CnvFeaturePkg/CnvVfrSetupMenu/CnvVfrSetupMenuVfr.vfr
Features/Connectivity/CnvFeaturePkg/Include/CnvPkgNvsAreaDef.h
Features/Connectivity/CnvFeaturePkg/Include/CnvRegisters.h
Features/Connectivity/CnvFeaturePkg/Include/CnvSetupId.h

================================================================================ 
Commit: 9548c93273ee0123fd115ff3d851cf023f034ba6 
Author: ClientSysFWGit <clientsysfwgit@intel.com> 
Date: Thu Jan 15 15:46:50 2026 +0800 
-------------------------------------------------------------------------------- 
Revert "Support Gale Peak on LNL"

Original commit date: Wed Dec 10 13:05:40 2025 +0530
Change-Id: I4ade841f8d9ac91b95bfeba8213348e9d1da5d0f
Original commit hash: 3406512f98db62a56caea66bbdc196ded79c783b

-------------------------------------------------------------------------------- 
[Changed Files]
LunarLakeBoardPkg/BoardPkgPcdUpdate.dsc
LunarLakeBoardPkg/LunarLakeBoards/BoardVpdPcdsInit/LnlM/SkuIdLnlMLp5Gcs1.dsc
LunarLakeBoardPkg/LunarLakeBoards/BoardVpdPcdsInit/LnlM/SkuIdLnlMLp5Gcs2.dsc
LunarLakeBoardPkg/LunarLakeBoards/BoardVpdPcdsInit/LnlM/SkuIdLnlMLp5PpvRvp1.dsc
LunarLakeBoardPkg/LunarLakeBoards/BoardVpdPcdsInit/LnlM/SkuIdLnlMLp5PpvRvp2.dsc
LunarLakeBoardPkg/LunarLakeBoards/BoardVpdPcdsInit/LnlM/SkuIdLnlMLp5Rvp1.dsc
LunarLakeBoardPkg/LunarLakeBoards/BoardVpdPcdsInit/LnlM/SkuIdLnlMLp5Rvp2.dsc
LunarLakeBoardPkg/LunarLakeBoards/BoardVpdPcdsInit/LnlM/SkuIdLnlMLp5Rvp4.dsc
LunarLakeBoardPkg/LunarLakeBoards/BoardVpdPcdsInit/LnlM/SkuIdLnlMxAiDevKit.dsc
LunarLakeFspPkg/Upd/FspmUpd.dsc
LunarLakePlatSamplePkg/Include/SetupVariable.h
LunarLakePlatSamplePkg/Library/DxePolicyUpdateLib/DxePchPolicyUpdate.c
LunarLakePlatSamplePkg/Library/PeiPolicyUpdateLib/PeiPchPolicyUpdatePreMem.c
LunarLakePlatSamplePkg/Setup/ConnectivitySetup.c
LunarLakePlatSamplePkg/Setup/PchSetup.c
LunarLakePlatSamplePkg/Setup/PchSetup.hfr
LunarLakePlatSamplePkg/Setup/PchSetup.uni
LunarLakePlatSamplePkg/Setup/SetupId.h

================================================================================ 
Commit: db1e8fd9b35c4a063fa7019f9a3d370426046703 
Author: ClientSysFWGit <clientsysfwgit@intel.com> 
Date: Thu Jan 15 15:46:47 2026 +0800 
-------------------------------------------------------------------------------- 
Revert "Support Gale Peak on LNL"

Original commit date: Wed Dec 10 13:01:23 2025 +0530
Change-Id: I1bdbf5f073a29fdf278c91c77ce711af39851515
Original commit hash: b412d6f9ca66f6f0cb790c14e7ed8ef8ab3e543d

-------------------------------------------------------------------------------- 
[Changed Files]
OneSiliconPkg/Fru/LnlSoc/LibraryPrivate/HdaSocLib/LnlSocAceLib.c
OneSiliconPkg/Include/ConfigBlock/Hda/HdAudioConfig.h
OneSiliconPkg/IpBlock/Hda/IncludePrivate/Library/PeiHdaLib.h
OneSiliconPkg/IpBlock/Hda/LibraryPrivate/PeiAceInitLib/PeiAceInitLib.c

================================================================================ 
Commit: 7563989ad9df76e22a3837244f80b13cf1d9f014 
Author: ClientSysFWGit <clientsysfwgit@intel.com> 
Date: Thu Jan 15 15:46:45 2026 +0800 
-------------------------------------------------------------------------------- 
"LNL LunarLake_lunarlake_program_platform_Daily Daily Updating Version/ID: LunarLake_3224_83

Hsd-es-id: N/A"
Original commit date: Wed Dec 10 05:55:15 2025 +0000
Original commit hash: 80511d0b56d5fc20ab7aeb2990a3ff7c0833c01d

-------------------------------------------------------------------------------- 
[Changed Files]
LunarLakeBoardPkg/BiosId.env
OneSiliconPkg/Product/LunarLake/SiPkgPcdInit.dsc

================================================================================ 
Commit: 4481ccc802e04edc5843d4358653359054cc1cb0 
Author: ClientSysFWGit <clientsysfwgit@intel.com> 
Date: Thu Jan 15 15:46:42 2026 +0800 
-------------------------------------------------------------------------------- 
Support Gale Peak on LNL

[Feature Description]
Support Gale Peak on LNL

Package/Module:
CnvFeaturePkg

[Impacted Platform]
All

Hsd-es-id: <HSD-ES bug/ise id>
Original commit date: Fri Dec 5 19:12:57 2025 +0800
Change-Id: Iac97f5178c227fae4ab263e9d341c8b5e166ec32
Original commit hash: 2d8a4b5c5672d75917f9f5419da2fb0dc991b092

-------------------------------------------------------------------------------- 
[Changed Files]
Features/Connectivity/CnvFeaturePkg/AcpiTables/Library/EpOpRegion.asl
Features/Connectivity/CnvFeaturePkg/AcpiTables/Ssdt/BtAudioOffload.asl
Features/Connectivity/CnvFeaturePkg/AcpiTables/Ssdt/BtReset.asl
Features/Connectivity/CnvFeaturePkg/AcpiTables/Ssdt/CnvPkgNvs.asl
Features/Connectivity/CnvFeaturePkg/AcpiTables/Ssdt/DiscreteWifiReset.asl
Features/Connectivity/CnvFeaturePkg/AcpiTables/Ssdt/IntelWiFiDsmFunc2.asl
Features/Connectivity/CnvFeaturePkg/AcpiTables/Ssdt/IntelWiFiDsmFunc4.asl
Features/Connectivity/CnvFeaturePkg/AcpiTables/Ssdt/WifiRpPxsxWrapper.asl
Features/Connectivity/CnvFeaturePkg/CnvDxe/CnvDxe.c
Features/Connectivity/CnvFeaturePkg/CnvDxe/CnvDxe.inf
Features/Connectivity/CnvFeaturePkg/CnvVfrSetupMenu/CnvVfrSetupMenu.uni
Features/Connectivity/CnvFeaturePkg/CnvVfrSetupMenu/CnvVfrSetupMenuVfr.vfr
Features/Connectivity/CnvFeaturePkg/Include/CnvPkgNvsAreaDef.h
Features/Connectivity/CnvFeaturePkg/Include/CnvRegisters.h
Features/Connectivity/CnvFeaturePkg/Include/CnvSetupId.h

================================================================================ 
Commit: 1e19d1e9b1331ff2f54f8310735a16fe29696cfe 
Author: ClientSysFWGit <clientsysfwgit@intel.com> 
Date: Thu Jan 15 15:46:39 2026 +0800 
-------------------------------------------------------------------------------- 
Support Gale Peak on LNL

[Feature Description]
Support Gale Peak on LNL

Package/Module:
LunarLakePlatSamplePkg, LunarLakeBoardPkg, LunarLakeFspPkg

[Impacted Platform]
All

Hsd-es-id: <HSD-ES bug/ise id>
Original commit date: Fri Dec 5 19:11:53 2025 +0800
Change-Id: Ic08a70bfdc20fbe31c5295a04b6879c040633910
Original commit hash: f772b156385c7ad35290fb3685395fca1e9171a8

-------------------------------------------------------------------------------- 
[Changed Files]
LunarLakeBoardPkg/BoardPkgPcdUpdate.dsc
LunarLakeBoardPkg/LunarLakeBoards/BoardVpdPcdsInit/LnlM/SkuIdLnlMLp5Gcs1.dsc
LunarLakeBoardPkg/LunarLakeBoards/BoardVpdPcdsInit/LnlM/SkuIdLnlMLp5Gcs2.dsc
LunarLakeBoardPkg/LunarLakeBoards/BoardVpdPcdsInit/LnlM/SkuIdLnlMLp5PpvRvp1.dsc
LunarLakeBoardPkg/LunarLakeBoards/BoardVpdPcdsInit/LnlM/SkuIdLnlMLp5PpvRvp2.dsc
LunarLakeBoardPkg/LunarLakeBoards/BoardVpdPcdsInit/LnlM/SkuIdLnlMLp5Rvp1.dsc
LunarLakeBoardPkg/LunarLakeBoards/BoardVpdPcdsInit/LnlM/SkuIdLnlMLp5Rvp2.dsc
LunarLakeBoardPkg/LunarLakeBoards/BoardVpdPcdsInit/LnlM/SkuIdLnlMLp5Rvp4.dsc
LunarLakeBoardPkg/LunarLakeBoards/BoardVpdPcdsInit/LnlM/SkuIdLnlMxAiDevKit.dsc
LunarLakeFspPkg/Upd/FspmUpd.dsc
LunarLakePlatSamplePkg/Include/SetupVariable.h
LunarLakePlatSamplePkg/Library/DxePolicyUpdateLib/DxePchPolicyUpdate.c
LunarLakePlatSamplePkg/Library/PeiPolicyUpdateLib/PeiPchPolicyUpdatePreMem.c
LunarLakePlatSamplePkg/Setup/ConnectivitySetup.c
LunarLakePlatSamplePkg/Setup/PchSetup.c
LunarLakePlatSamplePkg/Setup/PchSetup.hfr
LunarLakePlatSamplePkg/Setup/PchSetup.uni
LunarLakePlatSamplePkg/Setup/SetupId.h

================================================================================ 
Commit: f4ab31c6f8e741fa62840f58dc06be22d0aa167a 
Author: ClientSysFWGit <clientsysfwgit@intel.com> 
Date: Thu Jan 15 15:46:36 2026 +0800 
-------------------------------------------------------------------------------- 
Support Gale Peak on LNL

[Feature Description]
Support Gale Peak on LNL

Package/Module:
OneSiliconPkg

[Impacted Platform]
All

Hsd-es-id: <HSD-ES bug/ise id>
Original commit date: Fri Dec 5 19:09:12 2025 +0800
Change-Id: Ib49836d74435215cea5106091fa7ac6b34b337b8
Original commit hash: 7dc4986d64e9bdc9fc252faaca5c93e247e0601d

-------------------------------------------------------------------------------- 
[Changed Files]
OneSiliconPkg/Fru/LnlSoc/LibraryPrivate/HdaSocLib/LnlSocAceLib.c
OneSiliconPkg/Include/ConfigBlock/Hda/HdAudioConfig.h
OneSiliconPkg/IpBlock/Hda/IncludePrivate/Library/PeiHdaLib.h
OneSiliconPkg/IpBlock/Hda/LibraryPrivate/PeiAceInitLib/PeiAceInitLib.c

================================================================================ 
Commit: d2fa0db619845f18d9cffb7a6ec76b838cdfa967 
Author: ClientSysFWGit <clientsysfwgit@intel.com> 
Date: Thu Jan 15 15:46:33 2026 +0800 
-------------------------------------------------------------------------------- 
"LNL LunarLake_lunarlake_program_platform_Daily Daily Updating Version/ID: LunarLake_3224_82

Hsd-es-id: N/A"
Original commit date: Tue Dec 9 05:11:04 2025 +0000
Original commit hash: 4b5e27ad15764d11903b54d3ebc3057a0a3502ad

-------------------------------------------------------------------------------- 
[Changed Files]
LunarLakeBoardPkg/BiosId.env
OneSiliconPkg/Product/LunarLake/SiPkgPcdInit.dsc

================================================================================ 
Commit: 07d61f1c74783bccdd803b844cf0d1355be6c59b 
Author: ClientSysFWGit <clientsysfwgit@intel.com> 
Date: Thu Jan 15 15:46:26 2026 +0800 
-------------------------------------------------------------------------------- 
"[TeamCity] LNL LunarLake_lunarlake_program_platform_Daily Daily Updating Version/ID: LunarLake_3224_81

Hsd-es-id: N/A"
Original commit date: Thu Sep 11 20:31:41 2025 +0000
Original commit hash: a7c5907f2349a9bc3db8228bf1c36d54fd505031

-------------------------------------------------------------------------------- 
[Changed Files]
Doxygen/BoardApi.chm
Doxygen/FspApi.chm
Doxygen/LunarLake_FSP_Integration_Guide.chm
Doxygen/PlatApi.chm
Doxygen/SiPkgApi.chm
LICENSE.txt
LunarLakeBoardPkg/CapsuleUpdateConfig/Readme.md
LunarLakeBoardPkg/Library/FreeSpaceSkipFvCopyLib/Readme.md
OneSiliconPkg/SiPkg.dec
