================================================================================ 
Commit: bcf215d6dad5d00be6ace7f57f33bd50a8ad5d8e 
Author: ClientSysFWGit <clientsysfwgit@intel.com> 
Date: Thu Feb 12 21:03:58 2026 +0530 
-------------------------------------------------------------------------------- 
Added Doxygen and License files for WCL BIOS 4034.02.

-------------------------------------------------------------------------------- 
[Changed Files]
Doxygen/BoardApi.chm
Doxygen/FspApi.chm
Doxygen/PantherLake_FSP_Integration_Guide.chm
Doxygen/PantherLake_FSP_Integration_Guide.pdf
Doxygen/PlatApi.chm
Doxygen/SiPkgApi.chm
LICENSE.txt
OneSiliconPkg/Fsp/FspDebugInit/Pei/Ia32/FspDebugServicePei.nasm
OneSiliconPkg/Fsp/FspDebugInit/Pei/X64/FspDebugServicePei.nasm
OneSiliconPkg/Include/AcpiTables/Tse.asl
OneSiliconPkg/Include/ConfigBlock/HostBridge/HostBridgeConfig.h
OneSiliconPkg/Include/ConfigBlock/Memory/Ver6/MemoryConfig.h
OneSiliconPkg/Include/ConfigBlock/Tcss/TcssPeiPreMemConfig.h
OneSiliconPkg/Include/ConfigBlock/Vtd/VtdConfig.h
OneSiliconPkg/Include/Defines/HostBridgeDefines.h
OneSiliconPkg/Include/Defines/PcdPchBdfAssignment.h
OneSiliconPkg/Include/Defines/PchReservedResources.h
OneSiliconPkg/Include/Library/DebugToken.h
OneSiliconPkg/Include/Library/NguInfoLib.h
OneSiliconPkg/Include/Library/PcdEspiLib.h
OneSiliconPkg/Include/Library/PcdGpioNativeLib.h
OneSiliconPkg/Include/Library/PcdGpioTopologyLib.h
OneSiliconPkg/Include/Library/PcdInfoLib.h
OneSiliconPkg/Include/Library/PcdItssLib.h
OneSiliconPkg/Include/Library/PcdPeiLpssI2cSocInitLib.h
OneSiliconPkg/Include/Library/PcdPeiLpssI3cSocInitLib.h
OneSiliconPkg/Include/Library/PcdPeiLpssSpiSocInitLib.h
OneSiliconPkg/Include/Library/PcdPeiLpssUartSocInitLib.h
OneSiliconPkg/Include/Library/PcdPeiThcSocInitLib.h
OneSiliconPkg/Include/Library/PcdPolicyLib.h
OneSiliconPkg/Include/Library/PcdReserveMmio64SizeLib.h
OneSiliconPkg/Include/Library/PcdRtcAccessLib.h
OneSiliconPkg/Include/Library/PchInfoHob.h
OneSiliconPkg/Include/Library/PchLimits.h
OneSiliconPkg/Include/Ppi/SiPolicy.h
OneSiliconPkg/Include/Register/CpuGenInfoRegs.h
OneSiliconPkg/Include/Register/GenerationMsr.h
OneSiliconPkg/Include/Register/GpioAcpiDefines.h
OneSiliconPkg/Include/Register/GpioV2PcdPins.h
OneSiliconPkg/Include/Register/GpioV2PcdRegs.h
OneSiliconPkg/IncludePrivate/Library/LpssControllerInfoLib.h
OneSiliconPkg/IncludePrivate/Library/P2SbSocLib.h
OneSiliconPkg/IncludePrivate/Library/PcdPeiIshPolicyLib.h
OneSiliconPkg/IncludePrivate/Library/PcdSerialIoGpioAccessLib.h
OneSiliconPkg/IncludePrivate/Library/PcdTcssInitLib.h
OneSiliconPkg/IncludePrivate/Library/PeiPcdInitLib.h
OneSiliconPkg/IncludePrivate/PcdEspiDeviceIds.h
OneSiliconPkg/IncludePrivate/PcdSbPortIds.h
OneSiliconPkg/IncludePrivate/Register/CpuGenRegs.h
OneSiliconPkg/IncludePrivate/Register/GraphicsRegs.h
OneSiliconPkg/IncludePrivate/Register/HacRegs.h
OneSiliconPkg/IncludePrivate/Register/HostBridgeRegs.h
OneSiliconPkg/IncludePrivate/Register/ItbtPcieRegs.h
OneSiliconPkg/IncludePrivate/Register/MemSSRegs.h
OneSiliconPkg/IncludePrivate/Register/NocRegs.h
OneSiliconPkg/IncludePrivate/Register/PsfRegsPtlPcdWrapper.h
OneSiliconPkg/IncludePrivate/Register/SncuRegs.h
OneSiliconPkg/IncludePrivate/Register/VmdRegs.h
OneSiliconPkg/IncludePrivate/Register/VoltageRegulatorRegs.h
OneSiliconPkg/IncludePrivate/Register/VtdRegs.h
OneSiliconPkg/IpBlock/MemoryInit/Include/CMemoryInit.h
OneSiliconPkg/IpBlock/MemoryInit/Include/CMrcInterface.h
OneSiliconPkg/IpBlock/MemoryInit/Library/PeiDxeSmmMemAddrEncodeLib/decoder.h
OneSiliconPkg/IpBlock/MemoryInit/Library/PeiDxeSmmMemAddrEncodeLib/decoder_functions.c
OneSiliconPkg/IpBlock/MemoryInit/Library/PeiDxeSmmMemAddrEncodeLib/decoder_tables.h
OneSiliconPkg/IpBlock/MemoryInit/LibraryPrivate/MrcOemPlatform.c
OneSiliconPkg/IpBlock/MemoryInit/src/IncludePublic/CMrcInterfaceGlobalTypes.h
OneSiliconPkg/IpBlock/MemoryInit/src/IncludePublic/MrcGlobalDefinitions.h
OneSiliconPkg/IpBlock/PcieRp/LibraryPrivate/PeiPcieSipInitLib/PeiPcieSipInitLib.inf
OneSiliconPkg/Product/PantherLake/SiPkgPcdInit.dsc
PantherLakeBoardPkg/BoardSupport/WildcatLakeBoards/Library/BoardInitLib/Pei/PeiInitPostMemLib.c
PantherLakeBoardPkg/BoardSupport/WildcatLakeBoards/Library/BoardInitLib/Pei/PeiInitPreMemLib.c
PantherLakeBoardPkg/BoardSupport/WildcatLakeBoards/Library/BoardInitLib/Pei/PeiMultiBoardInitPostMemLib.inf
PantherLakeBoardPkg/BoardSupport/WildcatLakeBoards/Library/BoardInitLib/Pei/PeiMultiBoardInitPreMemLib.inf
PantherLakeBoardPkg/WildcatLakeBoards/BoardVpdPcdsInit/BoardVpdPcdInit.dsc
PantherLakeBoardPkg/WildcatLakeBoards/BoardVpdPcdsInit/Wcl/SkuIdWclNDdr5EmbCrb.dsc
PantherLakeBoardPkg/WildcatLakeBoards/BoardVpdPcdsInit/Wcl/SkuIdWclNDdr5Rvp1.dsc

================================================================================ 
Commit: 352101731170a18af0a91ab782a3bfb2046877f0 
Author: ClientSysFWGit <clientsysfwgit@intel.com> 
Date: Thu Feb 12 20:11:10 2026 +0530 
-------------------------------------------------------------------------------- 
"WCL WildcatLake_wildcatlake_program_platform_Daily Daily Updating Version/ID: WildcatLake_4034_02

Hsd-es-id: N/A"
Original commit date: Fri Jan 16 11:59:06 2026 +0000
Original commit hash: 95d696ab55ea4e65d67539124b5948ff8411d348

-------------------------------------------------------------------------------- 
[Changed Files]
OneSiliconPkg/Product/PantherLake/SiPkgPcdInit.dsc
PantherLakeBoardPkg/BiosId.env

================================================================================ 
Commit: 744e5b45770aa29e039822db644ce4c2f906370b 
Author: ClientSysFWGit <clientsysfwgit@intel.com> 
Date: Thu Feb 12 20:11:03 2026 +0530 
-------------------------------------------------------------------------------- 
Add WCL SKUs in ME_IMG_TYPE_GUID_INFO structure

[Feature Description]
- This patch is used to support the CSME capsule reselling model.
- Extend the support on WCL platform to report the correspond
  GUID for FMP ImageTypeIdGuid field.

Package/Module: BoardPkg

[Impacted Platform]
Default ALL

Hsd-es-id: 15017451176
Original commit date: Mon Jan 5 14:15:13 2026 +0530
Change-Id: I4e7910ac31b360a0c753619956e3102a948d19a3
Original commit hash: 3cefc2d910aaa11994ef41b42f08ec51b7273b5c

-------------------------------------------------------------------------------- 
[Changed Files]
PantherLakeBoardPkg/Features/CapsuleUpdate/Config/WCL.toml
PantherLakeBoardPkg/Features/CapsuleUpdate/Library/PlatformMeUpdateHookLib/PlatformMeUpdateHookLib.c

================================================================================ 
Commit: 0114e206e226c0db21d52d64a2fdb481d229c784 
Author: ClientSysFWGit <clientsysfwgit@intel.com> 
Date: Thu Feb 12 20:10:50 2026 +0530 
-------------------------------------------------------------------------------- 
Reapply "Fix S4 wake failure when a additional reset occurs during S4 wake"

This reverts commit 676f48c453416592765361fed80439c9932e9eca.

Fri Jan 16 12:23:32 2026 +0530
Original commit date: Fri Jan 16 12:23:32 2026 +0530
Original commit hash: 5c689707859184670fe81397dc3a26666e1b587c

-------------------------------------------------------------------------------- 
[Changed Files]
PantherLakeBoardPkg/Features/CrashLog/Agent/CpuCrashLogAgent/CpuCrashLogPei.c
PantherLakeBoardPkg/Features/CrashLog/Agent/SocCrashLogAgent/SocCrashLogPei.c

================================================================================ 
Commit: 7086e49553fcd34cda2f55cbae566e858cbb26d4 
Author: ClientSysFWGit <clientsysfwgit@intel.com> 
Date: Thu Feb 12 20:10:44 2026 +0530 
-------------------------------------------------------------------------------- 
Fix RPMC BIOS issue with CrashLog pop-up

[Issue Description]
A previous bug fix made the CopyMem() in
ProtectedVariableLibGetByName() conditional but it needs
to always happen as the 'Data' and 'VarInfo.PlainData'
do not always point to the same buffer.

[Resolution]
Always do a copy of the 'VarInfo.PlainData' back to the 'Data'
buffer that was passed in by caller.

Package/Module:
Features/Security/ProtectedVariablePkg

[Impacted Platform]
WCL

Hsd-es-id: 16029517701
Original commit date: Tue Jan 13 23:21:50 2026 -0800
Change-Id: I527370b469a50f4e563f3522f37692b01100dade
Original commit hash: 3c213f15fc6868311faba74d96240ffe912f1fae

-------------------------------------------------------------------------------- 
[Changed Files]
Features/Security/ProtectedVariablePkg/Library/ProtectedVariableLib/ProtectedVariableCommon.c

================================================================================ 
Commit: 3df82952442741eda86be0dbcb21f034dc00f765 
Author: ClientSysFWGit <clientsysfwgit@intel.com> 
Date: Thu Feb 12 20:10:37 2026 +0530 
-------------------------------------------------------------------------------- 
"WCL WildcatLake_wildcatlake_family_Daily Daily Updating Version/ID: WildcatLake_4034_01

Hsd-es-id: N/A"
Original commit date: Thu Jan 15 23:34:35 2026 +0000
Original commit hash: 1230e6c2b579883109181d7fe2502f1d10c5afdd

-------------------------------------------------------------------------------- 
[Changed Files]
OneSiliconPkg/Product/PantherLake/SiPkgPcdInit.dsc
PantherLakeBoardPkg/BiosId.env

================================================================================ 
Commit: e4d98eac177927ef71db9029d153e8b7542e1cb8 
Author: ClientSysFWGit <clientsysfwgit@intel.com> 
Date: Thu Feb 12 20:10:29 2026 +0530 
-------------------------------------------------------------------------------- 
"OEMx PantherLake_pantherlake_family_Daily Daily Updating Version/ID: PantherLake_4034_00

Hsd-es-id: N/A"
Original commit date: Thu Jan 15 18:37:18 2026 +0000
Original commit hash: 32b8462b1c59f8a50ed8138368b054ff05fdf68f

-------------------------------------------------------------------------------- 
[Changed Files]
OneSiliconPkg/Product/PantherLake/SiPkgPcdInit.dsc
PantherLakeBoardPkg/BiosId.env

================================================================================ 
Commit: 039a52a20aeffd3af2233ce8123e86736450c54c 
Author: ClientSysFWGit <clientsysfwgit@intel.com> 
Date: Thu Feb 12 20:10:22 2026 +0530 
-------------------------------------------------------------------------------- 
"WCL WildcatLake_wildcatlake_family_Daily Daily Updating Version/ID: WildcatLake_4033_01

Hsd-es-id: N/A"
Original commit date: Wed Jan 14 23:35:41 2026 +0000
Original commit hash: 53e277aabed2d6e4833e3498a50e500f6c8ef320

-------------------------------------------------------------------------------- 
[Changed Files]
OneSiliconPkg/Product/PantherLake/SiPkgPcdInit.dsc
PantherLakeBoardPkg/BiosId.env

================================================================================ 
Commit: 5bef80a6c93936d191b4adcd9b29f11db7222dc1 
Author: ClientSysFWGit <clientsysfwgit@intel.com> 
Date: Thu Feb 12 20:10:14 2026 +0530 
-------------------------------------------------------------------------------- 
"OEMx PantherLake_pantherlake_family_Daily Daily Updating Version/ID: PantherLake_4033_00

Hsd-es-id: N/A"
Original commit date: Wed Jan 14 18:36:32 2026 +0000
Original commit hash: 4a3b29a9342df159a2b5b465f534c9b3877dd322

-------------------------------------------------------------------------------- 
[Changed Files]
OneSiliconPkg/Product/PantherLake/SiPkgPcdInit.dsc
PantherLakeBoardPkg/BiosId.env

================================================================================ 
Commit: c6bde007da55f72c49b1bb422e0edebefa1ef3d6 
Author: ClientSysFWGit <clientsysfwgit@intel.com> 
Date: Thu Feb 12 20:10:07 2026 +0530 
-------------------------------------------------------------------------------- 
BIOS should keep reading retimer when PD is already in TBT mode

[Issue Description]
BIOS will skip the whole reading flow when PD is already in TBT mode

[Resolution]
if the function return error as EFI_ALREADY_STARTED, it means that
PD is already in TBT mode. BIOS should keep executing following steps.

Package/Module:
DxeFirmwareVersionInfoLib

[Impacted Platform]
OEMx.

Hsd-es-id: 15018907922
Original commit date: Tue Jan 13 15:03:23 2026 +0800
Change-Id: Iec7d864d054bf2bfc41e598cabe677903423de73
Original commit hash: 32cf9ab9650b1a7f013c9d3dfb6222826072d7a5

-------------------------------------------------------------------------------- 
[Changed Files]
PantherLakePlatSamplePkg/Library/DxeFirmwareVersionInfoLib/DxeFirmwareVersionInfoLib.c

================================================================================ 
Commit: 6118d661bd6237f5803a4bacd26fd010a8368f24 
Author: ClientSysFWGit <clientsysfwgit@intel.com> 
Date: Thu Feb 12 20:09:59 2026 +0530 
-------------------------------------------------------------------------------- 
"WCL WildcatLake_wildcatlake_family_Daily Daily Updating Version/ID: WildcatLake_4032_01

Hsd-es-id: N/A"
Original commit date: Tue Jan 13 23:34:25 2026 +0000
Original commit hash: 6a8ed7fe144f4a36e2dc43f2ecad2e31914e8ff9

-------------------------------------------------------------------------------- 
[Changed Files]
OneSiliconPkg/Product/PantherLake/SiPkgPcdInit.dsc
PantherLakeBoardPkg/BiosId.env

================================================================================ 
Commit: d12faaa3dec5a98b01018b3b211396a4b263514d 
Author: ClientSysFWGit <clientsysfwgit@intel.com> 
Date: Thu Feb 12 20:09:52 2026 +0530 
-------------------------------------------------------------------------------- 
"OEMx PantherLake_pantherlake_family_Daily Daily Updating Version/ID: PantherLake_4032_00

Hsd-es-id: N/A"
Original commit date: Tue Jan 13 18:38:47 2026 +0000
Original commit hash: 6f3e6696221ed10acbc04f45560b8ba82fd383e8

-------------------------------------------------------------------------------- 
[Changed Files]
OneSiliconPkg/Product/PantherLake/SiPkgPcdInit.dsc
PantherLakeBoardPkg/BiosId.env

================================================================================ 
Commit: 37e7e171a0a8a8888b68b7eecbc7937a0921c034 
Author: ClientSysFWGit <clientsysfwgit@intel.com> 
Date: Thu Feb 12 20:09:45 2026 +0530 
-------------------------------------------------------------------------------- 
"WCL WildcatLake_wildcatlake_family_Daily Daily Updating Version/ID: WildcatLake_4031_01

Hsd-es-id: N/A"
Original commit date: Mon Jan 12 23:35:46 2026 +0000
Original commit hash: dbabc589b899a7f5a1abba94726cc8ca5dede570

-------------------------------------------------------------------------------- 
[Changed Files]
OneSiliconPkg/Product/PantherLake/SiPkgPcdInit.dsc
PantherLakeBoardPkg/BiosId.env

================================================================================ 
Commit: cbbd3ab36eb83ef4b93e15df16f31becc3040529 
Author: ClientSysFWGit <clientsysfwgit@intel.com> 
Date: Thu Feb 12 20:09:38 2026 +0530 
-------------------------------------------------------------------------------- 
"OEMx PantherLake_pantherlake_family_Daily Daily Updating Version/ID: PantherLake_4031_00

Hsd-es-id: N/A"
Original commit date: Mon Jan 12 18:37:16 2026 +0000
Original commit hash: 709855992b5f9382d437d5e1be7db7b533d4173a

-------------------------------------------------------------------------------- 
[Changed Files]
OneSiliconPkg/Product/PantherLake/SiPkgPcdInit.dsc
PantherLakeBoardPkg/BiosId.env

================================================================================ 
Commit: 35321c52b6604d255fb79c31216ed8345858be4d 
Author: ClientSysFWGit <clientsysfwgit@intel.com> 
Date: Thu Feb 12 20:09:31 2026 +0530 
-------------------------------------------------------------------------------- 
Support RealTek SD Card Reader

[Feature Description]
Support RealTek SD Card Reader

Package/Module:
BoardPkg

[Impacted Platform]
Default ALL

Hsd-es-id: 15018856243
Original commit date: Mon Dec 15 13:46:30 2025 +0530
Change-Id: I8c4f673331db26a313c99bbc8e9819de1803497b
Original commit hash: 068be7842540b683621168963ecd311bbdc4e3d9

-------------------------------------------------------------------------------- 
[Changed Files]
PantherLakeBoardPkg/Acpi/AcpiTables/SsdtRtd3/WclNRvp1Rtd3.asl

================================================================================ 
Commit: dc5ba425aa587597eabf79e93fae8851b4aaf560 
Author: ClientSysFWGit <clientsysfwgit@intel.com> 
Date: Thu Feb 12 20:09:24 2026 +0530 
-------------------------------------------------------------------------------- 
Optimize VGA progress bar to avoid redundant memory writes

[Feature Description]
The UpdateProgressBar function in BaseIGpuInfoLib was rewriting the
entire progress bar from 0% to the current percentage on every update,
causing redundant VGA memory writes. For example, updating from 10% to
50% would redraw columns 0-50 instead of only drawing the new 10-50%
portion.

This optimization introduces incremental progress bar updates by storing
the previous progress percentage in IGpuDataHob->PreviousProgressBar and
only filling the delta between the previous and current positions. This
significantly reduces VGA memory writes and improves performance during
memory initialization progress display.

The optimization applies to both VGA Text Mode 3 (80x25) and Graphics
Mode 12 (640x480) with special handling for clearing (percentage = 0)
which always fills the entire bar.

Changes include:
- Added PreviousProgressBar field to IGPU_DATA_HOB structure
- Modified UpdateProgressBar to track and use previous progress position
- Implemented incremental fill logic for both Mode 3 and Mode 12

Package/Module: DomainIGpu

[Impacted Platform]
ALL

Hsd-es-id: 16029552668
Original commit date: Mon Dec 29 14:49:46 2025 +0530
Change-Id: Icba80bb48de57313f03dd66c2f75c8efbf83e831
Original commit hash: 06d65001c106197b2a681e67f566e9dd3490c4f1

-------------------------------------------------------------------------------- 
[Changed Files]
OneSiliconPkg/IpBlock/DomainIGpu/IncludePrivate/IGpuDataHob.h
OneSiliconPkg/IpBlock/DomainIGpu/Library/BaseIGpuInfoLib/BaseIGpuInfoLib.c
OneSiliconPkg/IpBlock/DomainIGpu/LibraryPrivate/IGpuInit/PeiDisplayInitLib/PeiDisplayInitLib.c

================================================================================ 
Commit: 45af0ebea1b1ab8d4f49bfb198a51e41f8dd2d6a 
Author: ClientSysFWGit <clientsysfwgit@intel.com> 
Date: Thu Feb 12 20:09:15 2026 +0530 
-------------------------------------------------------------------------------- 
Need to remove the unsupported IGPU Wake function

[Issue Description]
Need to remove the unsupported IGPU Wake function

[Resolution]
Remove the unsupported IGPU Wake function to align with the platform capabilities.

Package/Module: OneSiliconPkg, PantherLakePlatSamplePkg

[Impacted Platform]
Default ALL

Hsd-es-id: 15018691235
Original commit date: Tue Nov 25 14:14:25 2025 +0530
Change-Id: Ief4cce46dd355fd63b6e62801d56d9b88e407618
Original commit hash: 6a843224efd34e8004833517aba2a66da8849d27

-------------------------------------------------------------------------------- 
[Changed Files]
OneSiliconPkg/Fru/PtlPcd/Include/AcpiTables/Soc/PtlPcdGpeSsdt.asl
PantherLakePlatSamplePkg/Library/PeiPolicyUpdateLib/PeiSaPolicyUpdate.c
PantherLakePlatSamplePkg/Setup/SaSetup.hfr

================================================================================ 
Commit: e331816c4abd4f03b2ed8704fc7bef9d5bfe1fd1 
Author: ClientSysFWGit <clientsysfwgit@intel.com> 
Date: Thu Feb 12 20:09:07 2026 +0530 
-------------------------------------------------------------------------------- 
"WCL WildcatLake_wildcatlake_family_Daily Daily Updating Version/ID: WildcatLake_4030_01

Hsd-es-id: N/A"
Original commit date: Sun Jan 11 23:34:56 2026 +0000
Original commit hash: 68195efedc05ffb89cc5f829056153ae8b2f0942

-------------------------------------------------------------------------------- 
[Changed Files]
OneSiliconPkg/Product/PantherLake/SiPkgPcdInit.dsc
PantherLakeBoardPkg/BiosId.env

================================================================================ 
Commit: 56f2a3f0ec8f7e358b477ef0e565e60adea55c66 
Author: ClientSysFWGit <clientsysfwgit@intel.com> 
Date: Thu Feb 12 20:08:57 2026 +0530 
-------------------------------------------------------------------------------- 
"OEMx PantherLake_pantherlake_family_Daily Daily Updating Version/ID: PantherLake_4030_00

Hsd-es-id: N/A"
Original commit date: Sun Jan 11 18:35:35 2026 +0000
Original commit hash: a6589209380eaaf8459b3d6620ec8d8138d4883d

-------------------------------------------------------------------------------- 
[Changed Files]
OneSiliconPkg/Product/PantherLake/SiPkgPcdInit.dsc
PantherLakeBoardPkg/BiosId.env

================================================================================ 
Commit: 1a0cceb36f0b4cb82e43b70992cfd84b5e579790 
Author: ClientSysFWGit <clientsysfwgit@intel.com> 
Date: Thu Feb 12 20:08:50 2026 +0530 
-------------------------------------------------------------------------------- 
"WCL WildcatLake_wildcatlake_family_Daily Daily Updating Version/ID: WildcatLake_4026_01

Hsd-es-id: N/A"
Original commit date: Sat Jan 10 23:34:07 2026 +0000
Original commit hash: b172d6ffe30ca35db1c81fc1dec78dd9b307b145

-------------------------------------------------------------------------------- 
[Changed Files]
OneSiliconPkg/Product/PantherLake/SiPkgPcdInit.dsc
PantherLakeBoardPkg/BiosId.env

================================================================================ 
Commit: eb4f1dd52a5ff136bce4c69621194d30191ad982 
Author: ClientSysFWGit <clientsysfwgit@intel.com> 
Date: Thu Feb 12 20:08:40 2026 +0530 
-------------------------------------------------------------------------------- 
"OEMx PantherLake_pantherlake_family_Daily Daily Updating Version/ID: PantherLake_4026_00

Hsd-es-id: N/A"
Original commit date: Sat Jan 10 18:34:10 2026 +0000
Original commit hash: 2ded9981bcb549488240322ed8d1f7e962b0a00a

-------------------------------------------------------------------------------- 
[Changed Files]
OneSiliconPkg/Product/PantherLake/SiPkgPcdInit.dsc
PantherLakeBoardPkg/BiosId.env

================================================================================ 
Commit: 04e1a358ec4db3b25099803a5db6bad7dc16ac24 
Author: ClientSysFWGit <clientsysfwgit@intel.com> 
Date: Thu Feb 12 20:07:28 2026 +0530 
-------------------------------------------------------------------------------- 
"WCL WildcatLake_wildcatlake_family_Daily Daily Updating Version/ID: WildcatLake_4025_01

Hsd-es-id: N/A"
Original commit date: Fri Jan 9 23:34:18 2026 +0000
Original commit hash: 3a1be7db1185ee232b44c4b8d152c7a548665f4e

-------------------------------------------------------------------------------- 
[Changed Files]
OneSiliconPkg/Product/PantherLake/SiPkgPcdInit.dsc
PantherLakeBoardPkg/BiosId.env

================================================================================ 
Commit: 64a07ef656b3424b124c28da807aa1d8884035d0 
Author: ClientSysFWGit <clientsysfwgit@intel.com> 
Date: Thu Feb 12 20:07:10 2026 +0530 
-------------------------------------------------------------------------------- 
"OEMx PantherLake_pantherlake_family_Daily Daily Updating Version/ID: PantherLake_4025_00

Hsd-es-id: N/A"
Original commit date: Fri Jan 9 18:36:44 2026 +0000
Original commit hash: 0ee6700a064b5f2c8001af50b211256e287e03e8

-------------------------------------------------------------------------------- 
[Changed Files]
OneSiliconPkg/Product/PantherLake/SiPkgPcdInit.dsc
PantherLakeBoardPkg/BiosId.env

================================================================================ 
Commit: f8222cfb6aab1cc3dfeb4dbce12902f3bd94c895 
Author: ClientSysFWGit <clientsysfwgit@intel.com> 
Date: Thu Feb 12 20:07:03 2026 +0530 
-------------------------------------------------------------------------------- 
"WCL WildcatLake_wildcatlake_family_Daily Daily Updating Version/ID: WildcatLake_4024_01

Hsd-es-id: N/A"
Original commit date: Thu Jan 8 23:35:32 2026 +0000
Original commit hash: 44817dbd9d5a191919e8767c705bee4e75eb232f

-------------------------------------------------------------------------------- 
[Changed Files]
OneSiliconPkg/Product/PantherLake/SiPkgPcdInit.dsc
PantherLakeBoardPkg/BiosId.env

================================================================================ 
Commit: 5530143244eb4dd097e903332ae2b51f940559ab 
Author: ClientSysFWGit <clientsysfwgit@intel.com> 
Date: Thu Feb 12 20:06:55 2026 +0530 
-------------------------------------------------------------------------------- 
"OEMx PantherLake_pantherlake_family_Daily Daily Updating Version/ID: PantherLake_4024_00

Hsd-es-id: N/A"
Original commit date: Thu Jan 8 18:34:24 2026 +0000
Original commit hash: 5b2293cf65b895aff0c7d3dd13abb21052ca0ebf

-------------------------------------------------------------------------------- 
[Changed Files]
OneSiliconPkg/Product/PantherLake/SiPkgPcdInit.dsc
PantherLakeBoardPkg/BiosId.env

================================================================================ 
Commit: d061f4cf6ca9b40a1b7138668c36e798a8d6c1e0 
Author: ClientSysFWGit <clientsysfwgit@intel.com> 
Date: Thu Feb 12 20:06:49 2026 +0530 
-------------------------------------------------------------------------------- 
Some CNVI option cannot be load to their default values in BIOS Setup

[Issue Description]
Some CNVI option cannot be load to their default values in BIOS Setup when user press F3.

[Resolution]
Ensure that the platform callback is called with the correct parameters when F3 is pressed.

Package/Module:Features

[Impacted Platform]
Default ALL

Hsd-es-id: 15018817850
Original commit date: Thu Jan 8 15:08:40 2026 +0530
Change-Id: I91cdf09114efff88f43fe825498294f67bf4d2aa
Original commit hash: 81ac2f687a041c537a69e9b414aefd720ad6a1d2

-------------------------------------------------------------------------------- 
[Changed Files]
Features/Connectivity/CnvFeaturePkg/CnvVfrSetupMenu/CnvVfrSetupMenuHiiConfigAccess.c
PantherLakePlatSamplePkg/Setup/ConnectivitySetup.c

================================================================================ 
Commit: 96ff9bfaabd73a3e272caec682140b25f0376afd 
Author: ClientSysFWGit <clientsysfwgit@intel.com> 
Date: Thu Feb 12 20:06:43 2026 +0530 
-------------------------------------------------------------------------------- 
BIOS Support for DDR5 CRB board

[Feature Description]
Added BIOS support for DDR5 CRB board

Package/Module:
OneSiliconPkg,
PantherLakeBoardPkg,
PantherLakeFspPkg,
PantherLakePlatSamplePkg

[Impacted Platform]
WCL

Hsd-es-id: 16029393047
Original commit date: Tue Dec 9 12:21:04 2025 +0530
Change-Id: Ia2d8385a2d51cfe2da827f6437f25b38f2836db5
Original commit hash: 4c8e444dcaad5238969f0c3320a00b9c3557da66

-------------------------------------------------------------------------------- 
[Changed Files]
OneSiliconPkg/Fsp/BuildFsp.cmd
PantherLakeBoardPkg/Acpi/AcpiTables/SsdtRtd3/WclNCrbEmbRtd3.asl
PantherLakeBoardPkg/Acpi/AdvancedAcpiDxe/SioInit.c
PantherLakeBoardPkg/BoardPkg.dec
PantherLakeBoardPkg/BoardPkg.dsc
PantherLakeBoardPkg/BoardPkgPcdUpdate.dsc
PantherLakeBoardPkg/BoardSupport/Library/PeiBoardConfigLib/PeiBoardConfigLib.c
PantherLakeBoardPkg/BuildIafw.sh
PantherLakeBoardPkg/Include/PlatformBoardId.h
PantherLakeBoardPkg/prep.bat
PantherLakeFspPkg/BuildFv.cmd
PantherLakeFspPkg/BuildFv.sh
PantherLakeFspPkg/FspPkgPcdUpdate.dsc
PantherLakePlatSamplePkg/Features/Embedded/Dxe/EmbeddedDxe.c
PantherLakePlatSamplePkg/Library/PeiPolicyUpdateLib/PeiPchPolicyUpdate.c
PantherLakePlatSamplePkg/Library/PeiPolicyUpdateLib/PeiSaPolicyUpdate.c
PantherLakePlatSamplePkg/PlatformPkg.dec
PantherLakePlatSamplePkg/Setup/Advanced.vfr

================================================================================ 
Commit: 22239adb1ec017465d857898f564ab13096a1a30 
Author: ClientSysFWGit <clientsysfwgit@intel.com> 
Date: Thu Feb 12 20:06:36 2026 +0530 
-------------------------------------------------------------------------------- 
Update MRC Release Notes and increment MRC build revision to 0.0.126.1

[Feature Description]
Updating MrcVersion.h and ReleaseNotes.

Package/Module:OneSiliconPkg/MemoryInit

[Impacted Platform]
All

Registers impacted: None

Hsd-es-id: 22018552565
Original commit date: Thu Jan 8 00:20:44 2026 +0000
Original commit hash: 88b2887dbdded2cacf56923cd6dda35b4e4d76c4

-------------------------------------------------------------------------------- 
[Changed Files]
OneSiliconPkg/IpBlock/MemoryInit/src/IncludePrivate/Ptl/MrcVersion.h

================================================================================ 
Commit: 4dc2512b0f3ad599da3fecf8229389b36640add6 
Author: ClientSysFWGit <clientsysfwgit@intel.com> 
Date: Thu Feb 12 20:06:30 2026 +0530 
-------------------------------------------------------------------------------- 
Physical memory maximum capacity is displayed incorrectly

[Issue Description]
MaxRankCapacity was set to 16 to reflect the maximum rank
capacity for a 32Gb x8 memory - 16GB (according to OEMx MC HAS).
It turned out that the maximum capacity calculation was not
taking into account the fact that this value does not reflect
an entire x64 SO-DIMM.

[Resolution]
For the SMBIOS calculations, we need to multiply the rank size by 2
in order to get both x32 channels of a x64 SO-DIMM.

Package/Module: OneSiliconPkg/IpBlock/MemoryInit

[Impacted Platform]
All

Hsd-es-id: 18044075862
Original commit date: Wed Jan 7 20:36:42 2026 +0100
Change-Id: I557e8dd644dfe27a6c244a9990ac36955fb64f7b
Original commit hash: 46438bfeff5d5274c9d9abed1f41775b97083f90

-------------------------------------------------------------------------------- 
[Changed Files]
OneSiliconPkg/IpBlock/MemoryInit/LibraryPrivate/MemoryInitPtl.c

================================================================================ 
Commit: c4b56723f5cf904744d4b881c25d425d02ec175e 
Author: ClientSysFWGit <clientsysfwgit@intel.com> 
Date: Thu Feb 12 20:06:24 2026 +0530 
-------------------------------------------------------------------------------- 
Add CD Clock frequency control for VGA SOL initialization support

[Feature Description]
This change adds support for configuring higher CD Clock frequencies
(442MHz and 461MHz) for VGA SOL initialization during the Pre-Memory
phase. The feature allows BIOS to request specific display
core clock frequencies when VGA support is enabled during MRC training.

The VgaInitControl field in IGPU_PEI_PREMEM_CONFIG has been extended
to include BIT6-7 for CD Clock frequency selection:
- 0: No higher CD Clock required
- 1: 442 MHz
- 2: 461 MHz
- 3: Reserved

Package/Module: OneSiliconPkg

[Impacted Platform]
ALL

Hsd-es-id: 16029552664
Original commit date: Tue Dec 30 15:05:44 2025 +0530
Change-Id: If219f7a2f90efa805d577b440ab78938232495e2
Original commit hash: 4cf431902590467d73107eca09786d582974282d

-------------------------------------------------------------------------------- 
[Changed Files]
OneSiliconPkg/Include/ConfigBlock/Graphics/Gen13/IGpuConfig.h
OneSiliconPkg/Include/Register/B2pMailbox.h
OneSiliconPkg/Product/PantherLake/SiInit/Pei/SiInitPreMem.c
OneSiliconPkg/Product/PantherLake/SiInit/Pei/SiInitPreMem.inf
PantherLakeFspPkg/Upd/FspmUpd.dsc

================================================================================ 
Commit: b005aca725bf909b38618946dc1cc9b4a8cb7c1d 
Author: ClientSysFWGit <clientsysfwgit@intel.com> 
Date: Thu Feb 12 20:06:16 2026 +0530 
-------------------------------------------------------------------------------- 
"WCL WildcatLake_wildcatlake_family_Daily Daily Updating Version/ID: WildcatLake_4023_01

Hsd-es-id: N/A"
Original commit date: Wed Jan 7 23:34:07 2026 +0000
Original commit hash: 8529f7c0e554437142c86d45adad12be8b87c107

-------------------------------------------------------------------------------- 
[Changed Files]
OneSiliconPkg/Product/PantherLake/SiPkgPcdInit.dsc
PantherLakeBoardPkg/BiosId.env

================================================================================ 
Commit: 5c2d309dafe7570b13e726820674de96533b91fa 
Author: ClientSysFWGit <clientsysfwgit@intel.com> 
Date: Thu Feb 12 20:06:08 2026 +0530 
-------------------------------------------------------------------------------- 
"OEMx PantherLake_pantherlake_family_Daily Daily Updating Version/ID: PantherLake_4023_00

Hsd-es-id: N/A"
Original commit date: Wed Jan 7 18:36:18 2026 +0000
Original commit hash: 1b5131c3ffa42c20527f21abb95ecde8f4280fa1

-------------------------------------------------------------------------------- 
[Changed Files]
OneSiliconPkg/Product/PantherLake/SiPkgPcdInit.dsc
PantherLakeBoardPkg/BiosId.env

================================================================================ 
Commit: 01dea67c6e5e7caa78d99324944588eb040870b4 
Author: ClientSysFWGit <clientsysfwgit@intel.com> 
Date: Thu Feb 12 20:05:55 2026 +0530 
-------------------------------------------------------------------------------- 
Update MRC Green Payload for MRC build revision 0.0.126.0

[Feature Description]
Updating MrcVersion.h and ReleaseNotes.

Package/Module:OneSiliconPkg/MemoryInit

[Impacted Platform]
All

Registers impacted: None

Hsd-es-id: 22018552565
Original commit date: Wed Jan 7 09:35:55 2026 -0800
Original commit hash: ec726505f7a696321cb71e26e28e3b28a47b60b8

-------------------------------------------------------------------------------- 
[Changed Files]
OneSiliconPkg/IpBlock/MemoryInit/src/UcManagement/Ptl/MrcUcPayloadData.c

================================================================================ 
Commit: 3cc93e786d7a8ff2680489b3c9c97370be001ae5 
Author: ClientSysFWGit <clientsysfwgit@intel.com> 
Date: Thu Feb 12 20:05:48 2026 +0530 
-------------------------------------------------------------------------------- 
OEMx MRC increment 0.0.126.0

[Feature Description]
Update Program-P Platform BIOS with Program-P MRC drop 0.0.126.0.

Package/Module: OneSiliconPkg/IpBlock/MemoryInit

[Impacted Platform]
All

Hsd-es-id: 18044069136
Original commit date: Wed Dec 31 12:32:17 2025 +0100
Change-Id: Ia78a6bb781360672e75464dddc792470610b0806
Original commit hash: deb877ffef5706804ce755cbd7c563e6fac64b7a

-------------------------------------------------------------------------------- 
[Changed Files]
OneSiliconPkg/IpBlock/MemoryInit/Include/CMrcInterface.h
OneSiliconPkg/IpBlock/MemoryInit/Library/PeiMemPolicyLib/InputBlock/Ptl/MrcInputBlock.c
OneSiliconPkg/IpBlock/MemoryInit/src/ApiLib/BlueMrcGeneral.c
OneSiliconPkg/IpBlock/MemoryInit/src/IncludePrivate/Ptl/MrcVersion.h
OneSiliconPkg/IpBlock/MemoryInit/src/IncludePublic/Ptl/CMrcExtInputs.h
OneSiliconPkg/IpBlock/MemoryInit/src/ServicesLib/MrcCommon.h

================================================================================ 
Commit: daa6d64628c8d6783f62ed62274811771a488cfc 
Author: ClientSysFWGit <clientsysfwgit@intel.com> 
Date: Thu Feb 12 20:05:41 2026 +0530 
-------------------------------------------------------------------------------- 
Update MRC Release Notes and increment MRC build revision to 0.0.124.1

[Feature Description]
Updating MrcVersion.h and ReleaseNotes.

Package/Module:OneSiliconPkg/MemoryInit

[Impacted Platform]
All

Registers impacted: None

Hsd-es-id: 22018552565
Original commit date: Wed Jan 7 06:26:52 2026 +0000
Original commit hash: 8f84ee1757721e8e38c6c925b95f1079d7d42249

-------------------------------------------------------------------------------- 
[Changed Files]
OneSiliconPkg/IpBlock/MemoryInit/src/IncludePrivate/Ptl/MrcVersion.h

================================================================================ 
Commit: 4925d9cb541a6a91d7af622b217762e623928616 
Author: ClientSysFWGit <clientsysfwgit@intel.com> 
Date: Thu Feb 12 20:05:34 2026 +0530 
-------------------------------------------------------------------------------- 
VR Spec Update WW02'26

[Feature Description]
Updated PD Values for WW02'26

Package/Module: 1S

[Impacted Platform]
W.

Hsd-es-id: 16029546962
Original commit date: Tue Jan 6 13:19:24 2026 +0530
Change-Id: I14a4d10778edd0c7fd636937914f2fa2284520c2
Original commit hash: 269be70f014d8c38092cf0265dc9558b48607193

-------------------------------------------------------------------------------- 
[Changed Files]
OneSiliconPkg/Fru/PtlCDie/VoltageRegulator/LibraryPrivate/PeiVrFruLib/PeiVrFruLib.c

================================================================================ 
Commit: 825864a9fbca11ad9f50457013d211b6d2d76faf 
Author: ClientSysFWGit <clientsysfwgit@intel.com> 
Date: Thu Feb 12 20:05:26 2026 +0530 
-------------------------------------------------------------------------------- 
Fix VGA initialization timing to occur during MRC training for SOL

[Issue Description]
VGA SOL initialization was being skipped during cold
boot when it was intended to occur during Memory Reference Code (MRC)
training. The VGA initialization was conditionally executed outside
the MRC training loop, causing the display to not initialize properly
during memory training when SOL was enabled.

[Resolution]
1. Moved IGpuVgaInit() call inside the MRC training do-while loop in
   MemoryInitPtl.c so that VGA initialization occurs during cold boot
   MRC training when enabled.

2. Updated PeiSaPolicyUpdatePreMem.c to add BIT3
   bit to all VgaInitControl settings when SOL is enabled. This ensures
   BIT3 is set to indicate VGA should initialize during MRC training
   rather than during Display Init phase.

3. Removed unnecessary boot mode check (BOOT_WITH_FULL_CONFIGURATION and
   BOOT_WITH_DEFAULT_SETTINGS) as VGA initialization timing should be
   consistent regardless of boot mode.

Package/Module: MemoryInit

[Impacted Platform]
ALL

Hsd-es-id: 16029478262
Original commit date: Wed Dec 31 17:29:59 2025 +0530
Change-Id: I092541110ba7d94f639a27f9c62c31174e3e711e
Original commit hash: f4a7c0146e144b1f8624b846ebe2ffcbe2f6bb19

-------------------------------------------------------------------------------- 
[Changed Files]
OneSiliconPkg/IpBlock/MemoryInit/LibraryPrivate/MemoryInitPtl.c
PantherLakePlatSamplePkg/Library/PeiPolicyUpdateLib/PeiSaPolicyUpdatePreMem.c

================================================================================ 
Commit: 188aadca26f2fe48e73a0b81b38a948e3e519154 
Author: ClientSysFWGit <clientsysfwgit@intel.com> 
Date: Thu Feb 12 20:05:19 2026 +0530 
-------------------------------------------------------------------------------- 
"WCL WildcatLake_wildcatlake_family_Daily Daily Updating Version/ID: WildcatLake_4022_01

Hsd-es-id: N/A"
Original commit date: Tue Jan 6 23:36:42 2026 +0000
Original commit hash: 99fa2ff00ecf25b5fa111f628e15e804c3cc23d5

-------------------------------------------------------------------------------- 
[Changed Files]
OneSiliconPkg/Product/PantherLake/SiPkgPcdInit.dsc
PantherLakeBoardPkg/BiosId.env

================================================================================ 
Commit: 2c4624cc56d159bc6031fc0b226d15d31c0272e9 
Author: ClientSysFWGit <clientsysfwgit@intel.com> 
Date: Thu Feb 12 20:05:11 2026 +0530 
-------------------------------------------------------------------------------- 
"OEMx PantherLake_pantherlake_family_Daily Daily Updating Version/ID: PantherLake_4022_00

Hsd-es-id: N/A"
Original commit date: Tue Jan 6 18:35:02 2026 +0000
Original commit hash: fd6c4c2589675bacb1fd911397a26c8e928586c9

-------------------------------------------------------------------------------- 
[Changed Files]
OneSiliconPkg/Product/PantherLake/SiPkgPcdInit.dsc
PantherLakeBoardPkg/BiosId.env

================================================================================ 
Commit: 475e91132ed51fc14db61212caf8820fa502e95b 
Author: ClientSysFWGit <clientsysfwgit@intel.com> 
Date: Thu Feb 12 20:04:59 2026 +0530 
-------------------------------------------------------------------------------- 
BIOS to program HPME=1 for all ENABLED ports in the controller

[Feature Description]
	- BIOS to program HPME=1 for all RP's which are not function
disabled as long as any port within a controller is hotplug capable
	- Set HPICTL to 0 if all RP's in the same controllers are
not disabled and HotPlug is enabled for those RP's
	- BIOS should prioritize root port disabled over hotplug and
disable HotPlug capability if the RP is disabled.

Package/Module: OneSiliconPkg

[Impacted Platform]
Default ALL

Hsd-es-id: 16029451023
Original commit date: Fri Dec 12 13:52:23 2025 +0530
Change-Id: I82d7550c73cc6c97083673d5075cfd8742b875fa
Original commit hash: 7a1f7a71a8b254e0567980563b6d9831a6552048

-------------------------------------------------------------------------------- 
[Changed Files]
OneSiliconPkg/Fru/PtlPcd/SocInit/Smm/PchPcieSmm.c
OneSiliconPkg/IpBlock/DomainPcie/Ver1/Library/DomainPcieInitLib/DomainPcieInit.c
OneSiliconPkg/IpBlock/IpPcieSip17/Include/IpPcieSipInitLib.h
OneSiliconPkg/IpBlock/IpPcieSip17/IpPcieLib/IpPcie.c
OneSiliconPkg/IpBlock/IpPcieSip17/IpPcieLib/IpPcieSipInitLib.c
OneSiliconPkg/IpBlock/PcieRp/IncludePrivate/Register/PcieSipRegs.h

================================================================================ 
Commit: e761a42b10cf3712d696a4c131b2546b87699c57 
Author: ClientSysFWGit <clientsysfwgit@intel.com> 
Date: Thu Feb 12 20:04:38 2026 +0530 
-------------------------------------------------------------------------------- 
"WCL WildcatLake_wildcatlake_family_Daily Daily Updating Version/ID: WildcatLake_4021_01

Hsd-es-id: N/A"
Original commit date: Mon Jan 5 23:34:12 2026 +0000
Original commit hash: f158ce6083d4be6137a1f8b7e3f84d31c931ee83

-------------------------------------------------------------------------------- 
[Changed Files]
OneSiliconPkg/Product/PantherLake/SiPkgPcdInit.dsc
PantherLakeBoardPkg/BiosId.env

================================================================================ 
Commit: 85b4cc72547b198381c54526046c6c8cd05ec883 
Author: ClientSysFWGit <clientsysfwgit@intel.com> 
Date: Thu Feb 12 20:04:25 2026 +0530 
-------------------------------------------------------------------------------- 
"OEMx PantherLake_pantherlake_family_Daily Daily Updating Version/ID: PantherLake_4021_00

Hsd-es-id: N/A"
Original commit date: Mon Jan 5 18:34:36 2026 +0000
Original commit hash: 1a835c6044a9fdc1190f30a25c5d62d9e8648a43

-------------------------------------------------------------------------------- 
[Changed Files]
OneSiliconPkg/Product/PantherLake/SiPkgPcdInit.dsc
PantherLakeBoardPkg/BiosId.env

================================================================================ 
Commit: 75e6d10b8e58dcbc21d2b99a3f8b39b8ded7626e 
Author: ClientSysFWGit <clientsysfwgit@intel.com> 
Date: Thu Feb 12 20:04:19 2026 +0530 
-------------------------------------------------------------------------------- 
"WCL WildcatLake_wildcatlake_family_Daily Daily Updating Version/ID: WildcatLake_4020_01

Hsd-es-id: N/A"
Original commit date: Sun Jan 4 23:34:11 2026 +0000
Original commit hash: c604816748f108a04e1949e9ac320a2b509d1c92

-------------------------------------------------------------------------------- 
[Changed Files]
OneSiliconPkg/Product/PantherLake/SiPkgPcdInit.dsc
PantherLakeBoardPkg/BiosId.env

================================================================================ 
Commit: c3c45d7deac89c3de6eae7815bfc98087250cba3 
Author: ClientSysFWGit <clientsysfwgit@intel.com> 
Date: Thu Feb 12 20:04:12 2026 +0530 
-------------------------------------------------------------------------------- 
"OEMx PantherLake_pantherlake_family_Daily Daily Updating Version/ID: PantherLake_4020_00

Hsd-es-id: N/A"
Original commit date: Sun Jan 4 18:34:07 2026 +0000
Original commit hash: 861f1084b55e39b1f94bce498a1a88528495cfa7

-------------------------------------------------------------------------------- 
[Changed Files]
OneSiliconPkg/Product/PantherLake/SiPkgPcdInit.dsc
PantherLakeBoardPkg/BiosId.env

================================================================================ 
Commit: 3d02292e4b6f301ac837466ecd902a129b803aa3 
Author: ClientSysFWGit <clientsysfwgit@intel.com> 
Date: Thu Feb 12 20:04:04 2026 +0530 
-------------------------------------------------------------------------------- 
"WCL WildcatLake_wildcatlake_family_Daily Daily Updating Version/ID: WildcatLake_4016_01

Hsd-es-id: N/A"
Original commit date: Sat Jan 3 23:35:43 2026 +0000
Original commit hash: 4b00e5e8c7657db4e7880e1f9944f9e9fb63598e

-------------------------------------------------------------------------------- 
[Changed Files]
OneSiliconPkg/Product/PantherLake/SiPkgPcdInit.dsc
PantherLakeBoardPkg/BiosId.env

================================================================================ 
Commit: 4998490b333531c7def487d6a2c5531fa2a4c6c2 
Author: ClientSysFWGit <clientsysfwgit@intel.com> 
Date: Thu Feb 12 20:03:58 2026 +0530 
-------------------------------------------------------------------------------- 
"OEMx PantherLake_pantherlake_family_Daily Daily Updating Version/ID: PantherLake_4016_00

Hsd-es-id: N/A"
Original commit date: Sat Jan 3 18:35:27 2026 +0000
Original commit hash: 92ffd69cf17e6d74706e0ffc6b83cdc005c056de

-------------------------------------------------------------------------------- 
[Changed Files]
OneSiliconPkg/Product/PantherLake/SiPkgPcdInit.dsc
PantherLakeBoardPkg/BiosId.env

================================================================================ 
Commit: a756ca5a10b9d03ff170138136c444c674a7f4bf 
Author: ClientSysFWGit <clientsysfwgit@intel.com> 
Date: Thu Feb 12 20:03:53 2026 +0530 
-------------------------------------------------------------------------------- 
"WCL WildcatLake_wildcatlake_family_Daily Daily Updating Version/ID: WildcatLake_4015_01

Hsd-es-id: N/A"
Original commit date: Fri Jan 2 23:35:45 2026 +0000
Original commit hash: 69dafc0ffa7b18e1566396f7c800347eaa897e65

-------------------------------------------------------------------------------- 
[Changed Files]
OneSiliconPkg/Product/PantherLake/SiPkgPcdInit.dsc
PantherLakeBoardPkg/BiosId.env

================================================================================ 
Commit: 89a535172c3778719179f7f14a78a9b363583769 
Author: ClientSysFWGit <clientsysfwgit@intel.com> 
Date: Thu Feb 12 20:03:47 2026 +0530 
-------------------------------------------------------------------------------- 
"OEMx PantherLake_pantherlake_family_Daily Daily Updating Version/ID: PantherLake_4015_00

Hsd-es-id: N/A"
Original commit date: Fri Jan 2 18:36:55 2026 +0000
Original commit hash: f577e63168201d928547077be7d86243a5885291

-------------------------------------------------------------------------------- 
[Changed Files]
OneSiliconPkg/Product/PantherLake/SiPkgPcdInit.dsc
PantherLakeBoardPkg/BiosId.env

================================================================================ 
Commit: d64a272483006497d9fb57127f77bf6c629748c6 
Author: ClientSysFWGit <clientsysfwgit@intel.com> 
Date: Thu Feb 12 20:03:41 2026 +0530 
-------------------------------------------------------------------------------- 
Incorrect implementation of _DSM Method causing YB in OS

[Issue Description]
Before filling the data for the next command, Ec will check whether
BIOS had read the data. However, BIOS read the buffer multiple times
in the _DSM method 2, causing the buffer to be overwritten incorrectly
and triggering a BSOD.

[Resolution]
Correct the _DSM method 2 to read the EC buffer only once.

Package/Module:
UcsiFeaturePkg

[Impacted Platform]
OEMx.

Hsd-es-id: 16029452507
Original commit date: Mon Dec 15 14:34:27 2025 +0800
Change-Id: I65b6875de9725fefd01ac14a2e8a49accabacd86
Original commit hash: e2d6a67e1ff88832a8fa30acdf54eda8f4a3a48a

-------------------------------------------------------------------------------- 
[Changed Files]
Features/UcsiFeaturePkg/AcpiTables/Ucsi.asl

================================================================================ 
Commit: 49ab5e5fb18a590549f792d7af11fa4a5b25be3e 
Author: ClientSysFWGit <clientsysfwgit@intel.com> 
Date: Thu Feb 12 20:03:36 2026 +0530 
-------------------------------------------------------------------------------- 
The number of used slots is displayed incorrectly.

[Issue Description]
The number of used slots is displayed incorrectly in the BIOS
when 1DPC configuration is used. For example, when 2 DIMMs are
installed in a 1DPC configuration, the BIOS shows 4 used slots.

[Resolution]
Adding as 1 slot = 1 dimm = 2 channels = 1 MC.

Package/Module:
BoardPkg

[Impacted Platform]
ALL

Hsd-es-id: 15018847124
Original commit date: Wed Dec 31 12:53:34 2025 +0530
Change-Id: I906be2bbddbfa6d5b1731f934f42e340b974be6b
Original commit hash: 38cd8aade59564feadfdfe63f823202e28f6e48d

-------------------------------------------------------------------------------- 
[Changed Files]
PantherLakeBoardPkg/PantherLakeBoards/PantherLakeMobileBoards/BoardVpdPcdsInit/PtlUH/SkuIdPtlUHDdr5Rvp4.dsc

================================================================================ 
Commit: 05caf79f1c8c2148ce825cb0d703f2bd3129b949 
Author: ClientSysFWGit <clientsysfwgit@intel.com> 
Date: Thu Feb 12 20:03:30 2026 +0530 
-------------------------------------------------------------------------------- 
XHCI setting will be override by supporting secure camera

[Issue Description]
physical port mapping mismatched with logical port mapping

[Resolution]
The physical port mapping should be same as logical port mapping

Package/Module: BoardPkg

[Impacted Platform]
Default ALL

Hsd-es-id: 15018849463
Original commit date: Fri Jan 2 09:24:09 2026 +0530
Change-Id: If92496945d4469e9bd9cf6cf8be57319942edd06
Original commit hash: 30ff753d76f5c5a1d20b0d24bd198960976390c3

-------------------------------------------------------------------------------- 
[Changed Files]
PantherLakeBoardPkg/Acpi/AdvancedAcpiDxe/AcpiPlatform.c

================================================================================ 
Commit: 47685b6c6c752acde9ce305768691f526eaa8801 
Author: ClientSysFWGit <clientsysfwgit@intel.com> 
Date: Thu Feb 12 20:03:24 2026 +0530 
-------------------------------------------------------------------------------- 
Some CNVI option cannot be load to their default values in BIOS Setup

[Issue Description]
Some CNVI option cannot be load to their default values in BIOS Setup

[Resolution]
CNVI setup options should be restored to default after F3

Package/Module: CnvFeaturePkg

[Impacted Platform]
Default ALL

Hsd-es-id: 15018817850
Original commit date: Tue Dec 30 11:47:57 2025 +0530
Change-Id: I9292c5f620ac3d16c1523ea4909ac8592b9e2ff3
Original commit hash: b641970efda6110067ef269d0e4814e1857138e1

-------------------------------------------------------------------------------- 
[Changed Files]
Features/Connectivity/CnvFeaturePkg/CnvVfrSetupMenu/CnvVfrSetupMenuHiiConfigAccess.c

================================================================================ 
Commit: 4f0240345b1c9e949c59ac1555ce98c342a0bb1a 
Author: ClientSysFWGit <clientsysfwgit@intel.com> 
Date: Thu Feb 12 20:03:15 2026 +0530 
-------------------------------------------------------------------------------- 
MemoryTelemetry: Refactor PEIM to library and fix AMT PPR policy

[Issue Description]
The existing Memory Telemetry enabling AMT and PPR via a PEIM variable
was failing to set MRC AMT PPR to run. The PEIM variable MRC set was
overwritten during SA Policy update and AMT fails to run reliably.

[Resolution]
Refactored the architecture to eliminate the redundant PEIM and consolidate
all logic into PeiMemoryTelemetryLib. Created UpdateAmtPprMrcPolicy()
API that reads the AmtPprEnable UEFI variable and configures MRC policies:
- Sets MemConfigNoCrc->PprTestType.Value to PPR_TEST when AMT enabled
- Sets MemConfigNoCrc->PprRepairType to HARD_PPR or NOREPAIR_PPR based on
  AMT/PPR capability configuration

Modified PeiSaPolicyUpdatePreMem to call UpdateAmtPprMrcPolicy() when
PcdMemoryTelemetryEnabled is TRUE. If UpdateAmtPprMrcPolicy() succeeds,
the AMT-configured policies are preserved. If it fails (variable not found
or AMT not enabled), the code falls back to Setup menu values, maintaining
backward compatibility.

Package/Module:
MemoryTelemetryFeaturePkg, PlatSamplePkg, BoardPkg

[Impacted Platform]
ALL

Hsd-es-id: 16029419604
Original commit date: Wed Dec 31 11:49:48 2025 -0800
Change-Id: I4cc6fdc86324487509995de3ca2317402946721f
Original commit hash: 7a26a902705dc1792976db4cd97f5cac1aab3ed0

-------------------------------------------------------------------------------- 
[Changed Files]
Features/Manageability/MemoryTelemetryFeaturePkg/Include/Library/PeiMemoryTelemetryLib.h
Features/Manageability/MemoryTelemetryFeaturePkg/Include/MemoryTelemetryFeaturePkg.dsc
Features/Manageability/MemoryTelemetryFeaturePkg/Library/PeiMemoryTelemetryLib/PeiMemoryTelemetryLib.c
Features/Manageability/MemoryTelemetryFeaturePkg/Library/PeiMemoryTelemetryLib/PeiMemoryTelemetryLib.inf
Features/Manageability/MemoryTelemetryFeaturePkg/Library/PeiMemoryTelemetryLibNull/PeiMemoryTelemetryLibNull.c
Features/Manageability/MemoryTelemetryFeaturePkg/Library/PeiMemoryTelemetryLibNull/PeiMemoryTelemetryLibNull.inf
Features/Manageability/MemoryTelemetryFeaturePkg/PeiMemoryTelemetry/PeiMemoryTelemetry.c
Features/Manageability/MemoryTelemetryFeaturePkg/PeiMemoryTelemetry/PeiMemoryTelemetry.h
PantherLakeBoardPkg/BoardPkg.dsc
PantherLakeBoardPkg/BoardPkg.fdf
PantherLakePlatSamplePkg/Library/PeiPolicyUpdateLib/PeiPolicyUpdateLib.inf
PantherLakePlatSamplePkg/Library/PeiPolicyUpdateLib/PeiSaPolicyUpdatePreMem.c

================================================================================ 
Commit: f185a8d9e67f4b5bbe72ff16c9f2507d43f56423 
Author: ClientSysFWGit <clientsysfwgit@intel.com> 
Date: Thu Feb 12 20:03:09 2026 +0530 
-------------------------------------------------------------------------------- 
Incorrect Board ID and Board Name displayed

[Issue Description]
Incorrect Board ID and Board Name displayed
in BIOS for 9600 MT/s Memory System.

[Resolution]
Adding Board name for GCS and ADK 9600

Package/Module:
BoardPkg
PlatSamplePkg

[Impacted Platform]
ALL

Hsd-es-id: 16029528785
Original commit date: Wed Dec 31 11:43:13 2025 +0530
Change-Id: I2b86b05b93ea831620e7c167be7f4c326f21a975
Original commit hash: 3d5c0a85edd346f502cdad8860817cdfee40db74

-------------------------------------------------------------------------------- 
[Changed Files]
PantherLakeBoardPkg/Library/PeiDxeBoardIdsLib/PeiDxeBoardIdsLib.c
PantherLakePlatSamplePkg/Library/PeiDxeBoardIdsLib/PeiDxeBoardIdsLib.c

================================================================================ 
Commit: 988c5233e7742bb878d09267c8e056066b4bf8ee 
Author: ClientSysFWGit <clientsysfwgit@intel.com> 
Date: Thu Feb 12 20:03:04 2026 +0530 
-------------------------------------------------------------------------------- 
"WCL WildcatLake_wildcatlake_family_Daily Daily Updating Version/ID: WildcatLake_4014_01

Hsd-es-id: N/A"
Original commit date: Thu Jan 1 23:34:20 2026 +0000
Original commit hash: 8f2fc0977038741d99c960f034daf1e94c7afc81

-------------------------------------------------------------------------------- 
[Changed Files]
OneSiliconPkg/Product/PantherLake/SiPkgPcdInit.dsc
PantherLakeBoardPkg/BiosId.env

================================================================================ 
Commit: 33dcf60a9ad50c7d66b1f85c4b2a74344d75810b 
Author: ClientSysFWGit <clientsysfwgit@intel.com> 
Date: Thu Feb 12 20:02:58 2026 +0530 
-------------------------------------------------------------------------------- 
"OEMx PantherLake_pantherlake_family_Daily Daily Updating Version/ID: PantherLake_4014_00

Hsd-es-id: N/A"
Original commit date: Thu Jan 1 18:35:35 2026 +0000
Original commit hash: 9add6ac405478c727361d6b90031b797c62dc773

-------------------------------------------------------------------------------- 
[Changed Files]
OneSiliconPkg/Product/PantherLake/SiPkgPcdInit.dsc
PantherLakeBoardPkg/BiosId.env

================================================================================ 
Commit: 922462bf5ae1377870810696fa0f6b5e0360b6cb 
Author: ClientSysFWGit <clientsysfwgit@intel.com> 
Date: Thu Feb 12 20:02:51 2026 +0530 
-------------------------------------------------------------------------------- 
"WCL WildcatLake_wildcatlake_family_Daily Daily Updating Version/ID: WildcatLake_4013_01

Hsd-es-id: N/A"
Original commit date: Wed Dec 31 23:35:50 2025 +0000
Original commit hash: 083b1f422b52458559f51d15be359f5aaef10b0b

-------------------------------------------------------------------------------- 
[Changed Files]
OneSiliconPkg/Product/PantherLake/SiPkgPcdInit.dsc
PantherLakeBoardPkg/BiosId.env

================================================================================ 
Commit: 0e90f1fc5fc32fe5adab4a46f13e2c1b50df8a20 
Author: ClientSysFWGit <clientsysfwgit@intel.com> 
Date: Thu Feb 12 20:02:43 2026 +0530 
-------------------------------------------------------------------------------- 
"OEMx PantherLake_pantherlake_family_Daily Daily Updating Version/ID: PantherLake_4013_00

Hsd-es-id: N/A"
Original commit date: Wed Dec 31 18:34:20 2025 +0000
Original commit hash: 3b5fca68bcc0c1162237d559c5b7a3608123fb46

-------------------------------------------------------------------------------- 
[Changed Files]
OneSiliconPkg/Product/PantherLake/SiPkgPcdInit.dsc
PantherLakeBoardPkg/BiosId.env

================================================================================ 
Commit: 1597ee3df821f32341d4bd4c51db38388be60fed 
Author: ClientSysFWGit <clientsysfwgit@intel.com> 
Date: Thu Feb 12 20:02:38 2026 +0530 
-------------------------------------------------------------------------------- 
"WCL WildcatLake_wildcatlake_family_Daily Daily Updating Version/ID: WildcatLake_4012_01

Hsd-es-id: N/A"
Original commit date: Tue Dec 30 23:34:00 2025 +0000
Original commit hash: d0333163adec183934b22fab125a05cecc560d54

-------------------------------------------------------------------------------- 
[Changed Files]
OneSiliconPkg/Product/PantherLake/SiPkgPcdInit.dsc
PantherLakeBoardPkg/BiosId.env

================================================================================ 
Commit: 33a6848f7ce233d7e78baa584ac46ec66d4b2cf5 
Author: ClientSysFWGit <clientsysfwgit@intel.com> 
Date: Thu Feb 12 20:02:32 2026 +0530 
-------------------------------------------------------------------------------- 
"OEMx PantherLake_pantherlake_family_Daily Daily Updating Version/ID: PantherLake_4012_00

Hsd-es-id: N/A"
Original commit date: Tue Dec 30 18:34:29 2025 +0000
Original commit hash: a050e870e3e37cc19ec353c52b432590d90ba584

-------------------------------------------------------------------------------- 
[Changed Files]
OneSiliconPkg/Product/PantherLake/SiPkgPcdInit.dsc
PantherLakeBoardPkg/BiosId.env

================================================================================ 
Commit: 29c7481500e3980621b449aee9834879bc8ebb9c 
Author: ClientSysFWGit <clientsysfwgit@intel.com> 
Date: Thu Feb 12 20:02:25 2026 +0530 
-------------------------------------------------------------------------------- 
DebugServicePei PEIM is not printing debug messages using event handler

[Issue Description]
FspDebugServicePei PEIM is not printing debug messages using event handler

[Resolution]
DebugLib will use DebugPortLib to print the debug messages.

Package/Module: FspPkg, OneSiliconPkg

[Impacted Platform]
Default ALL

Hsd-es-id: 16029411861
Original commit date: Mon Dec 15 13:46:30 2025 +0530
Change-Id: Ie2409d2fdd94a51fefe8241481c6021772e6deca
Original commit hash: ba920301af53f45c7a1fe9a39bbb74a8e95a34ca

-------------------------------------------------------------------------------- 
[Changed Files]
OneSiliconPkg/Fsp/FspDebugInit/Pei/FspDebugServicePei.c
OneSiliconPkg/Fsp/FspDebugInit/Pei/FspDebugServicePei.inf
PantherLakeFspPkg/PantherLakeFspPkg.dsc

================================================================================ 
Commit: fb30f38ea06ef5719aeb5dc8ce4775c883deda7b 
Author: ClientSysFWGit <clientsysfwgit@intel.com> 
Date: Thu Feb 12 20:02:20 2026 +0530 
-------------------------------------------------------------------------------- 
"WCL WildcatLake_wildcatlake_family_Daily Daily Updating Version/ID: WildcatLake_4011_01

Hsd-es-id: N/A"
Original commit date: Mon Dec 29 23:36:18 2025 +0000
Original commit hash: 04d80f4712ad2f099ae22557f3d0b17886bb74b3

-------------------------------------------------------------------------------- 
[Changed Files]
OneSiliconPkg/Product/PantherLake/SiPkgPcdInit.dsc
PantherLakeBoardPkg/BiosId.env

================================================================================ 
Commit: e63e727286b923c32218933f31eaf724c60396d3 
Author: ClientSysFWGit <clientsysfwgit@intel.com> 
Date: Thu Feb 12 20:02:15 2026 +0530 
-------------------------------------------------------------------------------- 
"OEMx PantherLake_pantherlake_family_Daily Daily Updating Version/ID: PantherLake_4011_00

Hsd-es-id: N/A"
Original commit date: Mon Dec 29 18:36:10 2025 +0000
Original commit hash: 558b096cfc6b6dc0e5a1fd5606f8ee078f38851c

-------------------------------------------------------------------------------- 
[Changed Files]
OneSiliconPkg/Product/PantherLake/SiPkgPcdInit.dsc
PantherLakeBoardPkg/BiosId.env

================================================================================ 
Commit: 9889801445451eb1c4bc7643e7fdd5363d8fe1dc 
Author: ClientSysFWGit <clientsysfwgit@intel.com> 
Date: Thu Feb 12 20:02:10 2026 +0530 
-------------------------------------------------------------------------------- 
"WCL WildcatLake_wildcatlake_family_Daily Daily Updating Version/ID: WildcatLake_4010_02

Hsd-es-id: N/A"
Original commit date: Mon Dec 29 06:14:03 2025 +0000
Original commit hash: 19c35e0a2b1d633c082443545fc3d807c2e85322

-------------------------------------------------------------------------------- 
[Changed Files]
OneSiliconPkg/Product/PantherLake/SiPkgPcdInit.dsc
PantherLakeBoardPkg/BiosId.env

================================================================================ 
Commit: 371501eb88643818fe2e237c8b6d928215d2cc5b 
Author: ClientSysFWGit <clientsysfwgit@intel.com> 
Date: Thu Feb 12 20:02:04 2026 +0530 
-------------------------------------------------------------------------------- 
"WCL WildcatLake_wildcatlake_family_Daily Daily Updating Version/ID: WildcatLake_4010_01

Hsd-es-id: N/A"
Original commit date: Sun Dec 28 23:34:44 2025 +0000
Original commit hash: 08d96dbf503f63d727f09398ff0711df0da334d2

-------------------------------------------------------------------------------- 
[Changed Files]
OneSiliconPkg/Product/PantherLake/SiPkgPcdInit.dsc
PantherLakeBoardPkg/BiosId.env

================================================================================ 
Commit: e63b05b05457e63b94222c5de5afa1280ff300ea 
Author: ClientSysFWGit <clientsysfwgit@intel.com> 
Date: Thu Feb 12 20:01:55 2026 +0530 
-------------------------------------------------------------------------------- 
"OEMx PantherLake_pantherlake_family_Daily Daily Updating Version/ID: PantherLake_4010_00

Hsd-es-id: N/A"
Original commit date: Sun Dec 28 18:36:33 2025 +0000
Original commit hash: a3399710fb294e40514c57ae03685cc06ea5d9d1

-------------------------------------------------------------------------------- 
[Changed Files]
OneSiliconPkg/Product/PantherLake/SiPkgPcdInit.dsc
PantherLakeBoardPkg/BiosId.env

================================================================================ 
Commit: 94b863f5b1fc914c1ba3b5bab91bddcde7700ffd 
Author: ClientSysFWGit <clientsysfwgit@intel.com> 
Date: Thu Feb 12 20:01:49 2026 +0530 
-------------------------------------------------------------------------------- 
"WCL WildcatLake_wildcatlake_family_Daily Daily Updating Version/ID: WildcatLake_3526_01

Hsd-es-id: N/A"
Original commit date: Sat Dec 27 23:33:58 2025 +0000
Original commit hash: 1931af0324ec3b01d12d99beb5220fa1e88f2809

-------------------------------------------------------------------------------- 
[Changed Files]
OneSiliconPkg/Product/PantherLake/SiPkgPcdInit.dsc
PantherLakeBoardPkg/BiosId.env

================================================================================ 
Commit: b8890bf5f70f1f9b6a2f62718dac702d00478b62 
Author: ClientSysFWGit <clientsysfwgit@intel.com> 
Date: Thu Feb 12 20:01:43 2026 +0530 
-------------------------------------------------------------------------------- 
"OEMx PantherLake_pantherlake_family_Daily Daily Updating Version/ID: PantherLake_3526_00

Hsd-es-id: N/A"
Original commit date: Sat Dec 27 18:34:07 2025 +0000
Original commit hash: ad6d5562f19a73b7c56ed9c2b94450944b99bfb2

-------------------------------------------------------------------------------- 
[Changed Files]
OneSiliconPkg/Product/PantherLake/SiPkgPcdInit.dsc
PantherLakeBoardPkg/BiosId.env

================================================================================ 
Commit: 46e8bfead018c036c8f79f7733f6fb299bc9d1da 
Author: ClientSysFWGit <clientsysfwgit@intel.com> 
Date: Thu Feb 12 20:01:38 2026 +0530 
-------------------------------------------------------------------------------- 
"WCL WildcatLake_wildcatlake_family_Daily Daily Updating Version/ID: WildcatLake_3525_01

Hsd-es-id: N/A"
Original commit date: Fri Dec 26 23:34:21 2025 +0000
Original commit hash: 3eb2538de50651c0a03343f4dc819bb1c3eb6d79

-------------------------------------------------------------------------------- 
[Changed Files]
OneSiliconPkg/Product/PantherLake/SiPkgPcdInit.dsc
PantherLakeBoardPkg/BiosId.env

================================================================================ 
Commit: 9afcd7ab4990ac52fb6f4d78985591d0703e52dc 
Author: ClientSysFWGit <clientsysfwgit@intel.com> 
Date: Thu Feb 12 20:01:31 2026 +0530 
-------------------------------------------------------------------------------- 
"OEMx PantherLake_pantherlake_family_Daily Daily Updating Version/ID: PantherLake_3525_00

Hsd-es-id: N/A"
Original commit date: Fri Dec 26 18:34:43 2025 +0000
Original commit hash: 6ba70fa9c45fb557dfb15866bb200d84b5eb38dc

-------------------------------------------------------------------------------- 
[Changed Files]
OneSiliconPkg/Product/PantherLake/SiPkgPcdInit.dsc
PantherLakeBoardPkg/BiosId.env

================================================================================ 
Commit: 815892c18832960e8cf81f94ebe8fd259690e798 
Author: ClientSysFWGit <clientsysfwgit@intel.com> 
Date: Thu Feb 12 20:01:26 2026 +0530 
-------------------------------------------------------------------------------- 
"WCL WildcatLake_wildcatlake_family_Daily Daily Updating Version/ID: WildcatLake_3524_01

Hsd-es-id: N/A"
Original commit date: Thu Dec 25 23:36:20 2025 +0000
Original commit hash: b0ef15970d97a3f4f4a84d73e4114e86924b15bb

-------------------------------------------------------------------------------- 
[Changed Files]
OneSiliconPkg/Product/PantherLake/SiPkgPcdInit.dsc
PantherLakeBoardPkg/BiosId.env

================================================================================ 
Commit: de82c441877510092e261ccc7580c531978bffa1 
Author: ClientSysFWGit <clientsysfwgit@intel.com> 
Date: Thu Feb 12 20:01:20 2026 +0530 
-------------------------------------------------------------------------------- 
"OEMx PantherLake_pantherlake_family_Daily Daily Updating Version/ID: PantherLake_3524_00

Hsd-es-id: N/A"
Original commit date: Thu Dec 25 18:35:22 2025 +0000
Original commit hash: 35dcd128bea58b5892c784e29580a8fa424a006f

-------------------------------------------------------------------------------- 
[Changed Files]
OneSiliconPkg/Product/PantherLake/SiPkgPcdInit.dsc
PantherLakeBoardPkg/BiosId.env

================================================================================ 
Commit: 1fca72ebaf0c45ceceda8cf7694562b0c3c8d3f4 
Author: ClientSysFWGit <clientsysfwgit@intel.com> 
Date: Thu Feb 12 20:01:15 2026 +0530 
-------------------------------------------------------------------------------- 
"WCL WildcatLake_wildcatlake_family_Daily Daily Updating Version/ID: WildcatLake_3523_01

Hsd-es-id: N/A"
Original commit date: Wed Dec 24 23:34:22 2025 +0000
Original commit hash: fdec788b8c9da6ffff544a4067fdac5d114bd675

-------------------------------------------------------------------------------- 
[Changed Files]
OneSiliconPkg/Product/PantherLake/SiPkgPcdInit.dsc
PantherLakeBoardPkg/BiosId.env

================================================================================ 
Commit: 141c20ae088f492bf61481e5f4a19d2594ce7f77 
Author: ClientSysFWGit <clientsysfwgit@intel.com> 
Date: Thu Feb 12 20:01:09 2026 +0530 
-------------------------------------------------------------------------------- 
Remove setting All Monitor off bit

[Issue Description]
Host cannot wake up from MSC by USB2 device when a TBT monitor
is connected to the TBT port.

[Resolution]
Remove setting All Monitor off bit in CS enty and exit because
it's only required in FW CM mode and FW CM is not supported.

Package/Module: PantherLakePlatSamplePkg

[Impacted Platform]
All

Hsd-es-id: 15018815327
Original commit date: Mon Dec 22 15:22:28 2025 +0800
Change-Id: I52789d7ca581de4fac51cedca80c5e39bf57e280
Original commit hash: b6c8556dee12551b19a0823b64a9c8520a6ad828

-------------------------------------------------------------------------------- 
[Changed Files]
PantherLakePlatSamplePkg/Features/Pep/AcpiTables/PepCsMethods.asl

================================================================================ 
Commit: 76c3c565d9ce5f9d3b1e3f3a52c86b112ed12c22 
Author: ClientSysFWGit <clientsysfwgit@intel.com> 
Date: Thu Feb 12 20:01:03 2026 +0530 
-------------------------------------------------------------------------------- 
"OEMx PantherLake_pantherlake_family_Daily Daily Updating Version/ID: PantherLake_3523_00

Hsd-es-id: N/A"
Original commit date: Wed Dec 24 18:36:26 2025 +0000
Original commit hash: 10ec4bc028bc9d8ee60e784da80e1343bf288979

-------------------------------------------------------------------------------- 
[Changed Files]
OneSiliconPkg/Product/PantherLake/SiPkgPcdInit.dsc
PantherLakeBoardPkg/BiosId.env

================================================================================ 
Commit: 980a4e50a62206eb0154f4748c541620a172759d 
Author: ClientSysFWGit <clientsysfwgit@intel.com> 
Date: Thu Feb 12 20:00:57 2026 +0530 
-------------------------------------------------------------------------------- 
Correcting values for ANM, Slew Rate and FastPkgC

[Feature Description]
This FR corrects values for ANM, Slew Rate and FastPkgC

Package/Module: Board, PlatSample

[Impacted Platform]
W.

Hsd-es-id: 16029491518
Original commit date: Sun Dec 21 21:43:07 2025 +0530
Change-Id: I80dda0d858c80782fd80ec8f53ea094ebe7db38f
Original commit hash: e7289aa7680194547eba272b4348aa803132a2a9

-------------------------------------------------------------------------------- 
[Changed Files]
PantherLakePlatSamplePkg/Library/PeiPolicyUpdateLib/PeiCpuPolicyUpdatePreMem.c
PantherLakePlatSamplePkg/Setup/CpuSetup.c

================================================================================ 
Commit: a6446b0149d38a6f105b95a9aa1d5a9f42598800 
Author: ClientSysFWGit <clientsysfwgit@intel.com> 
Date: Thu Feb 12 20:00:52 2026 +0530 
-------------------------------------------------------------------------------- 
"WCL WildcatLake_wildcatlake_family_Daily Daily Updating Version/ID: WildcatLake_3522_01

Hsd-es-id: N/A"
Original commit date: Tue Dec 23 23:35:49 2025 +0000
Original commit hash: ffc7ea3eabb274a589b8c45211950296a85c2a69

-------------------------------------------------------------------------------- 
[Changed Files]
OneSiliconPkg/Product/PantherLake/SiPkgPcdInit.dsc
PantherLakeBoardPkg/BiosId.env

================================================================================ 
Commit: a85388d76fa56fc6b5e2098587a551b5b0ad71a1 
Author: ClientSysFWGit <clientsysfwgit@intel.com> 
Date: Thu Feb 12 20:00:47 2026 +0530 
-------------------------------------------------------------------------------- 
"OEMx PantherLake_pantherlake_family_Daily Daily Updating Version/ID: PantherLake_3522_00

Hsd-es-id: N/A"
Original commit date: Tue Dec 23 18:35:23 2025 +0000
Original commit hash: 2981db83aa56ed6a042729881f4474d5ecc735fc

-------------------------------------------------------------------------------- 
[Changed Files]
OneSiliconPkg/Product/PantherLake/SiPkgPcdInit.dsc
PantherLakeBoardPkg/BiosId.env

================================================================================ 
Commit: 657600640b721471816e14f4564b3c43f166948f 
Author: ClientSysFWGit <clientsysfwgit@intel.com> 
Date: Thu Feb 12 20:00:39 2026 +0530 
-------------------------------------------------------------------------------- 
Update MRC Green Payload for MRC build revision 0.0.124.0

[Feature Description]
Updating MrcVersion.h and ReleaseNotes.

Package/Module:OneSiliconPkg/MemoryInit

[Impacted Platform]
All

Registers impacted: None

Hsd-es-id: 22018552565
Original commit date: Tue Dec 23 08:56:38 2025 -0800
Original commit hash: a493d4f23fd4a5217b04dc89e0be5204aec15472

-------------------------------------------------------------------------------- 
[Changed Files]
OneSiliconPkg/IpBlock/MemoryInit/src/UcManagement/Ptl/MrcUcPayloadData.c

================================================================================ 
Commit: 9581388b5238615d43068bafbc37aac9a9365fc9 
Author: ClientSysFWGit <clientsysfwgit@intel.com> 
Date: Thu Feb 12 20:00:26 2026 +0530 
-------------------------------------------------------------------------------- 
OEMx MRC increment 0.0.124.0

[Feature Description]
Update Program-P Platform BIOS with Program-P MRC drop 0.0.124.0.

Package/Module: OneSiliconPkg/IpBlock/MemoryInit

[Impacted Platform]
All

Hsd-es-id: 18044051758
Original commit date: Wed Dec 17 15:13:29 2025 +0100
Change-Id: I8c9405ad9046ccf07e5f849266aba5ab55fddd3e
Original commit hash: 64241f70f1d0e107ea6f6706a1f74d5f46568729

-------------------------------------------------------------------------------- 
[Changed Files]
OneSiliconPkg/IpBlock/MemoryInit/Include/CMrcInterface.h
OneSiliconPkg/IpBlock/MemoryInit/Library/PeiMemPolicyLib/InputBlock/Ptl/MrcInputBlock.c
OneSiliconPkg/IpBlock/MemoryInit/LibraryPrivate/MemoryInitPtl.c
OneSiliconPkg/IpBlock/MemoryInit/src/ApiLib/BlueMrcGeneral.c
OneSiliconPkg/IpBlock/MemoryInit/src/ApiLib/Ptl/BlueMrcMemoryScrubPtl.c
OneSiliconPkg/IpBlock/MemoryInit/src/DdrIoLib/Ptl/MrcDdrIoUtilsSiSpecificPtl.c
OneSiliconPkg/IpBlock/MemoryInit/src/IncludePrivate/Ptl/MrcVersion.h
OneSiliconPkg/IpBlock/MemoryInit/src/IncludePublic/Ptl/CMrcExtInputs.h
OneSiliconPkg/IpBlock/MemoryInit/src/MemoryTypes/MrcDdr5.c
OneSiliconPkg/IpBlock/MemoryInit/src/MemoryTypes/MrcDdr5Settings.h
OneSiliconPkg/IpBlock/MemoryInit/src/MemoryTypes/MrcLpddr5.c
OneSiliconPkg/IpBlock/MemoryInit/src/MemoryTypes/MrcLpddr5.h
OneSiliconPkg/IpBlock/MemoryInit/src/MemoryTypes/Ptl/MrcDdr5Settings.c
OneSiliconPkg/IpBlock/MemoryInit/src/MemoryTypes/Ptl/MrcLpddr5Settings.c
OneSiliconPkg/IpBlock/MemoryInit/src/SpdProcessing/MrcSpdProcessing.c
PantherLakeBoardPkg/Include/Dsc/HiiStructurePcd.dsc
PantherLakeFspPkg/Library/PeiPolicyUpdatePreMemLib/PeiSaPolicyUpdatePreMem.c
PantherLakeFspPkg/Upd/FspmUpd.dsc
PantherLakeFspPkg/Upd/UpdList/FSPM.txt
PantherLakePlatSamplePkg/Include/SetupVariable.h
PantherLakePlatSamplePkg/Library/PeiPolicyUpdateLib/PeiSaPolicyUpdatePreMem.c
PantherLakePlatSamplePkg/Setup/SaSetup.hfr
PantherLakePlatSamplePkg/Setup/SaSetup.uni

================================================================================ 
Commit: b35629bdc070fa8e2995a3cb2789d90b1692ccde 
Author: ClientSysFWGit <clientsysfwgit@intel.com> 
Date: Thu Feb 12 20:00:18 2026 +0530 
-------------------------------------------------------------------------------- 
Changing Slow Slew Rate default value for GT

[Feature Description]
Changing Slow Slew Rate default value for GT as Fast/4

Package/Module: PlatSamplePkg

[Impacted Platform]
W.

Hsd-es-id: 16029497015
Original commit date: Mon Dec 22 22:50:39 2025 +0530
Change-Id: I933820d7856e76cdcf03e0eca56dbe1c12977d85
Original commit hash: db9bb022a59f2c66080e795bd9110d06be367b84

-------------------------------------------------------------------------------- 
[Changed Files]
PantherLakeBoardPkg/Include/Dsc/HiiStructurePcd.dsc
PantherLakePlatSamplePkg/Setup/CpuSetup.hfr

================================================================================ 
Commit: 026db4953712eda04cf18164cc854f25a9ec59a0 
Author: ClientSysFWGit <clientsysfwgit@intel.com> 
Date: Thu Feb 12 20:00:13 2026 +0530 
-------------------------------------------------------------------------------- 
"WCL WildcatLake_wildcatlake_family_Daily Daily Updating Version/ID: WildcatLake_3521_01

Hsd-es-id: N/A"
Original commit date: Mon Dec 22 23:36:32 2025 +0000
Original commit hash: fb5295a056542fa94010d9f9d7d1e318c4176c75

-------------------------------------------------------------------------------- 
[Changed Files]
OneSiliconPkg/Product/PantherLake/SiPkgPcdInit.dsc
PantherLakeBoardPkg/BiosId.env

================================================================================ 
Commit: 14200a360ae0470124d768d7e28f8c1aa8d22bf0 
Author: ClientSysFWGit <clientsysfwgit@intel.com> 
Date: Thu Feb 12 20:00:01 2026 +0530 
-------------------------------------------------------------------------------- 
"OEMx PantherLake_pantherlake_family_Daily Daily Updating Version/ID: PantherLake_3521_00

Hsd-es-id: N/A"
Original commit date: Mon Dec 22 18:37:26 2025 +0000
Original commit hash: 0b501110841fef9946581b385431c5cd28a79444

-------------------------------------------------------------------------------- 
[Changed Files]
OneSiliconPkg/Product/PantherLake/SiPkgPcdInit.dsc
PantherLakeBoardPkg/BiosId.env

================================================================================ 
Commit: fed12f18bf57dc8dfe79459ff4ebba29b974ec4e 
Author: ClientSysFWGit <clientsysfwgit@intel.com> 
Date: Thu Feb 12 19:59:53 2026 +0530 
-------------------------------------------------------------------------------- 
"WCL WildcatLake_wildcatlake_family_Daily Daily Updating Version/ID: WildcatLake_3520_01

Hsd-es-id: N/A"
Original commit date: Sun Dec 21 23:34:25 2025 +0000
Original commit hash: 7f6476aa1d73769351936751aaccf9e409ab608e

-------------------------------------------------------------------------------- 
[Changed Files]
OneSiliconPkg/Product/PantherLake/SiPkgPcdInit.dsc
PantherLakeBoardPkg/BiosId.env

================================================================================ 
Commit: 0bbc8ba9c3cf66f7070b29c23551ec6fa3d092b7 
Author: ClientSysFWGit <clientsysfwgit@intel.com> 
Date: Thu Feb 12 19:59:43 2026 +0530 
-------------------------------------------------------------------------------- 
"OEMx PantherLake_pantherlake_family_Daily Daily Updating Version/ID: PantherLake_3520_00

Hsd-es-id: N/A"
Original commit date: Sun Dec 21 18:35:38 2025 +0000
Original commit hash: 04e5764015ced2d4b456111b7fb3bd1247aa351a

-------------------------------------------------------------------------------- 
[Changed Files]
OneSiliconPkg/Product/PantherLake/SiPkgPcdInit.dsc
PantherLakeBoardPkg/BiosId.env

================================================================================ 
Commit: e178d6852c19c96364560e1090061b155091c4d6 
Author: ClientSysFWGit <clientsysfwgit@intel.com> 
Date: Thu Feb 12 19:59:32 2026 +0530 
-------------------------------------------------------------------------------- 
"WCL WildcatLake_wildcatlake_family_Daily Daily Updating Version/ID: WildcatLake_3516_01

Hsd-es-id: N/A"
Original commit date: Sat Dec 20 23:35:41 2025 +0000
Original commit hash: 5f14ea326fc05a56b7fda4ddbe96cb603674dbf1

-------------------------------------------------------------------------------- 
[Changed Files]
OneSiliconPkg/Product/PantherLake/SiPkgPcdInit.dsc
PantherLakeBoardPkg/BiosId.env

================================================================================ 
Commit: fcfaeb6f1f71556f030c1bf421a1e4013bc41631 
Author: ClientSysFWGit <clientsysfwgit@intel.com> 
Date: Thu Feb 12 19:59:27 2026 +0530 
-------------------------------------------------------------------------------- 
"OEMx PantherLake_pantherlake_family_Daily Daily Updating Version/ID: PantherLake_3516_00

Hsd-es-id: N/A"
Original commit date: Sat Dec 20 18:35:49 2025 +0000
Change-Id: I6af54cfdaaeb859c607a9fef5c32a67b4899b892
Original commit hash: 0a7f93604ea5da21582ac0d1e489f8d655f0ee00

-------------------------------------------------------------------------------- 
[Changed Files]
OneSiliconPkg/Product/PantherLake/SiPkgPcdInit.dsc
PantherLakeBoardPkg/BiosId.env

================================================================================ 
Commit: 2e2161c13e8a720a6e07de402966e65ee64660e2 
Author: ClientSysFWGit <clientsysfwgit@intel.com> 
Date: Thu Feb 12 19:59:21 2026 +0530 
-------------------------------------------------------------------------------- 
Revert "Correcting values for ANM, Slew Rate and FastPkgC"

This reverts commit a719c3c563ae779a27e312e1ca682efd06013974.

Tue Jan 13 19:06:41 2026 +0530
Original commit date: Tue Jan 13 19:06:41 2026 +0530
Original commit hash: 109dabf96d5b79be978f3133c7279f48dbe65980

-------------------------------------------------------------------------------- 
[Changed Files]
PantherLakePlatSamplePkg/Library/PeiPolicyUpdateLib/PeiCpuPolicyUpdatePreMem.c
PantherLakePlatSamplePkg/Setup/CpuSetup.c

================================================================================ 
Commit: c14e6700ceca1e41666b9885271fee362e0231f5 
Author: ClientSysFWGit <clientsysfwgit@intel.com> 
Date: Thu Feb 12 19:59:13 2026 +0530 
-------------------------------------------------------------------------------- 
Revert "Changing Slow Slew Rate default value for GT"

This reverts commit c9a5fcda4f580ef2cb6a43266f9d038642730a8b.

Tue Jan 13 19:06:37 2026 +0530
Original commit date: Tue Jan 13 19:06:37 2026 +0530
Original commit hash: 851fd151dae083fdb9c60d466170778893c5e08f

-------------------------------------------------------------------------------- 
[Changed Files]
PantherLakeBoardPkg/Include/Dsc/HiiStructurePcd.dsc
PantherLakePlatSamplePkg/Setup/CpuSetup.hfr

================================================================================ 
Commit: a6f34238c296115c477409b907179b3a47a42017 
Author: ClientSysFWGit <clientsysfwgit@intel.com> 
Date: Thu Feb 12 19:58:40 2026 +0530 
-------------------------------------------------------------------------------- 
"WCL WildcatLake_wildcatlake_program_platform_Daily Daily Updating Version/ID: WildcatLake_3515_03

Hsd-es-id: N/A"
Original commit date: Mon Dec 22 18:39:18 2025 +0000
Original commit hash: df07d5b7f19f7ab5caeb3387e5ac7f0753353b7d

-------------------------------------------------------------------------------- 
[Changed Files]
Doxygen/BoardApi.chm
Doxygen/FspApi.chm
Doxygen/PantherLake_FSP_Integration_Guide.chm
Doxygen/PantherLake_FSP_Integration_Guide.pdf
Doxygen/PlatApi.chm
Doxygen/SiPkgApi.chm
LICENSE.txt
OneSiliconPkg/Include/AcpiTables/Tse.asl
OneSiliconPkg/Include/ConfigBlock/HostBridge/HostBridgeConfig.h
OneSiliconPkg/Include/ConfigBlock/Memory/Ver6/MemoryConfig.h
OneSiliconPkg/Include/ConfigBlock/Tcss/TcssPeiPreMemConfig.h
OneSiliconPkg/Include/ConfigBlock/Vtd/VtdConfig.h
OneSiliconPkg/Include/Defines/HostBridgeDefines.h
OneSiliconPkg/Include/Defines/PcdPchBdfAssignment.h
OneSiliconPkg/Include/Defines/PchReservedResources.h
OneSiliconPkg/Include/Library/DebugToken.h
OneSiliconPkg/Include/Library/NguInfoLib.h
OneSiliconPkg/Include/Library/PcdEspiLib.h
OneSiliconPkg/Include/Library/PcdGpioNativeLib.h
OneSiliconPkg/Include/Library/PcdGpioTopologyLib.h
OneSiliconPkg/Include/Library/PcdInfoLib.h
OneSiliconPkg/Include/Library/PcdItssLib.h
OneSiliconPkg/Include/Library/PcdPeiLpssI2cSocInitLib.h
OneSiliconPkg/Include/Library/PcdPeiLpssI3cSocInitLib.h
OneSiliconPkg/Include/Library/PcdPeiLpssSpiSocInitLib.h
OneSiliconPkg/Include/Library/PcdPeiLpssUartSocInitLib.h
OneSiliconPkg/Include/Library/PcdPeiThcSocInitLib.h
OneSiliconPkg/Include/Library/PcdPolicyLib.h
OneSiliconPkg/Include/Library/PcdReserveMmio64SizeLib.h
OneSiliconPkg/Include/Library/PcdRtcAccessLib.h
OneSiliconPkg/Include/Library/PchInfoHob.h
OneSiliconPkg/Include/Library/PchLimits.h
OneSiliconPkg/Include/Ppi/SiPolicy.h
OneSiliconPkg/Include/Register/CpuGenInfoRegs.h
OneSiliconPkg/Include/Register/GenerationMsr.h
OneSiliconPkg/Include/Register/GpioAcpiDefines.h
OneSiliconPkg/Include/Register/GpioV2PcdPins.h
OneSiliconPkg/Include/Register/GpioV2PcdRegs.h
OneSiliconPkg/IncludePrivate/Library/LpssControllerInfoLib.h
OneSiliconPkg/IncludePrivate/Library/P2SbSocLib.h
OneSiliconPkg/IncludePrivate/Library/PcdPeiIshPolicyLib.h
OneSiliconPkg/IncludePrivate/Library/PcdSerialIoGpioAccessLib.h
OneSiliconPkg/IncludePrivate/Library/PcdTcssInitLib.h
OneSiliconPkg/IncludePrivate/Library/PeiPcdInitLib.h
OneSiliconPkg/IncludePrivate/PcdEspiDeviceIds.h
OneSiliconPkg/IncludePrivate/PcdSbPortIds.h
OneSiliconPkg/IncludePrivate/Register/CpuGenRegs.h
OneSiliconPkg/IncludePrivate/Register/GraphicsRegs.h
OneSiliconPkg/IncludePrivate/Register/HacRegs.h
OneSiliconPkg/IncludePrivate/Register/HostBridgeRegs.h
OneSiliconPkg/IncludePrivate/Register/ItbtPcieRegs.h
OneSiliconPkg/IncludePrivate/Register/MemSSRegs.h
OneSiliconPkg/IncludePrivate/Register/NocRegs.h
OneSiliconPkg/IncludePrivate/Register/PsfRegsPtlPcdWrapper.h
OneSiliconPkg/IncludePrivate/Register/SncuRegs.h
OneSiliconPkg/IncludePrivate/Register/VmdRegs.h
OneSiliconPkg/IncludePrivate/Register/VoltageRegulatorRegs.h
OneSiliconPkg/IncludePrivate/Register/VtdRegs.h
OneSiliconPkg/IpBlock/MemoryInit/Include/CMemoryInit.h
OneSiliconPkg/IpBlock/MemoryInit/Include/CMrcInterface.h
OneSiliconPkg/IpBlock/MemoryInit/Library/PeiDxeSmmMemAddrEncodeLib/decoder.h
OneSiliconPkg/IpBlock/MemoryInit/Library/PeiDxeSmmMemAddrEncodeLib/decoder_functions.c
OneSiliconPkg/IpBlock/MemoryInit/Library/PeiDxeSmmMemAddrEncodeLib/decoder_tables.h
OneSiliconPkg/IpBlock/MemoryInit/LibraryPrivate/MrcOemPlatform.c
OneSiliconPkg/IpBlock/MemoryInit/src/IncludePublic/CMrcInterfaceGlobalTypes.h
OneSiliconPkg/IpBlock/MemoryInit/src/IncludePublic/MrcGlobalDefinitions.h
OneSiliconPkg/IpBlock/PcieRp/LibraryPrivate/PeiPcieSipInitLib/PeiPcieSipInitLib.inf
OneSiliconPkg/Product/PantherLake/SiPkgPcdInit.dsc
