================================================================================ 
Commit: 55d50eb89f318ad4ab9b298feabe3d6583823777 
Author: ClientSysFWGit <clientsysfwgit@intel.com> 
Date: Thu Jan 8 14:05:41 2026 +0530 
-------------------------------------------------------------------------------- 
Added Doxygen folder and License.txt file for PTL 3514_01 label.

-------------------------------------------------------------------------------- 
[Changed Files]
Doxygen/BoardApi.chm
Doxygen/FspApi.chm
Doxygen/PantherLake_FSP_Integration_Guide.chm
Doxygen/PantherLake_FSP_Integration_Guide.pdf
Doxygen/PlatApi.chm
Doxygen/SiPkgApi.chm
Features/HestFeaturePkg/HestDxe/HestDxe.c
Features/HestFeaturePkg/HestDxe/HestDxe.inf
Features/HestFeaturePkg/HestFeaturePkg.dec
Features/HestFeaturePkg/HestFeaturePkg.dsc
Features/HestFeaturePkg/Include/HestFeature.dsc
Features/HestFeaturePkg/Readme.md
LICENSE.txt
OneSiliconPkg/Product/PantherLake/SiPkgPcdInit.dsc

================================================================================ 
Commit: cf619b1a5da1db79472cd1294dfd64383e02f141 
Author: ClientSysFWGit <clientsysfwgit@intel.com> 
Date: Thu Jan 8 08:41:49 2026 +0530 
-------------------------------------------------------------------------------- 
"PTL PantherLake_pantherlake_program_platform_Daily Daily Updating Version/ID: PantherLake_3514_01

Hsd-es-id: N/A"
Original commit date: Mon Dec 29 10:59:31 2025 +0000
Original commit hash: 5f74e8710d563eed2add5a4e4037489fa69ef947

-------------------------------------------------------------------------------- 
[Changed Files]
OneSiliconPkg/Product/PantherLake/SiPkgPcdInit.dsc
PantherLakeBoardPkg/BiosId.env

================================================================================ 
Commit: 862d09e2c99c3ce10f0b2ef85bcd13470ef023ca 
Author: ClientSysFWGit <clientsysfwgit@intel.com> 
Date: Thu Jan 8 08:41:42 2026 +0530 
-------------------------------------------------------------------------------- 
Revert "OneClickRecovery: Enable WiFi Profile Sync independent of OCR"

This reverts commit 755cc54f5c268a3fc40e898c64723ebeafe3b2ec.

Mon Dec 29 13:41:14 2025 +0530
Original commit date: Mon Dec 29 13:41:14 2025 +0530
Original commit hash: 01235feac7022035dab0176219a5d40dbd3e60e8

-------------------------------------------------------------------------------- 
[Changed Files]
Features/Manageability/OneClickRecoveryFeaturePkg/Include/Fdf/OneClickRecoveryFeature.fdf
Features/Manageability/OneClickRecoveryFeaturePkg/Include/Protocol/OneClickRecoveryProtocol.h
Features/Manageability/OneClickRecoveryFeaturePkg/OneClickRecovery/OneClickRecovery.c
Features/Manageability/OneClickRecoveryFeaturePkg/ReadMe.md
Features/Manageability/OneClickRecoveryFeaturePkg/WifiProfileSync/WifiProfileSync.c
OneSiliconPkg/Include/MeSmbios.h
PantherLakeBoardPkg/BoardPkg.fdf
PantherLakeBoardPkg/Features/Me/MeSmbiosUpdateConfigDxe/MeSmbiosUpdateConfig.c
PantherLakeBoardPkg/Features/Me/MeSmbiosUpdateConfigDxe/MeSmbiosUpdateConfigDxe.inf

================================================================================ 
Commit: e0b747a6fc4b7beb706f3951adc6fc5cd7b1c7f0 
Author: ClientSysFWGit <clientsysfwgit@intel.com> 
Date: Thu Jan 8 08:41:28 2026 +0530 
-------------------------------------------------------------------------------- 
VCCSA_ShutDown BIOS Menu knob exposure

[Feature Description]
VCCSA_ShutDown BIOS Menu knob exposure

Package/Module: 1S, Platform, Fsp

[Impacted Platform]
PTL

Hsd-es-id: 16029189113
Original commit date: Tue Nov 18 17:05:15 2025 +0530
Change-Id: I7b9b5b74907530a88fad9b0fccedaa26f08cae2c
Original commit hash: dc851b3f8be65933764037bf58c950cec6e81c8d

-------------------------------------------------------------------------------- 
[Changed Files]
OneSiliconPkg/Include/ConfigBlock/VoltageRegulator/CpuPowerMgmtVrConfig.h
OneSiliconPkg/Include/Register/B2pMailbox.h
OneSiliconPkg/IpBlock/VoltageRegulator/LibraryPrivate/PeiVrLib/PeiVrLib.c
OneSiliconPkg/IpBlock/VoltageRegulator/LibraryPrivate/PeiVrPolicyLib/PeiVrPolicyLib.c
PantherLakeBoardPkg/Include/Dsc/HiiStructurePcd.dsc
PantherLakeFspPkg/Library/PeiPolicyUpdatePreMemLib/PeiCpuPolicyUpdatePreMem.c
PantherLakeFspPkg/Upd/FspmUpd.dsc
PantherLakePlatSamplePkg/Include/SetupVariable.h
PantherLakePlatSamplePkg/Library/PeiPolicyUpdateLib/PeiCpuPolicyUpdatePreMem.c
PantherLakePlatSamplePkg/Setup/CpuSetup.uni
PantherLakePlatSamplePkg/Setup/VoltageRegulatorSetup.hfr

================================================================================ 
Commit: 30d70e1309bfc1450f8912e082e86c84efab3978 
Author: ClientSysFWGit <clientsysfwgit@intel.com> 
Date: Thu Jan 8 08:41:18 2026 +0530 
-------------------------------------------------------------------------------- 
Remove setting All Monitor off bit

[Issue Description]
Host cannot wake up from MSC by USB2 device when a TBT monitor
is connected to the TBT port.

[Resolution]
Remove setting All Monitor off bit in CS enty and exit because
it's only required in FW CM mode and FW CM is not supported.

Package/Module: PantherLakePlatSamplePkg

[Impacted Platform]
All

Hsd-es-id: 15018815327
Original commit date: Mon Dec 22 15:22:28 2025 +0800
Change-Id: I52789d7ca581de4fac51cedca80c5e39bf57e280
Original commit hash: de2ccbd783445696e725ac0362e55948a39a76ee

-------------------------------------------------------------------------------- 
[Changed Files]
PantherLakePlatSamplePkg/Features/Pep/AcpiTables/PepCsMethods.asl

================================================================================ 
Commit: 8ce73c8bb7e23bf46a5493e71042dedb25eff2b3 
Author: ClientSysFWGit <clientsysfwgit@intel.com> 
Date: Thu Jan 8 08:41:11 2026 +0530 
-------------------------------------------------------------------------------- 
"PTL PantherLake_pantherlake_program_platform_Daily Daily Updating Version/ID: PantherLake_3514_00

Hsd-es-id: N/A"
Original commit date: Thu Dec 18 18:54:07 2025 +0000
Original commit hash: 573526fd77c13222a908c3a8bc26a6578252510e

-------------------------------------------------------------------------------- 
[Changed Files]
OneSiliconPkg/Product/PantherLake/SiPkgPcdInit.dsc
PantherLakeBoardPkg/BiosId.env

================================================================================ 
Commit: 6088dd2e35884a2de98275693d0ceb28d3caf98d 
Author: ClientSysFWGit <clientsysfwgit@intel.com> 
Date: Thu Jan 8 08:41:05 2026 +0530 
-------------------------------------------------------------------------------- 
Send MAPT MAC on each reset except WARM reset

[Issue Description]
When ME region is re-flashed after MAPT MAC address is set,
CSME loses the MAPT MAC address and BIOS does not set it again.
This could be due to resiliency flow where CSME FW is recovered
or due to a special manufacturing flow.
As a result the CSME loses the MAPT functionality.

[Resolution]
Add sending MAPT MAC configuration on each reset, except
warm reset.

Package/Module:
Features/Manageability/AmtMacPassThroughFeaturePkg

[Impacted Platform]
PantherLake

Hsd-es-id: 18044056375
Original commit date: Thu Dec 11 10:08:04 2025 +0100
Change-Id: If5d8e7703e14f46f301ecb1ad95b19849f9f3870
Original commit hash: dd29fdffce3cdfa22110166a0803ae92e6dfbd5a

-------------------------------------------------------------------------------- 
[Changed Files]
Features/Manageability/AmtMacPassThroughFeaturePkg/AmtMacPassThrough/AmtMacPassThrough.c
Features/Manageability/AmtMacPassThroughFeaturePkg/AmtMacPassThrough/AmtMacPassThrough.inf
Features/Manageability/AmtMacPassThroughFeaturePkg/Readme.md

================================================================================ 
Commit: fd82ecb8a799ebb059ef9054f8cddeb4a247e490 
Author: ClientSysFWGit <clientsysfwgit@intel.com> 
Date: Thu Jan 8 08:40:58 2026 +0530 
-------------------------------------------------------------------------------- 
Update MRC Release Notes and increment MRC build revision to 0.0.122.1

[Feature Description]
Updating MrcVersion.h and ReleaseNotes.

Package/Module:OneSiliconPkg/MemoryInit

[Impacted Platform]
All

Registers impacted: None

Hsd-es-id: 22018552565
Original commit date: Tue Dec 16 10:56:22 2025 +0000
Change-Id: Ic9daee0bce4a6f52f9da56cdf409b1126c2e51f9
Original commit hash: 1681be548615e9cf8b1ce5fcc685cc717fe98e4e

-------------------------------------------------------------------------------- 
[Changed Files]
OneSiliconPkg/IpBlock/MemoryInit/src/IncludePrivate/Ptl/MrcVersion.h

================================================================================ 
Commit: a996ccee53b608e56de91d15e8c85604a1e18f94 
Author: ClientSysFWGit <clientsysfwgit@intel.com> 
Date: Thu Jan 8 08:40:50 2026 +0530 
-------------------------------------------------------------------------------- 
Update PeiMemory Base and Size in TISH_CONFIG_HOB

[Feature Description]
Update BiosPeiMemoryBaseAddress and BiosPeiMemoryLength
in TISH_CONFIG_HOB for Safe Loading BIOS (SLB) feature.

Package/Module:
OneSiliconPkg, PantherLakeBoardPkg

[Impacted Platform]
Default ALL.

Hsd-es-id: 16029431367
Original commit date: Mon Dec 15 11:51:46 2025 +0530
Change-Id: Ice198ffdd352b2d8eb46698bb5277bf97fb5fbbe
Original commit hash: 57aecd560be1a973543518e52ecacdc92f86be13

-------------------------------------------------------------------------------- 
[Changed Files]
OneSiliconPkg/Include/MemInfoHob.h
OneSiliconPkg/IpBlock/MemoryInit/LibraryPrivate/MemoryInitPtl.c
PantherLakeBoardPkg/Features/MemoryDiagnosticTest/PeiMemoryDiagnosticTestLib/PeiMemoryDiagnosticTest.c
PantherLakeBoardPkg/Features/MemoryDiagnosticTest/PeiMemoryDiagnosticTestLib/PeiMemoryDiagnosticTestLib.inf

================================================================================ 
Commit: ec41f4f30c0d3868368f92393bb67e286262b241 
Author: ClientSysFWGit <clientsysfwgit@intel.com> 
Date: Thu Jan 8 08:40:42 2026 +0530 
-------------------------------------------------------------------------------- 
Update MRC Green Payload for MRC build revision 0.0.122.0

[Feature Description]
Updating MrcVersion.h and ReleaseNotes.

Package/Module:OneSiliconPkg/MemoryInit

[Impacted Platform]
All

Registers impacted: None

Hsd-es-id: 22018552565
Original commit date: Wed Dec 10 06:54:06 2025 -0800
Change-Id: I7fc9ab37506ee7adc4125e1b559d6a2c8785d4e4
Original commit hash: fe380ffb2a27541b2e3041311d650c0cbe2bad5b

-------------------------------------------------------------------------------- 
[Changed Files]
OneSiliconPkg/IpBlock/MemoryInit/src/UcManagement/Ptl/MrcUcPayloadData.c

================================================================================ 
Commit: abdbac2a47d9a83acc64472a541c0338439b4467 
Author: ClientSysFWGit <clientsysfwgit@intel.com> 
Date: Thu Jan 8 08:40:35 2026 +0530 
-------------------------------------------------------------------------------- 
PTL MRC increment 0.0.122.0

[Feature Description]
Update Program-P Platform BIOS with Program-P MRC drop 0.0.122.0.

Package/Module: OneSiliconPkg/IpBlock/MemoryInit

[Impacted Platform]
All

Hsd-es-id: 18044009468
Original commit date: Wed Dec 3 12:00:56 2025 +0100
Change-Id: I66fc89353bc073df43100a314c37383d19b618c1
Original commit hash: f278479d504f8239690ffc7bf87361ef53f0d299

-------------------------------------------------------------------------------- 
[Changed Files]
OneSiliconPkg/IpBlock/MemoryInit/src/ApiLib/BlueMrcGeneral.c
OneSiliconPkg/IpBlock/MemoryInit/src/DdrIoLib/Ptl/MrcDdrIoPtl.h
OneSiliconPkg/IpBlock/MemoryInit/src/IncludePrivate/Ptl/MrcVersion.h
OneSiliconPkg/IpBlock/MemoryInit/src/ServicesLib/MrcCommon.h
OneSiliconPkg/IpBlock/MemoryInit/src/UcManagement/Ptl/MrcUcPayloadData.c

================================================================================ 
Commit: bbf04fd75499268c163ea1d27854bcb82546180a 
Author: ClientSysFWGit <clientsysfwgit@intel.com> 
Date: Thu Jan 8 08:40:26 2026 +0530 
-------------------------------------------------------------------------------- 
[SOC I/O] Fix upstream RMA: Set PCIe EP VT-d to 2nd-stage vs passthrough

[Issue Description]
When SD card was not connected on respective platforms,
system caused the IOMMU driver to define a certain PCIe endpoint
BDF as stage-two instead of passthrough. This is because the
SD card controller implementation for those ports were always enable.

[Resolution]
Introducing VpdPcd to control when SD card is connected to
specific ports on specific system.

Package/Module:
BoardPkg

[Impacted Platform]
ALL

Hsd-es-id: 16029406392
Original commit date: Thu Dec 11 12:41:50 2025 +0530
Change-Id: Ib7929684967971708c4076a93d31d7e6ab49d8aa
Original commit hash: f68aedcb52de5f9cfafdb2e535966cf33c49363a

-------------------------------------------------------------------------------- 
[Changed Files]
PantherLakeBoardPkg/Acpi/AcpiTables/Dsdt/PlatformNvs.asl
PantherLakeBoardPkg/Acpi/AcpiTables/SsdtRtd3/PtlUHLp5Rvp1Rtd3.asl
PantherLakeBoardPkg/Acpi/AcpiTables/SsdtRtd3/PtlUHRvp34Rtd3.asl
PantherLakeBoardPkg/Acpi/AdvancedAcpiDxe/AcpiPlatform.c
PantherLakeBoardPkg/Acpi/AdvancedAcpiDxe/AdvancedAcpiDxe.inf
PantherLakeBoardPkg/BoardPkg.dec
PantherLakeBoardPkg/BoardSupport/PantherLakeBoards/PantherLakeMobileBoards/Library/BoardInitLib/Pei/PeiInitPostMemLib.c
PantherLakeBoardPkg/BoardSupport/PantherLakeBoards/PantherLakeMobileBoards/Library/BoardInitLib/Pei/PeiMultiBoardInitPostMemLib.inf
PantherLakeBoardPkg/BoardSupport/PantherLakeBoards/PantherLakeMobileBoards/Library/BoardInitLib/Pei/PeiMultiBoardInitPreMemLib.inf
PantherLakeBoardPkg/Include/PlatformNvsAreaDef.h
PantherLakeBoardPkg/PantherLakeBoards/PantherLakeMobileBoards/BoardVpdPcdsInit/BoardVpdPcdInit.dsc
PantherLakeBoardPkg/PantherLakeBoards/PantherLakeMobileBoards/BoardVpdPcdsInit/PtlUH/SkuIdPtlUHLp5Rvp1.dsc
PantherLakeBoardPkg/PantherLakeBoards/PantherLakeMobileBoards/BoardVpdPcdsInit/PtlUH/SkuIdPtlUHLp5Rvp3.dsc

================================================================================ 
Commit: 4a9c4f7aa9639ab29263ce9b5955a88c07325f95 
Author: ClientSysFWGit <clientsysfwgit@intel.com> 
Date: Thu Jan 8 08:40:19 2026 +0530 
-------------------------------------------------------------------------------- 
[SOC I/O] DisCo table update for Alc722 configs

[Feature Description]
DisCo table update for Alc722 configs.

Package/Module:
Features/Audio/SndwDevTopologyFeaturePkg
Setup

[Impacted Platform]
PTL

Hsd-es-id: 18044031841
Original commit date: Mon Dec 15 11:59:26 2025 +0000
Change-Id: Ibe2f3bac714420f50965d8e7f2f17e5137bca281
Original commit hash: 196934d56c58c2d2a4634ac449b2373f105fbac9

-------------------------------------------------------------------------------- 
[Changed Files]
Features/Audio/SndwDevTopologyFeaturePkg/AcpiTables/SndwDevTopologySt01Ssdt/AudioFunction_722_AMP.asl
Features/Audio/SndwDevTopologyFeaturePkg/AcpiTables/SndwDevTopologySt04Ssdt/AudioFunction_722_AMP.asl
PantherLakePlatSamplePkg/Setup/PchSetup.uni

================================================================================ 
Commit: 4b70b5660e4210fa8146f7e23d512a567a394cbb 
Author: ClientSysFWGit <clientsysfwgit@intel.com> 
Date: Thu Jan 8 08:40:14 2026 +0530 
-------------------------------------------------------------------------------- 
Align NVME FSPMUPD values as in Board Package variable.

[Issue Description]
A conflict was identified due to incorrect hardcoded values.

[Resolution]
Updated NVME UPD value to align with the Board Package variable.

Package/Module: FspPkg

[Impacted Platform]
Default ALL

Hsd-es-id: 16029447276
Original commit date: Mon Dec 15 14:26:52 2025 +0530
Change-Id: I7cf2fed2ca13afd3bcd0edc08907c56c17677396
Original commit hash: 6d4631186e894151b7240ef259e7685d1e18fb3e

-------------------------------------------------------------------------------- 
[Changed Files]
PantherLakeFspPkg/Upd/FspmUpd.dsc

================================================================================ 
Commit: e25fe48174dd53dc87468c91da955c63b5210cf1 
Author: ClientSysFWGit <clientsysfwgit@intel.com> 
Date: Thu Jan 8 08:40:09 2026 +0530 
-------------------------------------------------------------------------------- 
Add HECI protocol dependency in PlatformMeUpdateHookLib

[Issue Description]
Failed to get CSME FW image type with customers' BIOS,
MeFwu->FwType() returns 0x1C error.
ImageTypeId in ME FMP reports a fallback/default one.

[Resolution]
PlatformFmpGetMeTypeIdGuidPtr() is invoked in FMP driver EntryPoint.
MeFwu->FwType inside this function is linked to FwUpdateLib which
leverages HECI protocol to accomplish the required action.
Add explicit HECI protocol dependency to ensure HECI protocol
is installed before invoking MeFwu->FwType().

Package/Module: PantherLakeBoardPkg/Features/CapsuleUpdate

[Impacted Platform]
All

Hsd-es-id: 16029413446
Original commit date: Mon Dec 15 16:17:35 2025 +0800
Change-Id: Ia740f500fd4d7a0153c598244bd6ffc01697dcbb
Original commit hash: 39c17ec4e2fe6cc0c4b7603c79de6cba845f20b2

-------------------------------------------------------------------------------- 
[Changed Files]
PantherLakeBoardPkg/Features/CapsuleUpdate/Library/PlatformMeUpdateHookLib/PlatformMeUpdateHookLib.inf

================================================================================ 
Commit: 26fa6d4ab497b3a69653b32ddbf3f4c4fcf92421 
Author: ClientSysFWGit <clientsysfwgit@intel.com> 
Date: Thu Jan 8 08:40:04 2026 +0530 
-------------------------------------------------------------------------------- 
Add Intel die Info protocol

[Issue Description]
Missing cpu related Information

[Resolution]
Add Intel die Info protocol
Updated cpu Information

Package/Module:
BoardPkg
FspPKg

[Impacted Platform]
All

Hsd-es-id: 16029398523
Original commit date: Mon Nov 17 21:24:45 2025 +0530
Change-Id: I529cd954ff72f16ffff0400761300fb04fc00d51
Original commit hash: 9c39048555888c2791c63f37587b7e92580726cf

-------------------------------------------------------------------------------- 
[Changed Files]
OneSiliconPkg/Fru/PtlCDie/DxeLib.dsc
OneSiliconPkg/Fru/PtlCDie/Library/PtlCpuInfoLib/DxePtlCpuInfoLib.c
OneSiliconPkg/Fru/PtlCDie/Library/PtlCpuInfoLib/DxePtlCpuInfoLib.inf
OneSiliconPkg/Fru/PtlCDie/Library/PtlCpuInfoLib/PeiPtlCpuInfoLib.c
OneSiliconPkg/Fru/PtlCDie/Library/PtlCpuInfoLib/PeiPtlCpuInfoLib.inf
OneSiliconPkg/Fru/PtlCDie/Library/PtlCpuInfoLib/PtlCpuInfoLibCommon.c
OneSiliconPkg/Include/Library/PtlCpuInfoLib.h
OneSiliconPkg/IpBlock/CpuInit/Dxe/CpuInitDxe.c
OneSiliconPkg/IpBlock/CpuInit/Dxe/CpuInitDxe.inf
OneSiliconPkg/Product/PantherLake/SiInit/Pei/SiInitPreMem.c
OneSiliconPkg/Product/PantherLake/SiInit/Pei/SiInitPreMem.inf
OneSiliconPkg/Product/PantherLake/SiPkgDxeLib.dsc
OneSiliconPkg/Product/PantherLake/SiPkgPeiLib.dsc

================================================================================ 
Commit: 933006706f55b46eacbda742256cab1be0fd773b 
Author: ClientSysFWGit <clientsysfwgit@intel.com> 
Date: Thu Jan 8 08:39:59 2026 +0530 
-------------------------------------------------------------------------------- 
OneClickRecovery: Enable WiFi Profile Sync independent of OCR

[Feature Description]
Control the OCR code load from OcrEnable Pcd so if WPS is enabled
and OCR is not, WPS will still be loaded and utilized.
Enable the One Click Recovery WiFi Profile Sync capability bit in
ME SMBIOS OEM Capabilities 4 structure.

Package/Module: OneClickRecoveryFeaturePkg

[Impacted Platform]
ALL

Hsd-es-id: 14026457445
Original commit date: Mon Nov 17 11:41:32 2025 -0800
Change-Id: I04312d72db52d81ddd86909d866399d376f2af1f
Original commit hash: 755cc54f5c268a3fc40e898c64723ebeafe3b2ec

-------------------------------------------------------------------------------- 
[Changed Files]
Features/Manageability/OneClickRecoveryFeaturePkg/Include/Fdf/OneClickRecoveryFeature.fdf
Features/Manageability/OneClickRecoveryFeaturePkg/Include/Protocol/OneClickRecoveryProtocol.h
Features/Manageability/OneClickRecoveryFeaturePkg/OneClickRecovery/OneClickRecovery.c
Features/Manageability/OneClickRecoveryFeaturePkg/ReadMe.md
Features/Manageability/OneClickRecoveryFeaturePkg/WifiProfileSync/WifiProfileSync.c
OneSiliconPkg/Include/MeSmbios.h
PantherLakeBoardPkg/BoardPkg.fdf
PantherLakeBoardPkg/Features/Me/MeSmbiosUpdateConfigDxe/MeSmbiosUpdateConfig.c
PantherLakeBoardPkg/Features/Me/MeSmbiosUpdateConfigDxe/MeSmbiosUpdateConfigDxe.inf

================================================================================ 
Commit: 61101598dd235d004857f560a92c418b6b80f8a6 
Author: ClientSysFWGit <clientsysfwgit@intel.com> 
Date: Thu Jan 8 08:39:54 2026 +0530 
-------------------------------------------------------------------------------- 
[SOC I/O] Audio based on Disco table update

[Issue Description]
Audio is not working as expected.

[Resolution]
Updated existing Disco tables with new data provided by Audio team.

Package/Module: Features

[Impacted Platform]
GCS, ADK

Hsd-es-id: 16029285031
Original commit date: Wed Nov 19 14:18:33 2025 +0530
Change-Id: I926d582e361af9426579cf12d44cc38344f692a3
Original commit hash: 7de9bdf84f2088cd703cb5baa803053385814013

-------------------------------------------------------------------------------- 
[Changed Files]
Features/Audio/SndwDevTopologyFeaturePkg/AcpiTables/SndwDevTopologySt06Ssdt/AudioComposition_712VB_1320.asl
Features/Audio/SndwDevTopologyFeaturePkg/AcpiTables/SndwDevTopologySt06Ssdt/AudioFunction_1320_SPK.asl
Features/Audio/SndwDevTopologyFeaturePkg/AcpiTables/SndwDevTopologySt06Ssdt/AudioFunction_712VB_HID.asl
Features/Audio/SndwDevTopologyFeaturePkg/AcpiTables/SndwDevTopologySt06Ssdt/AudioFunction_712VB_MIC_4CH_VAD.asl
Features/Audio/SndwDevTopologyFeaturePkg/AcpiTables/SndwDevTopologySt06Ssdt/AudioFunction_712VB_UAJ.asl
Features/Audio/SndwDevTopologyFeaturePkg/AcpiTables/SndwDevTopologySt06Ssdt/Peripheral_1320.asl
Features/Audio/SndwDevTopologyFeaturePkg/AcpiTables/SndwDevTopologySt06Ssdt/Peripheral_712VB.asl
Features/Audio/SndwDevTopologyFeaturePkg/AcpiTables/SndwDevTopologySt06Ssdt/SndwDevTopologySt06Ssdt.asl

================================================================================ 
Commit: 8e67aaf83978b080cb99af33032ee7a0e26868b4 
Author: ClientSysFWGit <clientsysfwgit@intel.com> 
Date: Thu Jan 8 08:39:49 2026 +0530 
-------------------------------------------------------------------------------- 
Unable to get GOP debug logs in API mode

[Issue Description]
In API mode, the GOP debug logs are not being captured or displayed as expected.

[Resolution]
In API mode, the GOP debug logs are not being captured or displayed as expected.

Package/Module: FspPkg

[Impacted Platform]
Default ALL

Hsd-es-id: 15018674214
Original commit date: Thu Dec 4 17:37:12 2025 +0530
Change-Id: If590c8207b0de627100a06fa66431836b497d1bd
Original commit hash: 749922facb60c6a4684aa37d091d69ac8798dad6

-------------------------------------------------------------------------------- 
[Changed Files]
OneSiliconPkg/Fsp/FspInit/Pei/FspInit.c
OneSiliconPkg/Fsp/FspInit/Pei/FspInit.h
OneSiliconPkg/Fsp/FspInit/Pei/FspInit.inf
OneSiliconPkg/Fsp/FspInit/Pei/FspInitPreMem.c
OneSiliconPkg/Fsp/FspInit/Pei/FspInitPreMem.h
OneSiliconPkg/Fsp/FspInit/Pei/FspInitPreMem.inf
OneSiliconPkg/Fsp/Library/MonoStatusCode/MonoStatusCode.c
OneSiliconPkg/Fsp/Library/MonoStatusCode/MonoStatusCode.inf

================================================================================ 
Commit: 3dc591af62780ad70795237412e5a3e9791738c9 
Author: ClientSysFWGit <clientsysfwgit@intel.com> 
Date: Thu Jan 8 08:39:43 2026 +0530 
-------------------------------------------------------------------------------- 
"PTL PantherLake_pantherlake_program_platform_Daily Daily Updating Version/ID: PantherLake_3494_03

Hsd-es-id: N/A"
Original commit date: Mon Dec 15 21:16:23 2025 +0000
Original commit hash: a4fffbee0e844504d05bc1210274bb5a0ed96d02

-------------------------------------------------------------------------------- 
[Changed Files]
OneSiliconPkg/Product/PantherLake/SiPkgPcdInit.dsc
PantherLakeBoardPkg/BiosId.env

================================================================================ 
Commit: 0e7a913dbe9a56ee17128579cf16a691569b10a4 
Author: ClientSysFWGit <clientsysfwgit@intel.com> 
Date: Thu Jan 8 08:39:39 2026 +0530 
-------------------------------------------------------------------------------- 
Update MRC Release Notes and increment MRC build revision to 0.0.120.5

[Feature Description]
Updating MrcVersion.h and ReleaseNotes.

Package/Module:OneSiliconPkg/MemoryInit

[Impacted Platform]
All

Registers impacted: None

Hsd-es-id: 22018552565
Original commit date: Mon Dec 15 15:31:37 2025 +0000
Change-Id: I8b3a959347641d696deb4e04321ea919a243c49b
Original commit hash: 65a7a09c956d7053c82d0a50469738dcd74c6c5d

-------------------------------------------------------------------------------- 
[Changed Files]
OneSiliconPkg/IpBlock/MemoryInit/src/IncludePrivate/Ptl/MrcVersion.h

================================================================================ 
Commit: 7ccdeb68d3d31062ca2bb6947bbb1af1337d7400 
Author: ClientSysFWGit <clientsysfwgit@intel.com> 
Date: Thu Jan 8 08:39:34 2026 +0530 
-------------------------------------------------------------------------------- 
Revert "Enable LP5 DQ/DQS Swizzle training in full BIOS"

[Feature Description]
Revert "Enable LP5 DQ/DQS Swizzle training in full BIOS"
Keep LP5 DQ/DQS Swizzle training enabled in MiniBIOS
for future debug purposes.

Package/Module: OneSiliconPkg/IpBlock/MemoryInit

[Impacted Platform]
All

Hsd-es-id: 18044030454
Original commit date: Fri Dec 12 18:10:41 2025 +0100
Change-Id: I18e449081174a47713aef93eca82ff9086e80292
Original commit hash: 8f37a9e13210613d11b4adb6455eefc45a403f0e

-------------------------------------------------------------------------------- 
[Changed Files]
OneSiliconPkg/IpBlock/MemoryInit/src/ApiLib/BlueMrcGeneral.c

================================================================================ 
Commit: e757b256db30eced57ffb9a70abff0cdab0c7de1 
Author: ClientSysFWGit <clientsysfwgit@intel.com> 
Date: Thu Jan 8 08:39:27 2026 +0530 
-------------------------------------------------------------------------------- 
Update MRC Release Notes and increment MRC build revision to 0.0.120.4

[Feature Description]
Updating MrcVersion.h and ReleaseNotes.

Package/Module:OneSiliconPkg/MemoryInit

[Impacted Platform]
All

Registers impacted: None

Hsd-es-id: 22018552565
Original commit date: Mon Dec 15 14:39:45 2025 +0000
Change-Id: I5a7d08a20cd01139ac7d68362d7f72d06599daa7
Original commit hash: e11a94d6539a3a247933641e5f066ba3fd71b238

-------------------------------------------------------------------------------- 
[Changed Files]
OneSiliconPkg/IpBlock/MemoryInit/src/IncludePrivate/Ptl/MrcVersion.h

================================================================================ 
Commit: 997f67da74789175697ac3029a74c7c80d255603 
Author: ClientSysFWGit <clientsysfwgit@intel.com> 
Date: Thu Jan 8 08:39:14 2026 +0530 
-------------------------------------------------------------------------------- 
Update MRC Release Notes and increment MRC build revision to 0.0.120.3

[Feature Description]
Updating MrcVersion.h and ReleaseNotes.

Package/Module:OneSiliconPkg/MemoryInit

[Impacted Platform]
All

Registers impacted: None

Hsd-es-id: 22018552565
Original commit date: Mon Dec 15 13:39:53 2025 +0000
Change-Id: Ic9aa2d4726a464155615956e3464721616207670
Original commit hash: e9c213861534a27b449575b66ad55533654bae90

-------------------------------------------------------------------------------- 
[Changed Files]
OneSiliconPkg/IpBlock/MemoryInit/src/IncludePrivate/Ptl/MrcVersion.h
OneSiliconPkg/IpBlock/MemoryInit/src/UcManagement/Ptl/MrcUcPayloadData.c

================================================================================ 
Commit: 79dafce9f32fe1724c2d58d45043d7cd46528081 
Author: ClientSysFWGit <clientsysfwgit@intel.com> 
Date: Thu Jan 8 08:39:02 2026 +0530 
-------------------------------------------------------------------------------- 
Update MRC Release Notes and increment MRC build revision to 0.0.120.2

[Feature Description]
Updating MrcVersion.h and ReleaseNotes.

Package/Module:OneSiliconPkg/MemoryInit

[Impacted Platform]
All

Registers impacted: None

Hsd-es-id: 22018552565
Original commit date: Thu Dec 11 12:57:04 2025 +0000
Change-Id: I914e49288bc4e44e3076ef9e1687c986b9892f85
Original commit hash: 6ce8667a20cddf64fca26349f358b8c606a46920

-------------------------------------------------------------------------------- 
[Changed Files]
OneSiliconPkg/IpBlock/MemoryInit/src/IncludePrivate/Ptl/MrcVersion.h
OneSiliconPkg/IpBlock/MemoryInit/src/UcManagement/Ptl/MrcUcPayloadData.c

================================================================================ 
Commit: 2eacf0e4b0816934da30ee0712d7140a041b99b1 
Author: ClientSysFWGit <clientsysfwgit@intel.com> 
Date: Thu Jan 8 08:38:41 2026 +0530 
-------------------------------------------------------------------------------- 
"PTL PantherLake_pantherlake_program_platform_Daily Daily Updating Version/ID: PantherLake_3494_02

Hsd-es-id: N/A"
Original commit date: Mon Dec 8 22:59:31 2025 +0000
Original commit hash: 8e227ec4351a3ccf3aba967a9cab977433f5553c

-------------------------------------------------------------------------------- 
[Changed Files]
Doxygen/BoardApi.chm
Doxygen/FspApi.chm
Doxygen/PantherLake_FSP_Integration_Guide.chm
Doxygen/PantherLake_FSP_Integration_Guide.pdf
Doxygen/PlatApi.chm
Doxygen/SiPkgApi.chm
Features/HestFeaturePkg/HestDxe/HestDxe.c
Features/HestFeaturePkg/HestDxe/HestDxe.inf
Features/HestFeaturePkg/HestFeaturePkg.dec
Features/HestFeaturePkg/HestFeaturePkg.dsc
Features/HestFeaturePkg/Include/HestFeature.dsc
Features/HestFeaturePkg/Readme.md
LICENSE.txt
OneSiliconPkg/Product/PantherLake/SiPkgPcdInit.dsc
