================================================================================ 
Commit: 234bd0e9f84296d5009f4cc3778ef540276c9305 
Author: ClientSysFWGit <clientsysfwgit@intel.com> 
Date: Mon Jan 5 12:08:32 2026 +0530 
-------------------------------------------------------------------------------- 
Added Doxygen folder and License.txt file for ARL-S Refresh 6011_00 label.

-------------------------------------------------------------------------------- 
[Changed Files]
ClientOneSiliconPkg/SiPkg.dec
Doxygen/BoardApi.chm
Doxygen/FspApi.chm
Doxygen/MeteorLake_FSP_Integration_Guide.chm
Doxygen/MeteorLake_FSP_Integration_Guide.pdf
Doxygen/PlatApi.chm
Doxygen/SiPkgApi.chm
LICENSE.txt

================================================================================ 
Commit: d8ede0943f1937dd0f222dce93f45326f18aa924 
Author: ClientSysFWGit <clientsysfwgit@intel.com> 
Date: Mon Jan 5 10:50:28 2026 +0530 
-------------------------------------------------------------------------------- 
"MTL MeteorLakeJenkins_arrowlake_s_program_platform_Daily Daily Updating Version/ID: MeteorLake_6011_00

Hsd-es-id: N/A"
Original commit date: Mon Dec 29 09:52:07 2025 +0000
Original commit hash: 43957e3423c6177b86465402f6cc1bfd27ee6c60

-------------------------------------------------------------------------------- 
[Changed Files]
ClientOneSiliconPkg/Product/MeteorLake/SiPkgPcdInit.dsc
MeteorLakeBoardPkg/BiosId.env
MeteorLakeFspPkg/FspPkgPcdInit.dsc

================================================================================ 
Commit: 92a6e5246a8c904fd5938d0799fcb2112ba04351 
Author: ClientSysFWGit <clientsysfwgit@intel.com> 
Date: Mon Jan 5 10:50:23 2026 +0530 
-------------------------------------------------------------------------------- 
Update MRC Release Notes MTL MRC 2.10.10.3

[Feature Description]
Update MRC version.

Package/Module: ClientOneSiliconPkg/IpBlock/MemoryInit/Mtl

[Impacted Platform]
ALL

Hsd-es-id: 22014478540
Original commit date: Wed Dec 24 08:49:03 2025 -0800
Change-Id: I28f1851f748ac67fc27da1bb038e07f66afb564b
Original commit hash: 7efa6e8c949cf1c25f10299f3d9cd5c5f501bbe0

-------------------------------------------------------------------------------- 
[Changed Files]
ClientOneSiliconPkg/IpBlock/MemoryInit/Mtl/LibraryPrivate/PeiMemoryInitLib/Source/Include/MrcVersion.h

================================================================================ 
Commit: 2a71589c3abddd298a2b5a8a2208b87645bdcffc 
Author: ClientSysFWGit <clientsysfwgit@intel.com> 
Date: Mon Jan 5 10:50:18 2026 +0530 
-------------------------------------------------------------------------------- 
[ARL | DDR5] CKD LID Detection

[Issue Description]
Certain DIMM with specific CKD Vendor would fail in ECT due to
design marginality of the LID detection circuit

[Resolution]
Detect CKD Vendor and Rev, apply LID to 0x4 if CKD does not respond
to LID 0xB

Package/Module: ClientOneSiliconPkg\IpBlock\MemoryInit

[Impacted Platform]
DDR5

Hsd-es-id: 15018509597
Original commit date: Wed Oct 8 15:48:49 2025 +0800
Change-Id: Id7c9a3821e38e17b119a69f24d71c6f38be9fe48
Original commit hash: 500c4f4d5a5b104d2d3da576c781062cbbf737ef

-------------------------------------------------------------------------------- 
[Changed Files]
ClientOneSiliconPkg/IpBlock/MemoryInit/Mtl/LibraryPrivate/PeiMemoryInitLib/Source/Services/MrcCommon.c

================================================================================ 
Commit: af78e0440db9e51768434bb48ee3aa22d98e4b6b 
Author: ClientSysFWGit <clientsysfwgit@intel.com> 
Date: Mon Jan 5 10:50:13 2026 +0530 
-------------------------------------------------------------------------------- 
Update MRC Release Notes MTL MRC 2.10.10.2

[Feature Description]
Update MRC version.

Package/Module: ClientOneSiliconPkg/IpBlock/MemoryInit/Mtl

[Impacted Platform]
ALL

Hsd-es-id: 22014478540
Original commit date: Tue Dec 23 05:17:50 2025 -0800
Change-Id: I35a5f1ae2c5ce4f9973169f38cc54fced6ce9b21
Original commit hash: 7a43a2a2bf2e1a30d8ad5c132940a8e560fe1c8e

-------------------------------------------------------------------------------- 
[Changed Files]
ClientOneSiliconPkg/IpBlock/MemoryInit/Mtl/LibraryPrivate/PeiMemoryInitLib/Source/Include/MrcVersion.h

================================================================================ 
Commit: 8c35e4189a05e0c4baeb7b9bde075b944851f874 
Author: ClientSysFWGit <clientsysfwgit@intel.com> 
Date: Mon Jan 5 10:50:02 2026 +0530 
-------------------------------------------------------------------------------- 
[ARL | LP5 DDR5] MRC Static Code Analyzer Fixes

[Issue Description]
Static Code analyze flagged some issues for MRC

[Resolution]
Resolve the issues

Package/Module: ClientOneSiliconPkg/IpBlock/MemoryInit/Mtl

[Impacted Platform]
ALL

Hsd-es-id: 14026498550
Original commit date: Fri Nov 14 13:52:21 2025 -0800
Change-Id: I13f744c4e1ef01746521b78332876dc98fff212a
Original commit hash: f6a959cc8e39d3f332106e164a7dfd955df9e296

-------------------------------------------------------------------------------- 
[Changed Files]
ClientOneSiliconPkg/IpBlock/MemoryInit/Mtl/LibraryPrivate/PeiMemoryInitLib/Source/MemoryTypes/MrcDdr5.c
ClientOneSiliconPkg/IpBlock/MemoryInit/Mtl/LibraryPrivate/PeiMemoryInitLib/Source/MemoryTypes/MrcDdr5.h
ClientOneSiliconPkg/IpBlock/MemoryInit/Mtl/LibraryPrivate/PeiMemoryInitLib/Source/MemoryTypes/MrcMemoryApi.c

================================================================================ 
Commit: 63f13ec8b318f7e8f10d1f1dcbbc6063e83971ae 
Author: ClientSysFWGit <clientsysfwgit@intel.com> 
Date: Mon Jan 5 10:49:52 2026 +0530 
-------------------------------------------------------------------------------- 
Remove Enable/Disable option for IPF

[Feature Description]
Remove Enable/Disable option for IPF
Setup menu option

Package/Module: PlatsamplePkg

[Impacted Platform]
Default ALL

Hsd-es-id: 16029248274
Original commit date: Wed Dec 3 16:05:41 2025 +0530
Change-Id: I06ae62e692c24a67290448401086fb0825ff35f3
Original commit hash: 00e28aeb8fec00fa48f18d44b90266c2dd44265c

-------------------------------------------------------------------------------- 
[Changed Files]
MeteorLakePlatSamplePkg/Setup/PlatformSetup.hfr
MeteorLakePlatSamplePkg/Setup/PlatformSetup.uni

================================================================================ 
Commit: 996566ad52e653ce47cd9d795fea526f2beecf8c 
Author: ClientSysFWGit <clientsysfwgit@intel.com> 
Date: Mon Jan 5 10:49:42 2026 +0530 
-------------------------------------------------------------------------------- 
Fix integer overflow

[Issue Description]
Fix integer overflow in arithmetic on constant operands

[Resolution]
Type casting is done to fix the interger overflow

Package/Module:IpBlock/Tcss

[Impacted Platform]
ALL

Hsd-es-id: 16029116203
Original commit date: Thu Nov 13 12:23:21 2025 +0530
Change-Id: I752af4403e8f49b4578641f7c23388328d9888cc
Original commit hash: 8734f1335b48c69903dc5e264b913c24a3a96f2c

-------------------------------------------------------------------------------- 
[Changed Files]
ClientOneSiliconPkg/IpBlock/Tcss/LibraryPrivate/PeiItbtPcieRpInitLib/ItbtPcieRpInitLib.c

================================================================================ 
Commit: d8bbc31ca9da0b1027c51a324cfe6e0bb919ad83 
Author: ClientSysFWGit <clientsysfwgit@intel.com> 
Date: Mon Jan 5 10:49:30 2026 +0530 
-------------------------------------------------------------------------------- 
Need check type133 string before using.

[Issue Description]
Should check type133 string before using.

[Resolution]
Check type133 string.

Package/Module:
BoardPkg

[Impacted Platform]
ALL

Hsd-es-id: 16029116203
Original commit date: Thu Nov 13 12:57:29 2025 +0800
Change-Id: If6d82c980637421d15e765f4913c8d525b4bca63
Original commit hash: bd1912edae50ea9d30f9f6b91fb76b146ed4edc5

-------------------------------------------------------------------------------- 
[Changed Files]
MeteorLakeBoardPkg/SmbiosPlatformInfo/SmbiosPlatformInfo.c

================================================================================ 
Commit: 140d08c89a55f79fae8a8437dccebb06196e9cb9 
Author: ClientSysFWGit <clientsysfwgit@intel.com> 
Date: Mon Jan 5 10:49:20 2026 +0530 
-------------------------------------------------------------------------------- 
Enable SECURE CONNECTION Phase 2, new pair of keys is not getting generated

[Issue Description]
Currently Public key(x,y) is generated once and the same key reused for each pairing.
For each paring, a new set of public key should be generated.

[Resolution]
Call smp_generate_p256_keys at correct state and appropriate changes needed.

Package/Module:
Features/BluetoothPkg/BluetoothBusDxe

[Impacted Platform]
ARL/MTL

Hsd-es-id: 16029255579
Original commit date: Mon Nov 24 17:53:34 2025 +0530
Change-Id: I598730579a742309436042306d317fde24e25bb7
Original commit hash: aacd8368fa8211bbb18d5a93baf0ae7c9d111b49

-------------------------------------------------------------------------------- 
[Changed Files]
Features/BluetoothPkg/BluetoothBusDxe/iLE/core/inc/smp.h
Features/BluetoothPkg/BluetoothBusDxe/iLE/core/src/gap.c
Features/BluetoothPkg/BluetoothBusDxe/iLE/core/src/smp.c
Features/BluetoothPkg/BluetoothBusDxe/iLE/mgr/inc/smp_mgr.h
Features/BluetoothPkg/BluetoothBusDxe/iLE/mgr/src/smp_mgr.c

================================================================================ 
Commit: a122e42454aa817d7c650349b867d711be7ebc5e 
Author: ClientSysFWGit <clientsysfwgit@intel.com> 
Date: Mon Jan 5 10:49:09 2026 +0530 
-------------------------------------------------------------------------------- 
Bluetooth - Timeout does not work as UEFI spec in Intel UEFI BLE Driver

[Issue Description]
Bluetooth - Timeout does not work as UEFI spec in Intel UEFI BLE Driver

[Resolution]
Input: 10000ms to Scan as per UEFI Spec
Remove Multi of 1000 from iLE_start_scan_ex timeout variable

Package/Module: BluetoothPkg

[Impacted Platform]
ARL

Hsd-es-id: 16029156708
Original commit date: Fri Nov 14 08:52:13 2025 +0530
Change-Id: Id8fb0c1eadc885eff1cb83c7bb39f0071695f497
Original commit hash: 16388d6766f037e41e64e983f96e65ae1e3a9f94

-------------------------------------------------------------------------------- 
[Changed Files]
Features/BluetoothPkg/BluetoothBusDxe/iLE/apps/src/uefi_app.c
Features/BluetoothPkg/BluetoothConnectionManagerDxe/BluetoothConnectionManagerDxe.c

================================================================================ 
Commit: 34c50e765cf2c41e14e851028a3e159f3f6b995d 
Author: ClientSysFWGit <clientsysfwgit@intel.com> 
Date: Mon Jan 5 10:48:53 2026 +0530 
-------------------------------------------------------------------------------- 
"MTL MeteorLakeJenkins_arrowlake_s_program_platform_Daily Daily Updating Version/ID: MeteorLake_5494_00

Hsd-es-id: N/A"
Original commit date: Thu Dec 4 08:10:22 2025 +0000
Original commit hash: b24ad0d847d18751794b27e4241d31c4ca16ebc4

-------------------------------------------------------------------------------- 
[Changed Files]
ClientOneSiliconPkg/SiPkg.dec
Doxygen/BoardApi.chm
Doxygen/FspApi.chm
Doxygen/MeteorLake_FSP_Integration_Guide.chm
Doxygen/MeteorLake_FSP_Integration_Guide.pdf
Doxygen/PlatApi.chm
Doxygen/SiPkgApi.chm
Features/ClientSmbiosFeaturePkg/SmbiosMiscDxe/UnitTest/PrivateMock/PrivateMock.h
Features/ClientSmbiosFeaturePkg/SmbiosMiscDxe/UnitTest/PrivateMock/SmbiosMiscDxeDefinition.h
Features/ClientSmbiosFeaturePkg/SmbiosMiscDxe/UnitTest/PrivateMock/SmbiosMiscDxeStrings.h
Features/ClientSmbiosFeaturePkg/Test/CommonMock/BootServicesMock.h
Features/Connectivity/CnvFeaturePkg/CnvDxe/UnitTest/TestCase/CnvNvsAreaInit/TestCaseCnvNvsAreaInit.h
Features/Connectivity/CnvFeaturePkg/CnvDxe/UnitTest/TestCase/CnvNvsAreaUpdate/TestCaseCnvNvsAreaUpdate.h
Features/Connectivity/CnvFeaturePkg/CnvDxe/UnitTest/TestCase/CnvUefiPolicyInitDxe/TestCaseCnvUefiPolicyInitDxe.h
Features/Connectivity/CnvFeaturePkg/CnvDxe/UnitTest/UnitTestMain.h
Features/Connectivity/CnvFeaturePkg/CnvUefiConfigVariables/UnitTest/PrivateMock/PrivateMock.h
Features/Connectivity/CnvFeaturePkg/CnvUefiConfigVariables/UnitTest/TestCase/CnvUefiConfigVar/CnvConfigInit/TestCaseCnvConfigInit.h
Features/Connectivity/CnvFeaturePkg/CnvUefiConfigVariables/UnitTest/TestCase/CnvUefiConfigVar/InstallBbfb/TestCaseInstallBbfb.h
Features/Connectivity/CnvFeaturePkg/CnvUefiConfigVariables/UnitTest/TestCase/CnvUefiConfigVar/InstallBrds/TestCaseInstallBrds.h
Features/Connectivity/CnvFeaturePkg/CnvUefiConfigVariables/UnitTest/TestCase/CnvUefiConfigVar/InstallBtPpag/TestCaseInstallBtPpag.h
Features/Connectivity/CnvFeaturePkg/CnvUefiConfigVariables/UnitTest/TestCase/CnvUefiConfigVar/InstallCnvUefiVariables/TestCaseInstallCnvUefiVariables.h
Features/Connectivity/CnvFeaturePkg/CnvUefiConfigVariables/UnitTest/TestCase/CnvUefiConfigVar/InstallCnvWwanCoEx/TestCaseInstallCnvWwanCoEx.h
Features/Connectivity/CnvFeaturePkg/CnvUefiConfigVariables/UnitTest/TestCase/CnvUefiConfigVar/InstallEwrd/TestCaseInstallEwrd.h
Features/Connectivity/CnvFeaturePkg/CnvUefiConfigVariables/UnitTest/TestCase/CnvUefiConfigVar/InstallGpc/TestCaseInstallGpc.h
Features/Connectivity/CnvFeaturePkg/CnvUefiConfigVariables/UnitTest/TestCase/CnvUefiConfigVar/InstallMpcc/TestCaseInstallMpcc.h
Features/Connectivity/CnvFeaturePkg/CnvUefiConfigVariables/UnitTest/TestCase/CnvUefiConfigVar/InstallSads/TestCaseInstallSads.h
Features/Connectivity/CnvFeaturePkg/CnvUefiConfigVariables/UnitTest/TestCase/CnvUefiConfigVar/InstallSgom/TestCaseInstallSgom.h
Features/Connectivity/CnvFeaturePkg/CnvUefiConfigVariables/UnitTest/TestCase/CnvUefiConfigVar/InstallSplc/TestCaseInstallSplc.h
Features/Connectivity/CnvFeaturePkg/CnvUefiConfigVariables/UnitTest/TestCase/CnvUefiConfigVar/InstallWand/TestCaseInstallWand.h
Features/Connectivity/CnvFeaturePkg/CnvUefiConfigVariables/UnitTest/TestCase/CnvUefiConfigVar/InstallWcsc/TestCaseInstallWcsc.h
Features/Connectivity/CnvFeaturePkg/CnvUefiConfigVariables/UnitTest/TestCase/CnvUefiConfigVar/InstallWgds/TestCaseInstallWgds.h
Features/Connectivity/CnvFeaturePkg/CnvUefiConfigVariables/UnitTest/TestCase/CnvUefiConfigVar/InstallWpfc/TestCaseInstallWpfc.h
Features/Connectivity/CnvFeaturePkg/CnvUefiConfigVariables/UnitTest/TestCase/CnvUefiConfigVar/InstallWrdd/TestCaseInstallWrdd.h
Features/Connectivity/CnvFeaturePkg/CnvUefiConfigVariables/UnitTest/TestCase/CnvUefiConfigVar/InstallWrds/TestCaseInstallWrds.h
Features/Connectivity/CnvFeaturePkg/CnvUefiConfigVariables/UnitTest/TestCase/CnvUefiConfigVar/UpdateVariables/TestCaseUpdateVariables.h
Features/Connectivity/CnvFeaturePkg/CnvUefiConfigVariables/UnitTest/TestCase/CnvUefiConfigVarVer2/InstallAold/TestCaseInstallAoldVer2.h
Features/Connectivity/CnvFeaturePkg/CnvUefiConfigVariables/UnitTest/TestCase/CnvUefiConfigVarVer2/InstallBbfb/TestCaseInstallBbfbVer2.h
Features/Connectivity/CnvFeaturePkg/CnvUefiConfigVariables/UnitTest/TestCase/CnvUefiConfigVarVer2/InstallBrds/TestCaseInstallBrdsVer2.h
Features/Connectivity/CnvFeaturePkg/CnvUefiConfigVariables/UnitTest/TestCase/CnvUefiConfigVarVer2/InstallBtPpag/TestCaseInstallBtPpagVer2.h
Features/Connectivity/CnvFeaturePkg/CnvUefiConfigVariables/UnitTest/TestCase/CnvUefiConfigVarVer2/InstallBtlc/TestCaseInstallBtlcVer2.h
Features/Connectivity/CnvFeaturePkg/CnvUefiConfigVariables/UnitTest/TestCase/CnvUefiConfigVarVer2/InstallCnvUefiVariables/TestCaseInstallCnvUefiVariablesVer2.h
Features/Connectivity/CnvFeaturePkg/CnvUefiConfigVariables/UnitTest/TestCase/CnvUefiConfigVarVer2/InstallEckv/TestCaseInstallEckvVer2.h
Features/Connectivity/CnvFeaturePkg/CnvUefiConfigVariables/UnitTest/TestCase/CnvUefiConfigVarVer2/InstallEwrd/TestCaseInstallEwrdVer2.h
Features/Connectivity/CnvFeaturePkg/CnvUefiConfigVariables/UnitTest/TestCase/CnvUefiConfigVarVer2/InstallMpcc/TestCaseInstallMpccVer2.h
Features/Connectivity/CnvFeaturePkg/CnvUefiConfigVariables/UnitTest/TestCase/CnvUefiConfigVarVer2/InstallPpag/TestCaseInstallPpagVer2.h
Features/Connectivity/CnvFeaturePkg/CnvUefiConfigVariables/UnitTest/TestCase/CnvUefiConfigVarVer2/InstallSads/TestCaseInstallSadsVer2.h
Features/Connectivity/CnvFeaturePkg/CnvUefiConfigVariables/UnitTest/TestCase/CnvUefiConfigVarVer2/InstallSgom/TestCaseInstallSgomVer2.h
Features/Connectivity/CnvFeaturePkg/CnvUefiConfigVariables/UnitTest/TestCase/CnvUefiConfigVarVer2/InstallSplc/TestCaseInstallSplcVer2.h
Features/Connectivity/CnvFeaturePkg/CnvUefiConfigVariables/UnitTest/TestCase/CnvUefiConfigVarVer2/InstallWcsc/TestCaseInstallWcscVer2.h
Features/Connectivity/CnvFeaturePkg/CnvUefiConfigVariables/UnitTest/TestCase/CnvUefiConfigVarVer2/InstallWgds/TestCaseInstallWgdsVer2.h
Features/Connectivity/CnvFeaturePkg/CnvUefiConfigVariables/UnitTest/TestCase/CnvUefiConfigVarVer2/InstallWlanGeneralCfg/TestCaseInstallWlanGeneralCfg.h
Features/Connectivity/CnvFeaturePkg/CnvUefiConfigVariables/UnitTest/TestCase/CnvUefiConfigVarVer2/InstallWlanOemPnvm/TestCaseInstallWlanOemPnvm.h
Features/Connectivity/CnvFeaturePkg/CnvUefiConfigVariables/UnitTest/TestCase/CnvUefiConfigVarVer2/InstallWpfc/TestCaseInstallWpfcVer2.h
Features/Connectivity/CnvFeaturePkg/CnvUefiConfigVariables/UnitTest/TestCase/CnvUefiConfigVarVer2/InstallWrdd/TestCaseInstallWrddVer2.h
Features/Connectivity/CnvFeaturePkg/CnvUefiConfigVariables/UnitTest/TestCase/CnvUefiConfigVarVer2/InstallWrds/TestCaseInstallWrdsVer2.h
Features/Connectivity/CnvFeaturePkg/CnvUefiConfigVariables/UnitTest/TestCase/CnvUefiConfigVarVer2/InstallWstd/TestCaseInstallWstdVer2.h
Features/Connectivity/CnvFeaturePkg/CnvUefiConfigVariables/UnitTest/TestCase/CnvUefiConfigVarVer2/InstallWtas/TestCaseInstallWtasVer2.h
Features/Connectivity/CnvFeaturePkg/CnvUefiConfigVariables/UnitTest/TestCase/CnvUefiConfigVarVer2/InstallWwanCoEx/TestCaseInstallWwanCoExVer2.h
Features/Connectivity/CnvFeaturePkg/CnvUefiConfigVariables/UnitTest/UnitTestMain.h
Features/Connectivity/CnvFeaturePkg/CnvUefiConfigVariables/UnitTest/UnitTestMainVer2.h
Features/Connectivity/CnvFeaturePkg/CnvVfrSetupMenu/UnitTest/TestCase/CnvVfrSetupMenuTestCase.h
Features/Connectivity/CnvFeaturePkg/Test/CommonMock/BootServicesMock.h
Features/Connectivity/CnvFeaturePkg/Test/CommonMock/RunTimeServicesMock.h
Features/Ec/EcFeaturePkg/BatteryDxe/UnitTest/TestCase/BatteryEnableCharging/TestCaseBatteryEnableCharging.h
Features/Ec/EcFeaturePkg/BatteryDxe/UnitTest/TestCase/GetBatteryInformation/TestCaseGetBatteryInformation.h
Features/Ec/EcFeaturePkg/BatteryDxe/UnitTest/TestCase/GetBatteryStatus/TestCaseGetBatteryStatus.h
Features/Ec/EcFeaturePkg/BatteryDxe/UnitTest/TestCase/InstallBatteryProtocol/TestCaseInstallBatteryProtocol.h
Features/Ec/EcFeaturePkg/BatteryDxe/UnitTest/UnitTestMain.h
Features/Ec/EcFeaturePkg/EcDxe/UnitTest/TestCase/EcDxeInitialize/TestCaseEcDxeInitialize.h
Features/Ec/EcFeaturePkg/EcDxe/UnitTest/TestCase/InstallEcSsdt/TestCaseInstallEcSsdt.h
Features/Ec/EcFeaturePkg/EcDxe/UnitTest/TestCase/InstallSsdtAcpiTable/TestCaseInstallSsdtAcpiTable.h
Features/Ec/EcFeaturePkg/EcDxe/UnitTest/TestCase/UpdateAcpiDataTable/TestCaseUpdateAcpiDataTable.h
Features/Ec/EcFeaturePkg/EcDxe/UnitTest/UnitTestMain.h
Features/Ec/EcFeaturePkg/Test/CommonMock/BootServicesMock.h
Features/I2cFeaturePkg/I2cPlatformDxe/UnitTest/PrivateMock/PrivateMock.h
Features/I2cFeaturePkg/I2cPlatformDxe/UnitTest/TestCase/Enumerate/TestCaseEnumerate.h
Features/I2cFeaturePkg/I2cPlatformDxe/UnitTest/TestCase/GetBusFrequency/TestCaseGetBusFrequency.h
Features/I2cFeaturePkg/I2cPlatformDxe/UnitTest/TestCase/GetPciDevId/TestCaseGetPciDevId.h
Features/I2cFeaturePkg/I2cPlatformDxe/UnitTest/TestCase/I2cPlatformDriverBindingStart/TestCaseI2cPlatformDriverBindingStart.h
Features/I2cFeaturePkg/I2cPlatformDxe/UnitTest/TestCase/I2cPlatformDriverBindingStop/TestCaseI2cPlatformDriverBindingStop.h
Features/I2cFeaturePkg/I2cPlatformDxe/UnitTest/TestCase/I2cPlatformDriverBindingSupported/TestCaseI2cPlatformDriverBindingSupported.h
Features/I2cFeaturePkg/I2cPlatformDxe/UnitTest/TestCase/I2cPlatformEntryPoint/TestCaseI2cPlatformEntryPoint.h
Features/I2cFeaturePkg/I2cPlatformDxe/UnitTest/TestCase/IsSerialIoI2cDeviceIdCp/TestCaseIsSerialIoI2cDeviceIdCp.h
Features/I2cFeaturePkg/I2cPlatformDxe/UnitTest/TestCase/SetConfiguration/TestCaseSetConfiguration.h
Features/I2cFeaturePkg/I2cPlatformDxe/UnitTest/UnitTestMain.h
Features/I2cFeaturePkg/I2cPssMonzaDxe/UnitTest/PrivateMock/PrivateMock.h
Features/I2cFeaturePkg/I2cPssMonzaDxe/UnitTest/TestCase/IsPssMonzaExist/TestCaseIsPssMonzaExist.h
Features/I2cFeaturePkg/I2cPssMonzaDxe/UnitTest/TestCase/PssMonzaDeleteRequestPacket/TestCasePssMonzaDeleteRequestPacket.h
Features/I2cFeaturePkg/I2cPssMonzaDxe/UnitTest/TestCase/PssMonzaDriverBindingStart/TestCasePssMonzaDriverBindingStart.h
Features/I2cFeaturePkg/I2cPssMonzaDxe/UnitTest/TestCase/PssMonzaDriverBindingStop/TestCasePssMonzaDriverBindingStop.h
Features/I2cFeaturePkg/I2cPssMonzaDxe/UnitTest/TestCase/PssMonzaDriverBindingSupported/TestCasePssMonzaDriverBindingSupported.h
Features/I2cFeaturePkg/I2cPssMonzaDxe/UnitTest/TestCase/PssMonzaDriverComponentNameGetControllerName/TestCasePssMonzaDriverComponentNameGetControllerName.h
Features/I2cFeaturePkg/I2cPssMonzaDxe/UnitTest/TestCase/PssMonzaDriverComponentNameGetDriverName/TestCasePssMonzaDriverComponentNameGetDriverName.h
Features/I2cFeaturePkg/I2cPssMonzaDxe/UnitTest/TestCase/PssMonzaDriverEntryPoint/TestCasePssMonzaDriverEntryPoint.h
Features/I2cFeaturePkg/I2cPssMonzaDxe/UnitTest/TestCase/PssMonzaGetSerialNumber/TestCasePssMonzaGetSerialNumber.h
Features/I2cFeaturePkg/I2cPssMonzaDxe/UnitTest/TestCase/PssMonzaNewRequestPacket/TestCasePssMonzaNewRequestPacket.h
Features/I2cFeaturePkg/I2cPssMonzaDxe/UnitTest/TestCase/PssMonzaReadData/TestCasePssMonzaReadData.h
Features/I2cFeaturePkg/I2cPssMonzaDxe/UnitTest/UnitTestMain.h
Features/I2cFeaturePkg/I2cTouchPanelDxe/UnitTest/PrivateMock/PrivateMock.h
Features/I2cFeaturePkg/I2cTouchPanelDxe/UnitTest/TestCase/AccessBit/TestCaseAccessBit.h
Features/I2cFeaturePkg/I2cTouchPanelDxe/UnitTest/TestCase/CheckDataAvailableCallback/TestCaseCheckDataAvailableCallback.h
Features/I2cFeaturePkg/I2cTouchPanelDxe/UnitTest/TestCase/DeleteRequestPacket/TestCaseDeleteRequestPacket.h
Features/I2cFeaturePkg/I2cTouchPanelDxe/UnitTest/TestCase/ExportReport/TestCaseExportReport.h
Features/I2cFeaturePkg/I2cTouchPanelDxe/UnitTest/TestCase/GetHidDescriptor/TestCaseGetHidDescriptor.h
Features/I2cFeaturePkg/I2cTouchPanelDxe/UnitTest/TestCase/GetLength/TestCaseGetLength.h
Features/I2cFeaturePkg/I2cTouchPanelDxe/UnitTest/TestCase/GetToken/TestCaseGetToken.h
Features/I2cFeaturePkg/I2cTouchPanelDxe/UnitTest/TestCase/GetTouchCoordinates/TestCaseGetTouchCoordinates.h
Features/I2cFeaturePkg/I2cTouchPanelDxe/UnitTest/TestCase/HidDescriptorReceivedEvent/TestCaseHidDescriptorReceivedEvent.h
Features/I2cFeaturePkg/I2cTouchPanelDxe/UnitTest/TestCase/NewRequestPacket/TestCaseNewRequestPacket.h
Features/I2cFeaturePkg/I2cTouchPanelDxe/UnitTest/TestCase/ParseInput/TestCaseParseInput.h
Features/I2cFeaturePkg/I2cTouchPanelDxe/UnitTest/TestCase/ReadInputReportDescriptor/TestCaseReadInputReportDescriptor.h
Features/I2cFeaturePkg/I2cTouchPanelDxe/UnitTest/TestCase/SetHidPower/TestCaseSetHidPower.h
Features/I2cFeaturePkg/I2cTouchPanelDxe/UnitTest/TestCase/SetHidReset/TestCaseSetHidReset.h
Features/I2cFeaturePkg/I2cTouchPanelDxe/UnitTest/TestCase/SetInterruptFrequency/TestCaseSetInterruptFrequency.h
Features/I2cFeaturePkg/I2cTouchPanelDxe/UnitTest/TestCase/ShowReportTable/TestCaseShowReportTable.h
Features/I2cFeaturePkg/I2cTouchPanelDxe/UnitTest/TestCase/TPLDriverComponentNameGetControllerName/TestCaseTouchPanelDriverComponentNameGetControllerName.h
Features/I2cFeaturePkg/I2cTouchPanelDxe/UnitTest/TestCase/TouchDevInit/TestCaseTouchDevInit.h
Features/I2cFeaturePkg/I2cTouchPanelDxe/UnitTest/TestCase/TouchPanelDriverAbsolutePointerGetState/TestCaseTouchPanelDriverAbsolutePointerGetState.h
Features/I2cFeaturePkg/I2cTouchPanelDxe/UnitTest/TestCase/TouchPanelDriverAbsolutePointerReset/TestCaseTouchPanelDriverAbsolutePointerReset.h
Features/I2cFeaturePkg/I2cTouchPanelDxe/UnitTest/TestCase/TouchPanelDriverComponentNameGetDriverName/TestCaseTouchPanelDriverComponentNameGetDriverName.h
Features/I2cFeaturePkg/I2cTouchPanelDxe/UnitTest/TestCase/TouchPanelDriverDriverBindingStart/TestCaseTouchPanelDriverDriverBindingStart.h
Features/I2cFeaturePkg/I2cTouchPanelDxe/UnitTest/TestCase/TouchPanelDriverDriverBindingStop/TestCaseTouchPanelDriverDriverBindingStop.h
Features/I2cFeaturePkg/I2cTouchPanelDxe/UnitTest/TestCase/TouchPanelDriverDriverBindingSupported/TestCaseTouchPanelDriverDriverBindingSupported.h
Features/I2cFeaturePkg/I2cTouchPanelDxe/UnitTest/TestCase/TouchPanelDriverEntryPoint/TestCaseTouchPanelDriverEntryPoint.h
Features/I2cFeaturePkg/I2cTouchPanelDxe/UnitTest/TestCase/TouchPanelDriverUnload/TestCaseTouchPanelDriverUnload.h
Features/I2cFeaturePkg/I2cTouchPanelDxe/UnitTest/TestCase/UpdateStack/TestCaseUpdateStack.h
Features/I2cFeaturePkg/I2cTouchPanelDxe/UnitTest/UnitTestMain.h
Features/I2cFeaturePkg/Test/CommonMock/BootServicesMock.h
Features/Storage/FfuFlashingFeaturePkg/FfuFlashingDxe/UnitTest/PrivateMock/PrivateMock.h
Features/Storage/NvmeFeaturePkg/NvmeEraseDxe/UnitTest/CleanUp/CleanUp.h
Features/Storage/NvmeFeaturePkg/NvmeEraseDxe/UnitTest/PreRequisite/PreRequisite.h
Features/Storage/NvmeFeaturePkg/NvmeEraseDxe/UnitTest/PrivateMock/NvmePassThruProtocolMock.h
Features/Storage/NvmeFeaturePkg/NvmeEraseDxe/UnitTest/TestCase/GetNvmeEraseResult/GetNvmeEraseResultMock.h
Features/Storage/NvmeFeaturePkg/NvmeEraseDxe/UnitTest/TestCase/GetParentProtocol/GetParentProtocolMock.h
Features/Storage/NvmeFeaturePkg/NvmeEraseDxe/UnitTest/TestCase/IsNvmeDevice/IsNvmeDeviceMock.h
Features/Storage/NvmeFeaturePkg/NvmeEraseDxe/UnitTest/TestCase/NvmeDataBlockErase/NvmeDataBlockEraseMock.h
Features/Storage/NvmeFeaturePkg/NvmeEraseDxe/UnitTest/TestCase/NvmeDataCryptoErase/NvmeDataCryptoEraseMock.h
Features/Storage/NvmeFeaturePkg/NvmeEraseDxe/UnitTest/TestCase/NvmeDataOverwrite/NvmeDataOverwriteMock.h
Features/Storage/NvmeFeaturePkg/NvmeEraseDxe/UnitTest/TestCase/NvmeEraseBindingSupported/NvmeEraseBindingSupportedMock.h
Features/Storage/NvmeFeaturePkg/NvmeEraseDxe/UnitTest/TestCase/NvmeEraseBlocks/NvmeEraseBlocksMock.h
Features/Storage/NvmeFeaturePkg/NvmeEraseDxe/UnitTest/TestCase/NvmeEraseEntryPoint/NvmeEraseEntryPointMock.h
Features/Storage/NvmeFeaturePkg/NvmeEraseDxe/UnitTest/TestCase/NvmeFormatNvmCommand/NvmeFormatNvmCommandMock.h
Features/Storage/NvmeFeaturePkg/NvmeEraseDxe/UnitTest/TestCase/NvmeIdentifyController/NvmeIdentifyControllerMock.h
Features/Storage/NvmeFeaturePkg/NvmeEraseDxe/UnitTest/TestCase/UpdateResult/UpdateResultMock.h
Features/Storage/NvmeFeaturePkg/PowerLossNotifyDxe/UnitTest/CleanUp/CleanUp.h
Features/Storage/NvmeFeaturePkg/PowerLossNotifyDxe/UnitTest/PreRequisite/PreRequisite.h
Features/Storage/NvmeFeaturePkg/PowerLossNotifyDxe/UnitTest/PrivateMock/NvmePassThruProtocolMock.h
Features/Storage/NvmeFeaturePkg/PowerLossNotifyDxe/UnitTest/PrivateMock/PlnSettingProtocolMock.h
Features/Storage/NvmeFeaturePkg/PowerLossNotifyDxe/UnitTest/TestCase/ConfigureDevicePln/ConfigureDevicePlnMock.h
Features/Storage/NvmeFeaturePkg/PowerLossNotifyDxe/UnitTest/TestCase/NvmeGetFeature/NvmeGetFeatureMock.h
Features/Storage/NvmeFeaturePkg/PowerLossNotifyDxe/UnitTest/TestCase/NvmePassthruNotificationEvent/NvmePassthruNotificationEventMock.h
Features/Storage/NvmeFeaturePkg/PowerLossNotifyDxe/UnitTest/TestCase/NvmeSetFeature/NvmeSetFeatureMock.h
Features/Storage/NvmeFeaturePkg/PowerLossNotifyDxe/UnitTest/TestCase/PowerLossNotifyEntryPoint/PowerLossNotifyEntryPointMock.h
Features/Storage/NvmeFeaturePkg/Test/CommonMock/BootServicesMock.h
Features/Storage/SataFeaturePkg/SataEraseDxe/UnitTest/CleanUp/CleanUp.h
Features/Storage/SataFeaturePkg/SataEraseDxe/UnitTest/PreRequisite/PreRequisite.h
Features/Storage/SataFeaturePkg/SataEraseDxe/UnitTest/PrivateMock/AtaPassThruProtocolMock.h
Features/Storage/SataFeaturePkg/SataEraseDxe/UnitTest/TestCase/GetParentProtocol/GetParentProtocolMock.h
Features/Storage/SataFeaturePkg/SataEraseDxe/UnitTest/TestCase/GetPortNum/GetPortNumMock.h
Features/Storage/SataFeaturePkg/SataEraseDxe/UnitTest/TestCase/GetSataEraseResult/GetSataEraseResultMock.h
Features/Storage/SataFeaturePkg/SataEraseDxe/UnitTest/TestCase/IsSataDevice/IsSataDeviceMock.h
Features/Storage/SataFeaturePkg/SataEraseDxe/UnitTest/TestCase/SataDataBlockErase/SataDataBlockEraseMock.h
Features/Storage/SataFeaturePkg/SataEraseDxe/UnitTest/TestCase/SataDataCryptoErase/SataDataCryptoEraseMock.h
Features/Storage/SataFeaturePkg/SataEraseDxe/UnitTest/TestCase/SataDataOverwrite/SataDataOverwriteMock.h
Features/Storage/SataFeaturePkg/SataEraseDxe/UnitTest/TestCase/SataEraseEntryPoint/SataEraseEntryPointMock.h
Features/Storage/SataFeaturePkg/SataEraseDxe/UnitTest/TestCase/SataGetEraseTimeout/SataGetEraseTimeoutMock.h
Features/Storage/SataFeaturePkg/SataEraseDxe/UnitTest/TestCase/SataGetIdentify/SataGetIdentifyMock.h
Features/Storage/SataFeaturePkg/SataEraseDxe/UnitTest/TestCase/SataPrepareSecureErase/SataPrepareSecureEraseMock.h
Features/Storage/SataFeaturePkg/SataEraseDxe/UnitTest/TestCase/SataRemovePassword/SataRemovePasswordMock.h
Features/Storage/SataFeaturePkg/SataEraseDxe/UnitTest/TestCase/SataSanitizeCommand/SataSanitizeCommandMock.h
Features/Storage/SataFeaturePkg/SataEraseDxe/UnitTest/TestCase/SataSendEraseCommand/SataSendEraseCommandMock.h
Features/Storage/SataFeaturePkg/SataEraseDxe/UnitTest/TestCase/SataSetDefaultPassword/SataSetDefaultPasswordMock.h
Features/Storage/SataFeaturePkg/SataEraseDxe/UnitTest/TestCase/SataSwapAtaString/SataSwapAtaStringMock.h
Features/Storage/SataFeaturePkg/SataEraseDxe/UnitTest/TestCase/SendSecureEraseCommands/SendSecureEraseCommandsMock.h
Features/Storage/SataFeaturePkg/SataEraseDxe/UnitTest/TestCase/UpdateResult/UpdateResultMock.h
Features/Storage/SataFeaturePkg/Test/CommonMock/BootServicesMock.h
Features/Thermal/DptfFeaturePkg/DptfInstallTableDxe/UnitTest/PrivateMock/PrivateMock.h
LICENSE.txt
MeteorLakeBoardPkg/Acpi/AcpiTables/Facs/Facs.act
MeteorLakeBoardPkg/Acpi/AcpiTables/Fadt/Fadt6.3.act
MeteorLakeBoardPkg/Acpi/AcpiTables/Hpet/Hpet.act
MeteorLakeBoardPkg/Acpi/AcpiTables/Madt/Madt.act
MeteorLakeBoardPkg/Acpi/AcpiTables/Mcfg/Mcfg.act
