================================================================================ 
Commit: 5e3f3b67b9a3e0ba7c33fc3d0457dc91c4f5f113 
Author: DCPAE SERVER <dcpae.server@intel.com> 
Date: Tue Feb 17 20:24:53 2026 -0800 
-------------------------------------------------------------------------------- 
"GNRWS GnrwsRp_PV_milestone_rel_Daily Daily Updating Version/ID: GNRSPWS.0.RPB.3664.P.02

Hsd-es-id: N/A"
Original commit date: Sun Feb 8 23:18:42 2026 -0800
Original commit hash: 88e1afb53bb5cadb32255d94ee5a2a2eea2b6e88

-------------------------------------------------------------------------------- 
[Changed Files]
GnrwsRpPkg/Tool/GenBiosId/BiosId.env
GnrwsRpPkg/Tool/GenBiosId/BiosIdD.env
GnrwsRpPkg/Tool/GenBiosId/BiosIdR.env
GnrwsRpPkg/Tool/GenBiosId/BiosIdS.env
GnrwsRpPkg/Tool/GenIfwiId/IfwiIdD.env
GnrwsRpPkg/Tool/GenIfwiId/IfwiIdR.env
GnrwsRpPkg/Tool/GenIfwiId/IfwiIdS.env

================================================================================ 
Commit: 3672d6cd5314cdc7c744d02017f7bf7739365227 
Author: DCPAE SERVER <dcpae.server@intel.com> 
Date: Tue Feb 17 20:24:47 2026 -0800 
-------------------------------------------------------------------------------- 
Revert MOR change from PV branch

Reverts commit 4540ad8d114ebad3d66162840a4993bbf88d3561.
Reverts commit 2b15599bfcd46ff3e80bfa73da6238a38a5150d4.

Hsd-es-id: 15019031251

Original commit date: Sun Feb 8 22:03:36 2026 -0800
Change-Id: Ib3c77eda37921323b55adc90c834de49ef619245
Original commit hash: b1bfc67ddd6e0c42ba7901acaab1753e9be11d67

-------------------------------------------------------------------------------- 
[Changed Files]
ServerPlatformPkg/Library/PeiMemoryPolicyUpdateLib/PeiMemoryPolicyUpdateLib.c

================================================================================ 
Commit: b63ee21058a67c83421d92a91343b038d9038ab0 
Author: DCPAE SERVER <dcpae.server@intel.com> 
Date: Tue Feb 17 20:24:40 2026 -0800 
-------------------------------------------------------------------------------- 
"GNRWS GnrwsRp_PV_milestone_rel_Daily Daily Updating Version/ID: GNRSPWS.0.RPB.3664.P.01

Hsd-es-id: N/A"
Original commit date: Tue Jan 27 19:18:58 2026 -0800
Original commit hash: be517a1933e8150d918824c20ee86cf14fc8be34

-------------------------------------------------------------------------------- 
[Changed Files]
GnrwsRpPkg/Tool/GenBiosId/BiosId.env
GnrwsRpPkg/Tool/GenBiosId/BiosIdD.env
GnrwsRpPkg/Tool/GenBiosId/BiosIdR.env
GnrwsRpPkg/Tool/GenBiosId/BiosIdS.env
GnrwsRpPkg/Tool/GenIfwiId/IfwiIdD.env
GnrwsRpPkg/Tool/GenIfwiId/IfwiIdR.env
GnrwsRpPkg/Tool/GenIfwiId/IfwiIdS.env

================================================================================ 
Commit: 953bb84ab2f8486b0d12bb9af387367c8bed2c55 
Author: DCPAE SERVER <dcpae.server@intel.com> 
Date: Tue Feb 17 20:24:34 2026 -0800 
-------------------------------------------------------------------------------- 
"GNRWS GnrwsRp_PV_milestone_rel_Daily Daily Updating Version/ID: GNRSPWS.0.RPB.3663.P.99

Hsd-es-id: N/A"
Original commit date: Tue Jan 27 08:40:57 2026 -0800
Original commit hash: 9894b098ce597401b31a2335c7582085a0656250

-------------------------------------------------------------------------------- 
[Changed Files]
GnrwsRpPkg/Tool/GenBiosId/BiosId.env
GnrwsRpPkg/Tool/GenBiosId/BiosIdD.env
GnrwsRpPkg/Tool/GenBiosId/BiosIdR.env
GnrwsRpPkg/Tool/GenBiosId/BiosIdS.env
GnrwsRpPkg/Tool/GenIfwiId/IfwiIdD.env
GnrwsRpPkg/Tool/GenIfwiId/IfwiIdR.env
GnrwsRpPkg/Tool/GenIfwiId/IfwiIdS.env

================================================================================ 
Commit: bc5c93e56aa2e9663ac930784e53ebb7b656befd 
Author: DCPAE SERVER <dcpae.server@intel.com> 
Date: Tue Feb 17 20:24:28 2026 -0800 
-------------------------------------------------------------------------------- 
"GNRWS GnrwsRp_PV_milestone_rel_Daily Daily Updating Version/ID: GNRSPWS.0.RPB.3663.P.98

Hsd-es-id: N/A"
Original commit date: Mon Jan 26 22:34:18 2026 -0800
Original commit hash: 89a2820d14e5dec7d9e106209beaa4c490e6d3a5

-------------------------------------------------------------------------------- 
[Changed Files]
GnrwsRpPkg/Tool/GenBiosId/BiosId.env
GnrwsRpPkg/Tool/GenBiosId/BiosIdD.env
GnrwsRpPkg/Tool/GenBiosId/BiosIdR.env
GnrwsRpPkg/Tool/GenBiosId/BiosIdS.env
GnrwsRpPkg/Tool/GenIfwiId/IfwiIdD.env
GnrwsRpPkg/Tool/GenIfwiId/IfwiIdR.env
GnrwsRpPkg/Tool/GenIfwiId/IfwiIdS.env

================================================================================ 
Commit: a629adb5ae62c3a897a6ae098a517b67551aadb9 
Author: DCPAE SERVER <dcpae.server@intel.com> 
Date: Tue Feb 17 20:24:21 2026 -0800 
-------------------------------------------------------------------------------- 
"GNRWS GnrwsRp_PV_milestone_rel_Daily Daily Updating Version/ID: GNRSPWS.0.RPB.3663.P.97

Hsd-es-id: N/A"
Original commit date: Wed Jan 7 18:14:45 2026 -0800
Original commit hash: a3ba4a64759cb152bd452ebf07dc3f0a0a7bb1a2

-------------------------------------------------------------------------------- 
[Changed Files]
GnrwsRpPkg/Tool/GenBiosId/BiosId.env
GnrwsRpPkg/Tool/GenBiosId/BiosIdD.env
GnrwsRpPkg/Tool/GenBiosId/BiosIdR.env
GnrwsRpPkg/Tool/GenBiosId/BiosIdS.env
GnrwsRpPkg/Tool/GenIfwiId/IfwiIdD.env
GnrwsRpPkg/Tool/GenIfwiId/IfwiIdR.env
GnrwsRpPkg/Tool/GenIfwiId/IfwiIdS.env

================================================================================ 
Commit: ce679c29554669ca6aa7e5e04d825e72c892f99a 
Author: DCPAE SERVER <dcpae.server@intel.com> 
Date: Tue Feb 17 20:24:15 2026 -0800 
-------------------------------------------------------------------------------- 
"GNRWS GnrwsRp_PV_milestone_rel_Daily Daily Updating Version/ID: GNRSPWS.0.RPB.3663.P.96

Hsd-es-id: N/A"
Original commit date: Wed Jan 7 07:08:19 2026 -0800
Original commit hash: fa68083df7693fccb4c37fb64eadb6914f21c18b

-------------------------------------------------------------------------------- 
[Changed Files]
GnrwsRpPkg/Tool/GenBiosId/BiosId.env
GnrwsRpPkg/Tool/GenBiosId/BiosIdD.env
GnrwsRpPkg/Tool/GenBiosId/BiosIdR.env
GnrwsRpPkg/Tool/GenBiosId/BiosIdS.env
GnrwsRpPkg/Tool/GenIfwiId/IfwiIdD.env
GnrwsRpPkg/Tool/GenIfwiId/IfwiIdR.env
GnrwsRpPkg/Tool/GenIfwiId/IfwiIdS.env

================================================================================ 
Commit: b148296f6e1532a706b01e9e36105c3d25205736 
Author: DCPAE SERVER <dcpae.server@intel.com> 
Date: Tue Feb 17 20:24:08 2026 -0800 
-------------------------------------------------------------------------------- 
"GNRWS GnrwsRp_PV_milestone_rel_Daily Daily Updating Version/ID: GNRSPWS.0.RPB.3663.P.95

Hsd-es-id: N/A"
Original commit date: Tue Jan 6 20:11:53 2026 -0800
Original commit hash: 04c585b9634bb6016a1b3cfd3ce43ff8feb4373a

-------------------------------------------------------------------------------- 
[Changed Files]
GnrwsRpPkg/Tool/GenBiosId/BiosId.env
GnrwsRpPkg/Tool/GenBiosId/BiosIdD.env
GnrwsRpPkg/Tool/GenBiosId/BiosIdR.env
GnrwsRpPkg/Tool/GenBiosId/BiosIdS.env
GnrwsRpPkg/Tool/GenIfwiId/IfwiIdD.env
GnrwsRpPkg/Tool/GenIfwiId/IfwiIdR.env
GnrwsRpPkg/Tool/GenIfwiId/IfwiIdS.env

================================================================================ 
Commit: d4d9d1198014d5acfda877b399852d732c33f18b 
Author: DCPAE SERVER <dcpae.server@intel.com> 
Date: Tue Feb 17 20:24:02 2026 -0800 
-------------------------------------------------------------------------------- 
"GNRWS GnrwsRp_PV_milestone_rel_Daily Daily Updating Version/ID: GNRSPWS.0.RPB.3663.P.94

Hsd-es-id: N/A"
Original commit date: Fri Jan 2 02:00:28 2026 -0800
Original commit hash: 081173b4b0e8086f2e864c9e45f009e6cbc37a61

-------------------------------------------------------------------------------- 
[Changed Files]
GnrwsRpPkg/Tool/GenBiosId/BiosId.env
GnrwsRpPkg/Tool/GenBiosId/BiosIdD.env
GnrwsRpPkg/Tool/GenBiosId/BiosIdR.env
GnrwsRpPkg/Tool/GenBiosId/BiosIdS.env
GnrwsRpPkg/Tool/GenIfwiId/IfwiIdD.env
GnrwsRpPkg/Tool/GenIfwiId/IfwiIdR.env
GnrwsRpPkg/Tool/GenIfwiId/IfwiIdS.env

================================================================================ 
Commit: 2c8573ce5be8a9fa55d841a6a1fb12cba2f8c30e 
Author: DCPAE SERVER <dcpae.server@intel.com> 
Date: Tue Feb 17 20:23:56 2026 -0800 
-------------------------------------------------------------------------------- 
"GNRWS GnrwsRp_PV_milestone_rel_Daily Daily Updating Version/ID: GNRSPWS.0.RPB.3663.P.93

Hsd-es-id: N/A"
Original commit date: Mon Dec 29 19:36:38 2025 -0800
Original commit hash: c082fe6fa9ee4810f18be30dad49f0f88a993e67

-------------------------------------------------------------------------------- 
[Changed Files]
GnrwsRpPkg/Tool/GenBiosId/BiosId.env
GnrwsRpPkg/Tool/GenBiosId/BiosIdD.env
GnrwsRpPkg/Tool/GenBiosId/BiosIdR.env
GnrwsRpPkg/Tool/GenBiosId/BiosIdS.env
GnrwsRpPkg/Tool/GenIfwiId/IfwiIdD.env
GnrwsRpPkg/Tool/GenIfwiId/IfwiIdR.env
GnrwsRpPkg/Tool/GenIfwiId/IfwiIdS.env

================================================================================ 
Commit: 0868097dfc41f91fcac909d91b6e1fa26a77a27d 
Author: DCPAE SERVER <dcpae.server@intel.com> 
Date: Tue Feb 17 20:23:50 2026 -0800 
-------------------------------------------------------------------------------- 
[GNRWS] Add boot mode check for MOR

[Issue Description]
Fail to capsule update due to memory wipe.

[Resolution]
Add a boot-mode check to prevent unintended memory wipe during firmware
capsule/flash updates. The code retrieves the current boot mode and
skips setting WipeMemory when the system is in BOOT_ON_FLASH_UPDATE,
while preserving the existing MOR clear-memory behavior for other boot
modes. This avoids clearing memory during an on-flash update sequence
and ensures the MOR control is still honored outside update scenarios.

[Package/Module]
ServerPlatformPkg

[Impacted Platform]
GNR WS

Hsd-es-id: 15018849114

Original commit date: Tue Dec 16 13:14:12 2025 +0800
Change-Id: I785d71ef59c73ed62f1d035a36e5840ed357d91c
Original commit hash: 4540ad8d114ebad3d66162840a4993bbf88d3561

-------------------------------------------------------------------------------- 
[Changed Files]
ServerPlatformPkg/Library/PeiMemoryPolicyUpdateLib/PeiMemoryPolicyUpdateLib.c

================================================================================ 
Commit: 5e4b439158b9822f6de4421dd44e0ceeb14c7d05 
Author: DCPAE SERVER <dcpae.server@intel.com> 
Date: Tue Feb 17 20:23:44 2026 -0800 
-------------------------------------------------------------------------------- 
Change in MOR(Memory Overwrite Request) State initialization from BIOS

[Feature Description]
Changing initialization of MOR variable

[Resolution]
Removing dependency of MorState initialization from SetupData->SystemConfig.MorState
which is not explicitly initialized but assumed to be 0.

Package/Module:ServerPlatformPkg

[Impacted Platform]
BHS

Hsd-es-id: 15018849070

Original commit date: Fri May 23 16:06:10 2025 -0700
Change-Id: I50859d7fd890fda699f2bc1d6f1f19e01a3d903a
Original commit hash: 2b15599bfcd46ff3e80bfa73da6238a38a5150d4

-------------------------------------------------------------------------------- 
[Changed Files]
ServerPlatformPkg/Library/PeiMemoryPolicyUpdateLib/PeiMemoryPolicyUpdateLib.c

================================================================================ 
Commit: 32d7c110978f5164aa39f9db4e34462e7276379d 
Author: DCPAE SERVER <dcpae.server@intel.com> 
Date: Tue Feb 17 20:23:37 2026 -0800 
-------------------------------------------------------------------------------- 
"GNRWS GnrwsRp_PV_milestone_rel_Daily Daily Updating Version/ID: GNRSPWS.0.RPB.3663.P.92

Hsd-es-id: N/A"
Original commit date: Tue Dec 23 22:18:36 2025 -0800
Original commit hash: 75db58aefb19478db77746c5c0a486234f7202ab

-------------------------------------------------------------------------------- 
[Changed Files]
GnrwsRpPkg/Tool/GenBiosId/BiosId.env
GnrwsRpPkg/Tool/GenBiosId/BiosIdD.env
GnrwsRpPkg/Tool/GenBiosId/BiosIdR.env
GnrwsRpPkg/Tool/GenBiosId/BiosIdS.env
GnrwsRpPkg/Tool/GenIfwiId/IfwiIdD.env
GnrwsRpPkg/Tool/GenIfwiId/IfwiIdR.env
GnrwsRpPkg/Tool/GenIfwiId/IfwiIdS.env

================================================================================ 
Commit: f507368f955b0109fe62e004322c9d6824d637fb 
Author: DCPAE SERVER <dcpae.server@intel.com> 
Date: Tue Feb 17 20:23:31 2026 -0800 
-------------------------------------------------------------------------------- 
"GNRWS GnrwsRp_PV_milestone_rel_Daily Daily Updating Version/ID: GNRSPWS.0.RPB.3663.P.91

Hsd-es-id: N/A"
Original commit date: Tue Dec 23 03:33:53 2025 -0800
Original commit hash: e29c9c680bdf8f942b593655856089fec970427e

-------------------------------------------------------------------------------- 
[Changed Files]
GnrwsRpPkg/Tool/GenBiosId/BiosId.env
GnrwsRpPkg/Tool/GenBiosId/BiosIdD.env
GnrwsRpPkg/Tool/GenBiosId/BiosIdR.env
GnrwsRpPkg/Tool/GenBiosId/BiosIdS.env
GnrwsRpPkg/Tool/GenIfwiId/IfwiIdD.env
GnrwsRpPkg/Tool/GenIfwiId/IfwiIdR.env
GnrwsRpPkg/Tool/GenIfwiId/IfwiIdS.env

================================================================================ 
Commit: 5130b7fe59671676e0b1a2c47c8f8d7108eb142f 
Author: DCPAE SERVER <dcpae.server@intel.com> 
Date: Tue Feb 17 20:23:24 2026 -0800 
-------------------------------------------------------------------------------- 
"GNRWS GnrwsRp_PV_milestone_rel_Daily Daily Updating Version/ID: GNRSPWS.0.RPB.3663.P.90

Hsd-es-id: N/A"
Original commit date: Wed Dec 17 20:38:31 2025 -0800
Original commit hash: 1c60874e3820ca221172f9c47bb7eca65d421e0c

-------------------------------------------------------------------------------- 
[Changed Files]
GnrwsRpPkg/Tool/GenBiosId/BiosId.env
GnrwsRpPkg/Tool/GenBiosId/BiosIdD.env
GnrwsRpPkg/Tool/GenBiosId/BiosIdR.env
GnrwsRpPkg/Tool/GenBiosId/BiosIdS.env
GnrwsRpPkg/Tool/GenIfwiId/IfwiIdD.env
GnrwsRpPkg/Tool/GenIfwiId/IfwiIdR.env
GnrwsRpPkg/Tool/GenIfwiId/IfwiIdS.env

================================================================================ 
Commit: fa87afd654b289e6f2ef07fc49d2e3e5ba389467 
Author: DCPAE SERVER <dcpae.server@intel.com> 
Date: Tue Feb 17 20:23:17 2026 -0800 
-------------------------------------------------------------------------------- 
"GNRWS GnrwsRp_PV_milestone_rel_Daily Daily Updating Version/ID: GNRSPWS.0.RPB.3663.P.89

Hsd-es-id: N/A"
Original commit date: Tue Dec 16 22:37:25 2025 -0800
Original commit hash: b8299303b246cf7b4fa3c81163c7d44de8d8a04d

-------------------------------------------------------------------------------- 
[Changed Files]
GnrwsRpPkg/Tool/GenBiosId/BiosId.env
GnrwsRpPkg/Tool/GenBiosId/BiosIdD.env
GnrwsRpPkg/Tool/GenBiosId/BiosIdR.env
GnrwsRpPkg/Tool/GenBiosId/BiosIdS.env
GnrwsRpPkg/Tool/GenIfwiId/IfwiIdD.env
GnrwsRpPkg/Tool/GenIfwiId/IfwiIdR.env
GnrwsRpPkg/Tool/GenIfwiId/IfwiIdS.env

================================================================================ 
Commit: 7df4d77d61b1c3278746349fe2c0784fc3354ff3 
Author: DCPAE SERVER <dcpae.server@intel.com> 
Date: Tue Feb 17 20:23:11 2026 -0800 
-------------------------------------------------------------------------------- 
[GNR WS][OC] 9200 MT/s MRC Support

[Feature Description]
Increased MRC support from 8000 MT/s to 9200 MT/s
Added BIOS knobs and required code for 8400 MT/s, 8800 MT/s, and 9200 MT/s, only for GNR-WS memory overclocking purposes.

Package/Module:
CpRcPkg
ServerPlatformPkg
ServerSiliconPkg

[Impacted Platform]
GRANITERAPIDS WORKSTATION

Hsd-es-id: 15018785927

Original commit date: Mon Sep 1 17:17:31 2025 +0530
Change-Id: Ic83bc2e76f582de2a031a672c1da571445763cd6
Original commit hash: 4e0c2a361f94175924239a058c639a441b8a3fae

-------------------------------------------------------------------------------- 
[Changed Files]
CpRcPkg/Include/Library/MemoryTrainingLib.h
CpRcPkg/Include/Memory/JedecDefinitions.h
CpRcPkg/Include/Memory/MemFreq.h
CpRcPkg/Library/BaseDdr5CoreLib/BaseDdr5CoreLib.inf
CpRcPkg/Library/BaseDdr5CoreLib/MemCaClk.c
CpRcPkg/Library/BaseDdr5CoreLib/MemJedecDdr5.c
CpRcPkg/Library/BaseMemoryCoreLib/Core/Mem/MemDisplay.c
CpRcPkg/Library/BaseMemoryCoreLib/Core/Mem/MemXMP.c
CpRcPkg/Library/BaseMemoryServicesLib/ConvenienceFunctions.c
CpRcPkg/Library/BaseMemoryServicesLib/MemStrings.c
CpRcPkg/Library/BaseMemoryTrainingLib/MemJedec.c
ServerPlatformPkg/Platform/Dxe/MemorySubClass/MemorySubClass.c
ServerPlatformPkg/Platform/Dxe/SocketSetup/MemorySetup.hfr
ServerPlatformPkg/Platform/Dxe/SocketSetup/MemorySetupStrings.uni
ServerSiliconPkg/Mem/Library/MemDdrioIpLib/Common/Include/MemDdrioIpLibDefinitions.h
ServerSiliconPkg/Mem/Library/MemDdrioIpLib/Gen3/Include/MemIoControl.h
ServerSiliconPkg/Mem/Library/MemDdrioIpLib/Gen3/MemChipDdrio.c
ServerSiliconPkg/Mem/Library/MemDdrioIpLib/Gen3/MemDdrioInitLib/22ww30e/Gnrws/bios-DdrioRegFlowInitClkDll.c
ServerSiliconPkg/Mem/Library/MemDdrioIpLib/Gen3/MemDdrioInitLib/22ww30e/Gnrws/bios-DdrioRegFlowInitCmdCh0.c
ServerSiliconPkg/Mem/Library/MemDdrioIpLib/Gen3/MemDdrioInitLib/22ww30e/Gnrws/bios-DdrioRegFlowInitCmdCh1.c
ServerSiliconPkg/Mem/Library/MemDdrioIpLib/Gen3/MemDdrioInitLib/22ww30e/Gnrws/bios-DdrioRegFlowInitComp.c
ServerSiliconPkg/Mem/Library/MemDdrioIpLib/Gen3/MemDdrioInitLib/22ww30e/Gnrws/bios-DdrioRegFlowInitDataCh0.c
ServerSiliconPkg/Mem/Library/MemDdrioIpLib/Gen3/MemDdrioInitLib/22ww30e/Gnrws/bios-DdrioRegFlowInitDataCh1.c
ServerSiliconPkg/Mem/Library/MemDdrioIpLib/Gen3/MemDdrioInitLib/22ww30e/Gnrws/bios-DdrioRegFlowInitIntfCh0.c
ServerSiliconPkg/Mem/Library/MemDdrioIpLib/Gen3/MemDdrioInitLib/22ww30e/Gnrws/bios-DdrioRegFlowInitIntfCh1.c
ServerSiliconPkg/Mem/Library/MemMcIpLib/Gen3/MemConfigMcSpecific.c
ServerSiliconPkg/Mem/Library/MemMcIpLib/Gen3/MemPowerManagement.c
ServerSiliconPkg/Mem/Library/MemMcIpLib/Gen3/MemRAS.c
ServerSiliconPkg/Mem/Library/MemTurnaroundTimingTableLib/MemTurnaroundTimingTable.c

================================================================================ 
Commit: ae6cd4ba980afed29c8e7624ab59849861dea42b 
Author: DCPAE SERVER <dcpae.server@intel.com> 
Date: Tue Feb 17 20:23:02 2026 -0800 
-------------------------------------------------------------------------------- 
[GnrWs] Fix for missing file download percentage

[Issue Description]
BIOS doesn't show download percentage during OCR HTTPS boot.

[Resolution]
Removed file size variable initialization from network callback.
It will be initialized once to 0 and then to correct value after
fetching file information.

Package/Module:
Features/Manageability/OneClickRecoveryFeaturePkg

[Impacted Platform]
GnrWs

Hsd-es-id: 15018786087

Original commit date: Thu Nov 13 11:48:41 2025 +0100
Change-Id: Ib8185cbe1617b8ef59813de464c8ce34acbe0c4b
Original commit hash: 02c77e6113644fdf67276f1c90d38d6f55f06360

-------------------------------------------------------------------------------- 
[Changed Files]
Features/Manageability/OneClickRecoveryFeaturePkg/OneClickRecovery/OcrHttpBootCallbackSupport.c

================================================================================ 
Commit: f3950fad31cff64ecfcfaf5c53c7ff366b92d2ce 
Author: DCPAE SERVER <dcpae.server@intel.com> 
Date: Tue Feb 17 20:22:56 2026 -0800 
-------------------------------------------------------------------------------- 
Fix MRDIMMs displaying as 'unknown' in SMBIOS Type17 table categories

[Feature Description]
MRDIMMs are incorrectly displayed as 'unknown' in the SMBIOS Type17
table for several categories, including Memory Type, Form Factor, and
Memory Technology. Additionally, the speed for MRDIMMs is displayed
inaccurately.

[Package/Module]
ServerPlatformPkg

[Impacted Platform]
GRANITE RAPIDS WORKSTATION
GRANITE RAPIDS AP
GRANITE RAPIDS SP
CLEAR WATER FOREST AP

Hsd-es-id: 16029162185

Original commit date: Tue Jul 8 12:30:15 2025 -0700
Change-Id: I77aba9feaee5b03ab8e8ca7937cad550b7108f7e
Original commit hash: c2f98ea1fc722230a201894aa6c373206825c4ce

-------------------------------------------------------------------------------- 
[Changed Files]
ServerPlatformPkg/Platform/Dxe/MemorySubClass/MemorySubClass.c
ServerPlatformPkg/Platform/Dxe/MemorySubClass/MemorySubClass.h

================================================================================ 
Commit: c9f202a1e7ebeb93d0b3d624cea46102f80aa9fe 
Author: DCPAE SERVER <dcpae.server@intel.com> 
Date: Tue Feb 17 20:22:50 2026 -0800 
-------------------------------------------------------------------------------- 
Fix GNR hang caused by PCIe SLDE error injection.

[Issue Description]
A GNR hang occurs when a PCIe SLDE error is injected due to an infinite
wait in the RasDebugLib. The hang prevents proper error handling and
system responsiveness during stress testing scenarios.

[Resolution]
Replace the infinite wait in RasDebugLib with a 2.5ms delay to ensure
timely error handling and system responsiveness. Introduce a flag to
track new uncore errors and trigger a new SMI when necessary.

[Package/Module]
BirchStreamFspPkg
ServerRasPkg
ServerSiliconPkg

[Impacted Platform]
GRANITE RAPIDS AP
GRANITE RAPIDS SP

Hsd-es-id: 16028921770

Original commit date: Wed Aug 6 12:10:03 2025 -0700
Change-Id: I2dd4180d797ed89aa2a338c65ae47469cd7343af
Original commit hash: 8b9d816001091239a3bb8ecc824cb043b1c659ff

-------------------------------------------------------------------------------- 
[Changed Files]
ServerRasPkg/Driver/Smm/Gen3/RasSmiHandler/RasSmiHandlerSmm.c
ServerRasPkg/Include/Library/IehRasLib.h
ServerRasPkg/Include/Library/RasDebugLib.h
ServerRasPkg/Library/BaseRasDebugLibSerialPort/BaseRasDebugLibSerialPort.inf
ServerRasPkg/Library/BaseRasDebugLibSerialPort/RasDebugLib.c
ServerRasPkg/Library/IehRasLib/IehErrorHandling.c
ServerRasPkg/Library/LibraryGen3/ProcessorRasLib/ProcessorErrorHandling.c
ServerRasPkg/Library/ProcessorRasLib/McaHandler.c
ServerRasPkg/Library/ProcessorRasLib/ProcessorRasLib.inf
ServerRasPkg/Library/RuntimeRasDebugLibSerialPort/RuntimeRasDebugLib.c
ServerSiliconPkg/Cpu/Include/Library/SmmCpuPlatformHookLib.h
ServerSiliconPkg/Include/Library/DebugRasLib.h
ServerSiliconPkg/Library/SmmCpuPlatformHookLib/SmmCpuPlatformHookLib.c
ServerSiliconPkg/Ras/Library/BaseRasDebugLibSerialPort/BaseRasDebugLibSerialPort.inf
ServerSiliconPkg/Ras/Library/BaseRasDebugLibSerialPort/RasDebugLib.c

================================================================================ 
Commit: 16186c82d465f8a36b5363d1baae7d09b01a763b 
Author: DCPAE SERVER <dcpae.server@intel.com> 
Date: Tue Feb 17 20:22:43 2026 -0800 
-------------------------------------------------------------------------------- 
[BHS][RAS] Page Fault Exception occurred during Runtime PPR handling

[Issue Description]
A page fault occurs during runtime PPR handling when SMM memory access
controls are enabled. The fault is triggered because SMM runtime code
calls GetSubChMaxStrobeValid(), which performs accesses that violate
memory protections, causing an exception when the SMM environment cannot
reach the required resources. The change captures SubChMaxStrobe earlier
in DXE and exposes it through the MEM_TOPOLOGY structure so SMM can read
a pre-populated value instead of invoking unsafe runtime helpers.

[Resolution]
Populate SubChMaxStrobe into MEM_TOPOLOGY during DXE and use
MemTopology->SubChMaxStrobe in SMM runtime instead of calling
GetSubChMaxStrobeValid() at runtime. Update initialization in
InitializeMemTopology to set SubChMaxStrobe and modify SMM routing logic
to read the value from MEM_TOPOLOGY. Add a debug log entry to verify the
populated value.

Package/Module:
ServerRasPkg

[Impacted Platform]
GRANITE RAPIDS AP,
GRANITERAPIDS SP

Hsd-es-id: 16029296434

Original commit date: Sun Oct 26 22:30:40 2025 -0700
Change-Id: I77ab62bd7b3ec5d0387001813b0614ca07753ed6
Original commit hash: 21edd12d81d25f1be1488ff3ce415e002e82782f

-------------------------------------------------------------------------------- 
[Changed Files]
ServerRasPkg/Include/Library/PlatMemTopologyLib.h
ServerRasPkg/Library/PlatMemTopoLib/PlatMemTopologyLib.c
ServerRasPkg/Library/SmmImcRoutingLib/RtSPPRRouting.c

================================================================================ 
Commit: cdfd11dfc03f9a254637f4acdef400357d701a12 
Author: DCPAE SERVER <dcpae.server@intel.com> 
Date: Tue Feb 17 20:22:36 2026 -0800 
-------------------------------------------------------------------------------- 
"GNRWS GnrwsRp_PV_milestone_rel_Daily Daily Updating Version/ID: GNRSPWS.0.RPB.3663.P.88

Hsd-es-id: N/A"
Original commit date: Mon Dec 8 18:22:53 2025 -0800
Original commit hash: b8511251ff4d7f7a4cc6fbec365686bd88f9ca2d

-------------------------------------------------------------------------------- 
[Changed Files]
GnrwsRpPkg/Tool/GenBiosId/BiosId.env
GnrwsRpPkg/Tool/GenBiosId/BiosIdD.env
GnrwsRpPkg/Tool/GenBiosId/BiosIdR.env
GnrwsRpPkg/Tool/GenBiosId/BiosIdS.env
GnrwsRpPkg/Tool/GenIfwiId/IfwiIdD.env
GnrwsRpPkg/Tool/GenIfwiId/IfwiIdR.env
GnrwsRpPkg/Tool/GenIfwiId/IfwiIdS.env

================================================================================ 
Commit: 54a2ab6f6db3987f058f52b815fe56b5960aadbc 
Author: DCPAE SERVER <dcpae.server@intel.com> 
Date: Tue Feb 17 20:22:29 2026 -0800 
-------------------------------------------------------------------------------- 
Remove unused method in EcQevent.asl

[Issue Description]
Q events other than HID related are not needed,
and may cause unexpected errors or warnings.

[Resolution]
Remove Q Events except QD5 and QD6

Package/Module: GnrwsRpPkg

[Impacted Platform]
GRANITE RAPIDS WORKSTATION

Hsd-es-id: 15018742587

Original commit date: Wed Dec 3 14:57:03 2025 +0800
Change-Id: I7efb59b66d26d6473002a04a67791ab7f71db14d
Original commit hash: fe5f4b7b0078972f4ca3255a78172d457bdf0137

-------------------------------------------------------------------------------- 
[Changed Files]
GnrwsRpPkg/Features/Ec/EcFeaturePkg/AcpiTables/EcSsdt/EcQevent.asl

================================================================================ 
Commit: 195cc24e7354b1811257a56056ba940893dce0d2 
Author: DCPAE SERVER <dcpae.server@intel.com> 
Date: Tue Feb 17 20:22:22 2026 -0800 
-------------------------------------------------------------------------------- 
"GNRWS GnrwsRp_PV_milestone_rel_Daily Daily Updating Version/ID: GNRSPWS.0.RPB.3663.P.87

Hsd-es-id: N/A"
Original commit date: Sun Nov 30 19:49:45 2025 -0800
Original commit hash: e384a6e8c703dab6311869b0eda1236f5262188b

-------------------------------------------------------------------------------- 
[Changed Files]
GnrwsRpPkg/Tool/GenBiosId/BiosId.env
GnrwsRpPkg/Tool/GenBiosId/BiosIdD.env
GnrwsRpPkg/Tool/GenBiosId/BiosIdR.env
GnrwsRpPkg/Tool/GenBiosId/BiosIdS.env
GnrwsRpPkg/Tool/GenIfwiId/IfwiIdD.env
GnrwsRpPkg/Tool/GenIfwiId/IfwiIdR.env
GnrwsRpPkg/Tool/GenIfwiId/IfwiIdS.env

================================================================================ 
Commit: 944f4a4701ec7fdba62f23ee998e570a311c13aa 
Author: DCPAE SERVER <dcpae.server@intel.com> 
Date: Tue Feb 17 20:21:55 2026 -0800 
-------------------------------------------------------------------------------- 
"GNRWS GnrwsRp_PV_milestone_rel_Daily Daily Updating Version/ID: GNRSPWS.0.RPB.3663.P.86

Hsd-es-id: N/A"
Original commit date: Thu Nov 27 21:58:29 2025 -0800
Original commit hash: 74d2e4b189006cf88412c471f50e72a7cb9311b0

-------------------------------------------------------------------------------- 
[Changed Files]
BirchStreamFspPkg/BirchStreamFvLateSilicon.fdf
BirchStreamFspPkg/GnrwsFspPkg.fdf
Features/ServerAcpiFeaturePkg/Include/PostMemory.fdf
Features/ServerIpmiFeaturePkg/Include/PostMemory.fdf
GnrwsRpPkg/Tool/BoardInfo/GNRWS/HID/HidPlatformEventDev.asl
ServerPlatformPkg/Features/Acpi/AcpiTables/Msct/Msct.aslc
ServerPlatformPkg/Features/Acpi/AcpiTables/Wsmt/Wsmt.aslc
ServerSiliconPkg/Iio/LibraryPrivate/IioPcieLib/IioPcieEwl.c
ServerSiliconPkg/Product/BirchStream/LateSiliconFvDxe.fdf
