================================================================================ 
Commit: 71563bf9e96bbf314bebf4cae1a757fba105f6bb 
Author: ClientSysFWGit <clientsysfwgit@intel.com> 
Date: Mon Feb 23 12:30:54 2026 +0530 
-------------------------------------------------------------------------------- 
Added Doxygen folder and license.txt file for ARL-S/Hx Refresh label 6062_00.

-------------------------------------------------------------------------------- 
[Changed Files]
ClientOneSiliconPkg/SiPkg.dec
Doxygen/BoardApi.chm
Doxygen/FspApi.chm
Doxygen/MeteorLake_FSP_Integration_Guide.chm
Doxygen/MeteorLake_FSP_Integration_Guide.pdf
Doxygen/PlatApi.chm
Doxygen/SiPkgApi.chm
LICENSE.txt

================================================================================ 
Commit: 34ca2f57f80f80ab30c89ec2fc8d5a8424d9960c 
Author: ClientSysFWGit <clientsysfwgit@intel.com> 
Date: Mon Feb 23 10:47:01 2026 +0530 
-------------------------------------------------------------------------------- 
"MTL MeteorLakeJenkins_arrowlake_s_program_platform_Daily Daily Updating Version/ID: MeteorLake_6062_00

Hsd-es-id: N/A"
Original commit date: Wed Feb 4 05:10:45 2026 +0000
Original commit hash: c036a94a0525648f7ab26a9de22fdf1e319d04b8

-------------------------------------------------------------------------------- 
[Changed Files]
ClientOneSiliconPkg/Product/MeteorLake/SiPkgPcdInit.dsc
MeteorLakeBoardPkg/BiosId.env
MeteorLakeFspPkg/FspPkgPcdInit.dsc

================================================================================ 
Commit: 9f2182a452f93c7356b2c53a590e69186c326456 
Author: ClientSysFWGit <clientsysfwgit@intel.com> 
Date: Mon Feb 23 10:46:48 2026 +0530 
-------------------------------------------------------------------------------- 
Remove EnableInt3400Device from Setup Menu Configuration

[Issue Description]
Remove Enable/Disable option for IPF Setup menu option

[Resolution]
To remove the Referencing variable from setup Knob which in returns resolves adaptive policy in UI

Package/Module: PlatsamplePkg

[Impacted Platform]
Default ALL

Hsd-es-id: 15018982249
Original commit date: Wed Jan 28 11:58:31 2026 +0530
Change-Id: I6008013660ea2f0a5951d60b1f25bac0f6f6fe93
Original commit hash: a0c5beb3a0b04be416b9d9cad35ed24239cefefb

-------------------------------------------------------------------------------- 
[Changed Files]
Features/Thermal/DptfFeaturePkg/DptfInstallTableDxe/Dptf.c
Features/Thermal/DptfFeaturePkg/Include/DptfConfig.h

================================================================================ 
Commit: c1252020e79fd3fe496cf77b100fcf084ed4ec2c 
Author: ClientSysFWGit <clientsysfwgit@intel.com> 
Date: Mon Feb 23 10:46:34 2026 +0530 
-------------------------------------------------------------------------------- 
[PCH] Fix auto wake

[Issue Description]
S3(sleep)/S4(Hibernate) would wake up automatically
 when we replug USB device in Windows 11

[Resolution]
Prioritize to check XHCI controller, arragement XHCI
condition check to the first.

Package/Module:
ClientOneSiliconPkg

[Impacted Platform]
S

Hsd-es-id: 16028950981
Original commit date: Fri Oct 17 04:53:20 2025 +0000
Change-Id: I6bb43d1356067a929549523f6d6a953ecd3cb26f
Original commit hash: 18db061311cc454b46f51a382b46782571f0d35c

-------------------------------------------------------------------------------- 
[Changed Files]
ClientOneSiliconPkg/Fru/MtlPch/Include/AcpiTables/Pch/PchGpeSsdt.asl

================================================================================ 
Commit: b681e4d0727e9ee3622a9c3d071cdb45e9727eea 
Author: ClientSysFWGit <clientsysfwgit@intel.com> 
Date: Mon Feb 23 10:46:20 2026 +0530 
-------------------------------------------------------------------------------- 
[PCH] Add SoundWire multilane support for desktop SKUs

[Issue Description]
Option to program SoundWire#0 multilane is visible but the GPIOs for the
multilane function are not programmed.

[Resolution]
Add SoundWire multilane support for desktop SKUs.

Package/Module:
ClientOneSiliconPkg/Fru/MtlPch

[Impacted Platform]
ARL-S, ARL-Hx

Hsd-es-id: 18044110204
Original commit date: Mon Jan 5 15:16:27 2026 +0000
Change-Id: Idc5a058e844bce19cb077b4b2f5ca37ff1bd42c0
Original commit hash: d6a8d17399ba68ddaa2dbdb8d1e2b9b5f2d7944c

-------------------------------------------------------------------------------- 
[Changed Files]
ClientOneSiliconPkg/Fru/MtlPch/Include/Library/MtlPchGpioNativeLib.h
ClientOneSiliconPkg/Fru/MtlPch/Library/MtlPchGpioNativeLib/MtlPchGpioNativeLib.c
ClientOneSiliconPkg/Fru/MtlPch/LibraryPrivate/PeiMtlPchInitLib/MtlPchAceInit.c

================================================================================ 
Commit: b0ab003e3385d9cff2c23f647150f1408e0c6e07 
Author: ClientSysFWGit <clientsysfwgit@intel.com> 
Date: Mon Feb 23 10:46:02 2026 +0530 
-------------------------------------------------------------------------------- 
"MTL MeteorLakeJenkins_arrowlake_s_program_platform_Daily Daily Updating Version/ID: MeteorLake_6011_00

Hsd-es-id: N/A"
Original commit date: Mon Dec 29 09:52:07 2025 +0000
Original commit hash: 43957e3423c6177b86465402f6cc1bfd27ee6c60

-------------------------------------------------------------------------------- 
[Changed Files]
ClientOneSiliconPkg/SiPkg.dec
Doxygen/BoardApi.chm
Doxygen/FspApi.chm
Doxygen/MeteorLake_FSP_Integration_Guide.chm
Doxygen/MeteorLake_FSP_Integration_Guide.pdf
Doxygen/PlatApi.chm
Doxygen/SiPkgApi.chm
LICENSE.txt
